Component: ARM Compiler 5.06 update 3 (build 300) Tool: armlink [4d35c9]

==============================================================================

Section Cross References

    stm32f3xx_hal_cortex.o(i.HAL_NVIC_GetPriorityGrouping) refers to stm32f3xx_hal_cortex.o(i.NVIC_GetPriorityGrouping) for NVIC_GetPriorityGrouping
    stm32f3xx_hal_cortex.o(i.HAL_NVIC_SetPriority) refers to stm32f3xx_hal_cortex.o(i.NVIC_GetPriorityGrouping) for NVIC_GetPriorityGrouping
    stm32f3xx_hal_cortex.o(i.HAL_NVIC_SetPriority) refers to stm32f3xx_hal_cortex.o(i.NVIC_SetPriority) for NVIC_SetPriority
    stm32f3xx_hal_cortex.o(i.HAL_SYSTICK_Config) refers to stm32f3xx_hal_cortex.o(i.NVIC_SetPriority) for NVIC_SetPriority
    stm32f3xx_hal_cortex.o(i.HAL_SYSTICK_IRQHandler) refers to stm32f3xx_hal_cortex.o(i.HAL_SYSTICK_Callback) for HAL_SYSTICK_Callback
    stm32f3xx_hal_pwr_ex.o(i.HAL_PWR_PVD_IRQHandler) refers to stm32f3xx_hal_pwr_ex.o(i.HAL_PWR_PVDCallback) for HAL_PWR_PVDCallback
    stm32f3xx_hal_dma.o(i.HAL_DMA_Abort) refers to stm32f3xx_hal.o(i.HAL_GetTick) for HAL_GetTick
    stm32f3xx_hal_dma.o(i.HAL_DMA_PollForTransfer) refers to stm32f3xx_hal.o(i.HAL_GetTick) for HAL_GetTick
    stm32f3xx_hal_dma.o(i.HAL_DMA_Start) refers to stm32f3xx_hal_dma.o(i.DMA_SetConfig) for DMA_SetConfig
    stm32f3xx_hal_dma.o(i.HAL_DMA_Start_IT) refers to stm32f3xx_hal_dma.o(i.DMA_SetConfig) for DMA_SetConfig
    stm32f3xx_hal_rcc.o(i.HAL_RCC_ClockConfig) refers to stm32f3xx_hal.o(i.HAL_GetTick) for HAL_GetTick
    stm32f3xx_hal_rcc.o(i.HAL_RCC_ClockConfig) refers to stm32f3xx_hal_rcc.o(i.HAL_RCC_GetSysClockFreq) for HAL_RCC_GetSysClockFreq
    stm32f3xx_hal_rcc.o(i.HAL_RCC_ClockConfig) refers to stm32f3xx_hal.o(i.HAL_InitTick) for HAL_InitTick
    stm32f3xx_hal_rcc.o(i.HAL_RCC_ClockConfig) refers to system_stm32f3xx.o(.constdata) for AHBPrescTable
    stm32f3xx_hal_rcc.o(i.HAL_RCC_ClockConfig) refers to system_stm32f3xx.o(.data) for SystemCoreClock
    stm32f3xx_hal_rcc.o(i.HAL_RCC_DeInit) refers to system_stm32f3xx.o(.data) for SystemCoreClock
    stm32f3xx_hal_rcc.o(i.HAL_RCC_GetHCLKFreq) refers to system_stm32f3xx.o(.data) for SystemCoreClock
    stm32f3xx_hal_rcc.o(i.HAL_RCC_GetPCLK1Freq) refers to stm32f3xx_hal_rcc.o(i.HAL_RCC_GetHCLKFreq) for HAL_RCC_GetHCLKFreq
    stm32f3xx_hal_rcc.o(i.HAL_RCC_GetPCLK1Freq) refers to system_stm32f3xx.o(.constdata) for APBPrescTable
    stm32f3xx_hal_rcc.o(i.HAL_RCC_GetPCLK2Freq) refers to stm32f3xx_hal_rcc.o(i.HAL_RCC_GetHCLKFreq) for HAL_RCC_GetHCLKFreq
    stm32f3xx_hal_rcc.o(i.HAL_RCC_GetPCLK2Freq) refers to system_stm32f3xx.o(.constdata) for APBPrescTable
    stm32f3xx_hal_rcc.o(i.HAL_RCC_GetSysClockFreq) refers to stm32f3xx_hal_rcc.o(.constdata) for aPLLMULFactorTable
    stm32f3xx_hal_rcc.o(i.HAL_RCC_MCOConfig) refers to memseta.o(.text) for __aeabi_memclr4
    stm32f3xx_hal_rcc.o(i.HAL_RCC_MCOConfig) refers to stm32f3xx_hal_gpio.o(i.HAL_GPIO_Init) for HAL_GPIO_Init
    stm32f3xx_hal_rcc.o(i.HAL_RCC_NMI_IRQHandler) refers to stm32f3xx_hal_rcc.o(i.HAL_RCC_CSSCallback) for HAL_RCC_CSSCallback
    stm32f3xx_hal_rcc.o(i.HAL_RCC_OscConfig) refers to stm32f3xx_hal.o(i.HAL_GetTick) for HAL_GetTick
    stm32f3xx_hal_rcc_ex.o(i.HAL_RCCEx_GetPeriphCLKFreq) refers to memcpya.o(.text) for __aeabi_memcpy4
    stm32f3xx_hal_rcc_ex.o(i.HAL_RCCEx_GetPeriphCLKFreq) refers to stm32f3xx_hal_rcc.o(i.HAL_RCC_GetPCLK2Freq) for HAL_RCC_GetPCLK2Freq
    stm32f3xx_hal_rcc_ex.o(i.HAL_RCCEx_GetPeriphCLKFreq) refers to stm32f3xx_hal_rcc.o(i.HAL_RCC_GetSysClockFreq) for HAL_RCC_GetSysClockFreq
    stm32f3xx_hal_rcc_ex.o(i.HAL_RCCEx_GetPeriphCLKFreq) refers to stm32f3xx_hal_rcc.o(i.HAL_RCC_GetPCLK1Freq) for HAL_RCC_GetPCLK1Freq
    stm32f3xx_hal_rcc_ex.o(i.HAL_RCCEx_GetPeriphCLKFreq) refers to stm32f3xx_hal_rcc_ex.o(i.RCC_GetPLLCLKFreq) for RCC_GetPLLCLKFreq
    stm32f3xx_hal_rcc_ex.o(i.HAL_RCCEx_GetPeriphCLKFreq) refers to stm32f3xx_hal_rcc_ex.o(.constdata) for .constdata
    stm32f3xx_hal_rcc_ex.o(i.HAL_RCCEx_GetPeriphCLKFreq) refers to system_stm32f3xx.o(.data) for SystemCoreClock
    stm32f3xx_hal_rcc_ex.o(i.HAL_RCCEx_PeriphCLKConfig) refers to stm32f3xx_hal.o(i.HAL_GetTick) for HAL_GetTick
    stm32f3xx_hal_i2c.o(i.HAL_I2C_DeInit) refers to stm32f3xx_hal_msp.o(i.HAL_I2C_MspDeInit) for HAL_I2C_MspDeInit
    stm32f3xx_hal_i2c.o(i.HAL_I2C_DisableListen_IT) refers to stm32f3xx_hal_i2c.o(i.I2C_Disable_IRQ) for I2C_Disable_IRQ
    stm32f3xx_hal_i2c.o(i.HAL_I2C_ER_IRQHandler) refers to stm32f3xx_hal_i2c.o(i.I2C_ITError) for I2C_ITError
    stm32f3xx_hal_i2c.o(i.HAL_I2C_EnableListen_IT) refers to stm32f3xx_hal_i2c.o(i.I2C_Enable_IRQ) for I2C_Enable_IRQ
    stm32f3xx_hal_i2c.o(i.HAL_I2C_EnableListen_IT) refers to stm32f3xx_hal_i2c.o(i.I2C_Slave_ISR_IT) for I2C_Slave_ISR_IT
    stm32f3xx_hal_i2c.o(i.HAL_I2C_Init) refers to stm32f3xx_hal_msp.o(i.HAL_I2C_MspInit) for HAL_I2C_MspInit
    stm32f3xx_hal_i2c.o(i.HAL_I2C_IsDeviceReady) refers to stm32f3xx_hal.o(i.HAL_GetTick) for HAL_GetTick
[...]
    i.HAL_PCDEx_SetConnectionState           0x08000fe4   Section        0  usbd_conf.o(i.HAL_PCDEx_SetConnectionState)
    i.HAL_PCD_DataInStageCallback            0x08000fe6   Section        0  usbd_conf.o(i.HAL_PCD_DataInStageCallback)
    i.HAL_PCD_DataOutStageCallback           0x08001006   Section        0  usbd_conf.o(i.HAL_PCD_DataOutStageCallback)
    i.HAL_PCD_EP_Close                       0x08001026   Section        0  stm32f3xx_hal_pcd.o(i.HAL_PCD_EP_Close)
    i.HAL_PCD_EP_ClrStall                    0x080012d8   Section        0  stm32f3xx_hal_pcd.o(i.HAL_PCD_EP_ClrStall)
    i.HAL_PCD_EP_GetRxCount                  0x080013f8   Section        0  stm32f3xx_hal_pcd.o(i.HAL_PCD_EP_GetRxCount)
    i.HAL_PCD_EP_Open                        0x08001410   Section        0  stm32f3xx_hal_pcd.o(i.HAL_PCD_EP_Open)
    i.HAL_PCD_EP_Receive                     0x08001926   Section        0  stm32f3xx_hal_pcd.o(i.HAL_PCD_EP_Receive)
    i.HAL_PCD_EP_SetStall                    0x08001a78   Section        0  stm32f3xx_hal_pcd.o(i.HAL_PCD_EP_SetStall)
    i.HAL_PCD_EP_Transmit                    0x08001b62   Section        0  stm32f3xx_hal_pcd.o(i.HAL_PCD_EP_Transmit)
    i.HAL_PCD_IRQHandler                     0x08001c9a   Section        0  stm32f3xx_hal_pcd.o(i.HAL_PCD_IRQHandler)
    i.HAL_PCD_Init                           0x08001dfe   Section        0  stm32f3xx_hal_pcd.o(i.HAL_PCD_Init)
    i.HAL_PCD_MspInit                        0x08001f14   Section        0  usbd_conf.o(i.HAL_PCD_MspInit)
    i.HAL_PCD_ResetCallback                  0x08001f58   Section        0  usbd_conf.o(i.HAL_PCD_ResetCallback)
    i.HAL_PCD_ResumeCallback                 0x08001f82   Section        0  usbd_conf.o(i.HAL_PCD_ResumeCallback)
    i.HAL_PCD_SOFCallback                    0x08001f90   Section        0  usbd_conf.o(i.HAL_PCD_SOFCallback)
    i.HAL_PCD_SetAddress                     0x08001f9e   Section        0  stm32f3xx_hal_pcd.o(i.HAL_PCD_SetAddress)
    i.HAL_PCD_SetupStageCallback             0x08001fd4   Section        0  usbd_conf.o(i.HAL_PCD_SetupStageCallback)
    i.HAL_PCD_Start                          0x08001fe6   Section        0  stm32f3xx_hal_pcd.o(i.HAL_PCD_Start)
    i.HAL_PCD_SuspendCallback                0x08001ff8   Section        0  usbd_conf.o(i.HAL_PCD_SuspendCallback)
    i.HAL_RCCEx_PeriphCLKConfig              0x0800201c   Section        0  stm32f3xx_hal_rcc_ex.o(i.HAL_RCCEx_PeriphCLKConfig)
    i.HAL_RCC_ClockConfig                    0x080023c8   Section        0  stm32f3xx_hal_rcc.o(i.HAL_RCC_ClockConfig)
    i.HAL_RCC_GetHCLKFreq                    0x080026b4   Section        0  stm32f3xx_hal_rcc.o(i.HAL_RCC_GetHCLKFreq)
    i.HAL_RCC_GetSysClockFreq                0x080026c0   Section        0  stm32f3xx_hal_rcc.o(i.HAL_RCC_GetSysClockFreq)
    i.HAL_RCC_OscConfig                      0x08002754   Section        0  stm32f3xx_hal_rcc.o(i.HAL_RCC_OscConfig)
    i.HAL_SPI_Init                           0x0800315c   Section        0  stm32f3xx_hal_spi.o(i.HAL_SPI_Init)
    i.HAL_SPI_MspInit                        0x0800322c   Section        0  stm32f3xx_hal_msp.o(i.HAL_SPI_MspInit)
    i.HAL_SPI_TransmitReceive                0x080032a0   Section        0  stm32f3xx_hal_spi.o(i.HAL_SPI_TransmitReceive)
    i.HAL_SYSTICK_CLKSourceConfig            0x080035e4   Section        0  stm32f3xx_hal_cortex.o(i.HAL_SYSTICK_CLKSourceConfig)
    i.HAL_SYSTICK_Callback                   0x0800360c   Section        0  stm32f3xx_hal_cortex.o(i.HAL_SYSTICK_Callback)
    i.HAL_SYSTICK_Config                     0x0800360e   Section        0  stm32f3xx_hal_cortex.o(i.HAL_SYSTICK_Config)
    i.HAL_SYSTICK_IRQHandler                 0x08003642   Section        0  stm32f3xx_hal_cortex.o(i.HAL_SYSTICK_IRQHandler)
    i.HardFault_Handler                      0x0800364a   Section        0  stm32f3xx_it.o(i.HardFault_Handler)
    i.I2C_Flush_TXDR                         0x0800364e   Section        0  stm32f3xx_hal_i2c.o(i.I2C_Flush_TXDR)
    I2C_Flush_TXDR                           0x0800364f   Thumb Code    40  stm32f3xx_hal_i2c.o(i.I2C_Flush_TXDR)
    i.I2C_IsAcknowledgeFailed                0x08003678   Section        0  stm32f3xx_hal_i2c.o(i.I2C_IsAcknowledgeFailed)
    I2C_IsAcknowledgeFailed                  0x08003679   Thumb Code   136  stm32f3xx_hal_i2c.o(i.I2C_IsAcknowledgeFailed)
    i.I2C_TransferConfig                     0x08003704   Section        0  stm32f3xx_hal_i2c.o(i.I2C_TransferConfig)
    I2C_TransferConfig                       0x08003705   Thumb Code    42  stm32f3xx_hal_i2c.o(i.I2C_TransferConfig)
    i.I2C_WaitOnFlagUntilTimeout             0x08003734   Section        0  stm32f3xx_hal_i2c.o(i.I2C_WaitOnFlagUntilTimeout)
    I2C_WaitOnFlagUntilTimeout               0x08003735   Thumb Code    86  stm32f3xx_hal_i2c.o(i.I2C_WaitOnFlagUntilTimeout)
    i.I2C_WaitOnRXNEFlagUntilTimeout         0x0800378c   Section        0  stm32f3xx_hal_i2c.o(i.I2C_WaitOnRXNEFlagUntilTimeout)
    I2C_WaitOnRXNEFlagUntilTimeout           0x0800378d   Thumb Code   138  stm32f3xx_hal_i2c.o(i.I2C_WaitOnRXNEFlagUntilTimeout)
    i.I2C_WaitOnSTOPFlagUntilTimeout         0x0800381c   Section        0  stm32f3xx_hal_i2c.o(i.I2C_WaitOnSTOPFlagUntilTimeout)
    I2C_WaitOnSTOPFlagUntilTimeout           0x0800381d   Thumb Code    86  stm32f3xx_hal_i2c.o(i.I2C_WaitOnSTOPFlagUntilTimeout)
    i.I2C_WaitOnTXISFlagUntilTimeout         0x08003872   Section        0  stm32f3xx_hal_i2c.o(i.I2C_WaitOnTXISFlagUntilTimeout)
    I2C_WaitOnTXISFlagUntilTimeout           0x08003873   Thumb Code    90  stm32f3xx_hal_i2c.o(i.I2C_WaitOnTXISFlagUntilTimeout)
    i.LIS3DSH_Detect                         0x080038cc   Section        0  i2c_lis3dsh.o(i.LIS3DSH_Detect)
    i.LIS3DSH_INT_Delay                      0x080038f4   Section        0  i2c_lis3dsh.o(i.LIS3DSH_INT_Delay)
    i.LIS3DSH_INT_InitLIS3DSH                0x08003908   Section        0  i2c_lis3dsh.o(i.LIS3DSH_INT_InitLIS3DSH)
    i.LIS3DSH_INT_Read                       0x080039d0   Section        0  i2c_lis3dsh.o(i.LIS3DSH_INT_Read)
    i.LIS3DSH_INT_ReadAxes                   0x08003a18   Section        0  i2c_lis3dsh.o(i.LIS3DSH_INT_ReadAxes)
    i.LIS3DSH_INT_Write                      0x08003aec   Section        0  i2c_lis3dsh.o(i.LIS3DSH_INT_Write)
    i.LIS3DSH_Init                           0x08003b2c   Section        0  i2c_lis3dsh.o(i.LIS3DSH_Init)
    i.LIS3DSH_ReadAxes                       0x08003b58   Section        0  i2c_lis3dsh.o(i.LIS3DSH_ReadAxes)
    i.MX_GPIO_Init                           0x08003b78   Section        0  main.o(i.MX_GPIO_Init)
    MX_GPIO_Init                             0x08003b79   Thumb Code   298  main.o(i.MX_GPIO_Init)
    i.MX_I2C1_Init                           0x08003cb8   Section        0  main.o(i.MX_I2C1_Init)
    MX_I2C1_Init                             0x08003cb9   Thumb Code    60  main.o(i.MX_I2C1_Init)
    i.MX_SPI2_Init                           0x08003d00   Section        0  main.o(i.MX_SPI2_Init)
    MX_SPI2_Init                             0x08003d01   Thumb Code    72  main.o(i.MX_SPI2_Init)
    i.MX_USB_DEVICE_Init                     0x08003d50   Section        0  usb_device.o(i.MX_USB_DEVICE_Init)
    i.MemManage_Handler                      0x08003d84   Section        0  stm32f3xx_it.o(i.MemManage_Handler)
    i.NMI_Handler                            0x08003d88   Section        0  stm32f3xx_it.o(i.NMI_Handler)
    i.NVIC_GetPriorityGrouping               0x08003d8c   Section        0  stm32f3xx_hal_cortex.o(i.NVIC_GetPriorityGrouping)
    NVIC_GetPriorityGrouping                 0x08003d8d   Thumb Code    10  stm32f3xx_hal_cortex.o(i.NVIC_GetPriorityGrouping)
    i.NVIC_SetPriority                       0x08003d9c   Section        0  stm32f3xx_hal_cortex.o(i.NVIC_SetPriority)
    NVIC_SetPriority                         0x08003d9d   Thumb Code    32  stm32f3xx_hal_cortex.o(i.NVIC_SetPriority)
    i.PCD_EP_ISR_Handler                     0x08003dc4   Section        0  stm32f3xx_hal_pcd.o(i.PCD_EP_ISR_Handler)
    PCD_EP_ISR_Handler                       0x08003dc5   Thumb Code  1068  stm32f3xx_hal_pcd.o(i.PCD_EP_ISR_Handler)
    i.PCD_ReadPMA                            0x080041f0   Section        0  stm32f3xx_hal_pcd_ex.o(i.PCD_ReadPMA)
    i.PCD_WritePMA                           0x08004212   Section        0  stm32f3xx_hal_pcd_ex.o(i.PCD_WritePMA)
    i.PendSV_Handler                         0x08004246   Section        0  stm32f3xx_it.o(i.PendSV_Handler)
    i.SD_Detect                              0x08004248   Section        0  spi_sd.o(i.SD_Detect)
    i.SD_GetCIDRegister                      0x08004268   Section        0  spi_sd.o(i.SD_GetCIDRegister)
    i.SD_GetCSDRegister                      0x08004380   Section        0  spi_sd.o(i.SD_GetCSDRegister)
    i.SD_GetCardInfo                         0x08004598   Section        0  spi_sd.o(i.SD_GetCardInfo)
    i.SD_GetDataResponse                     0x080045d6   Section        0  spi_sd.o(i.SD_GetDataResponse)
    i.SD_GetResponse                         0x08004622   Section        0  spi_sd.o(i.SD_GetResponse)
    i.SD_GoIdleState                         0x08004644   Section        0  spi_sd.o(i.SD_GoIdleState)
    i.SD_Init                                0x080047b0   Section        0  spi_sd.o(i.SD_Init)
    i.SD_ReadBlock                           0x080047e0   Section        0  spi_sd.o(i.SD_ReadBlock)
    i.SD_ReadByte                            0x08004874   Section        0  spi_sd.o(i.SD_ReadByte)
    i.SD_SendCmd                             0x08004894   Section        0  spi_sd.o(i.SD_SendCmd)
    i.SD_WriteBlock                          0x080048dc   Section        0  spi_sd.o(i.SD_WriteBlock)
    i.SD_WriteByte                           0x08004980   Section        0  spi_sd.o(i.SD_WriteByte)
    i.SPI_EndRxTxTransaction                 0x080049a0   Section        0  stm32f3xx_hal_spi.o(i.SPI_EndRxTxTransaction)
    SPI_EndRxTxTransaction                   0x080049a1   Thumb Code    64  stm32f3xx_hal_spi.o(i.SPI_EndRxTxTransaction)
    i.SPI_WaitFifoStateUntilTimeout          0x080049e0   Section        0  stm32f3xx_hal_spi.o(i.SPI_WaitFifoStateUntilTimeout)
    SPI_WaitFifoStateUntilTimeout            0x080049e1   Thumb Code   180  stm32f3xx_hal_spi.o(i.SPI_WaitFifoStateUntilTimeout)
    i.SPI_WaitFlagStateUntilTimeout          0x08004a94   Section        0  stm32f3xx_hal_spi.o(i.SPI_WaitFlagStateUntilTimeout)
    SPI_WaitFlagStateUntilTimeout            0x08004a95   Thumb Code   162  stm32f3xx_hal_spi.o(i.SPI_WaitFlagStateUntilTimeout)
    i.SVC_Handler                            0x08004b36   Section        0  stm32f3xx_it.o(i.SVC_Handler)
    i.SysTick_Handler                        0x08004b38   Section        0  stm32f3xx_it.o(i.SysTick_Handler)
    i.SystemClock_Config                     0x08004b44   Section        0  main.o(i.SystemClock_Config)
    i.SystemInit                             0x08004be0   Section        0  system_stm32f3xx.o(i.SystemInit)
    i.USBD_CDC_DataIn                        0x08004c5c   Section        0  usbd_cdc.o(i.USBD_CDC_DataIn)
    USBD_CDC_DataIn                          0x08004c5d   Thumb Code    26  usbd_cdc.o(i.USBD_CDC_DataIn)
    i.USBD_CDC_DataOut                       0x08004c76   Section        0  usbd_cdc.o(i.USBD_CDC_DataOut)
    USBD_CDC_DataOut                         0x08004c77   Thumb Code    52  usbd_cdc.o(i.USBD_CDC_DataOut)
    i.USBD_CDC_DeInit                        0x08004caa   Section        0  usbd_cdc.o(i.USBD_CDC_DeInit)
    USBD_CDC_DeInit                          0x08004cab   Thumb Code    64  usbd_cdc.o(i.USBD_CDC_DeInit)
    i.USBD_CDC_EP0_RxReady                   0x08004cea   Section        0  usbd_cdc.o(i.USBD_CDC_EP0_RxReady)
    USBD_CDC_EP0_RxReady                     0x08004ceb   Thumb Code    50  usbd_cdc.o(i.USBD_CDC_EP0_RxReady)
    i.USBD_CDC_GetDeviceQualifierDescriptor  0x08004d1c   Section        0  usbd_cdc.o(i.USBD_CDC_GetDeviceQualifierDescriptor)
    i.USBD_CDC_GetFSCfgDesc                  0x08004d2c   Section        0  usbd_cdc.o(i.USBD_CDC_GetFSCfgDesc)
    USBD_CDC_GetFSCfgDesc                    0x08004d2d   Thumb Code    10  usbd_cdc.o(i.USBD_CDC_GetFSCfgDesc)
    i.USBD_CDC_GetHSCfgDesc                  0x08004d3c   Section        0  usbd_cdc.o(i.USBD_CDC_GetHSCfgDesc)
    USBD_CDC_GetHSCfgDesc                    0x08004d3d   Thumb Code    10  usbd_cdc.o(i.USBD_CDC_GetHSCfgDesc)
    i.USBD_CDC_GetOtherSpeedCfgDesc          0x08004d4c   Section        0  usbd_cdc.o(i.USBD_CDC_GetOtherSpeedCfgDesc)
    USBD_CDC_GetOtherSpeedCfgDesc            0x08004d4d   Thumb Code    10  usbd_cdc.o(i.USBD_CDC_GetOtherSpeedCfgDesc)
    i.USBD_CDC_Init                          0x08004d5c   Section        0  usbd_cdc.o(i.USBD_CDC_Init)
    USBD_CDC_Init                            0x08004d5d   Thumb Code   166  usbd_cdc.o(i.USBD_CDC_Init)
    i.USBD_CDC_ReceivePacket                 0x08004e02   Section        0  usbd_cdc.o(i.USBD_CDC_ReceivePacket)
    i.USBD_CDC_RegisterInterface             0x08004e3c   Section        0  usbd_cdc.o(i.USBD_CDC_RegisterInterface)
    i.USBD_CDC_SetRxBuffer                   0x08004e4a   Section        0  usbd_cdc.o(i.USBD_CDC_SetRxBuffer)
    i.USBD_CDC_SetTxBuffer                   0x08004e58   Section        0  usbd_cdc.o(i.USBD_CDC_SetTxBuffer)
    i.USBD_CDC_Setup                         0x08004e6c   Section        0  usbd_cdc.o(i.USBD_CDC_Setup)
    USBD_CDC_Setup                           0x08004e6d   Thumb Code   138  usbd_cdc.o(i.USBD_CDC_Setup)
    i.USBD_CDC_TransmitPacket                0x08004efc   Section        0  usbd_cdc.o(i.USBD_CDC_TransmitPacket)
    i.USBD_ClrClassConfig                    0x08004f34   Section        0  usbd_core.o(i.USBD_ClrClassConfig)
    i.USBD_ClrFeature                        0x08004f4a   Section        0  usbd_ctlreq.o(i.USBD_ClrFeature)
    USBD_ClrFeature                          0x08004f4b   Thumb Code    68  usbd_ctlreq.o(i.USBD_ClrFeature)
    i.USBD_CtlContinueRx                     0x08004f8e   Section        0  usbd_ioreq.o(i.USBD_CtlContinueRx)
    i.USBD_CtlContinueSendData               0x08004fa6   Section        0  usbd_ioreq.o(i.USBD_CtlContinueSendData)
    i.USBD_CtlError                          0x08004fbe   Section        0  usbd_ctlreq.o(i.USBD_CtlError)
    i.USBD_CtlPrepareRx                      0x08004fd6   Section        0  usbd_ioreq.o(i.USBD_CtlPrepareRx)
    i.USBD_CtlReceiveStatus                  0x08004ffe   Section        0  usbd_ioreq.o(i.USBD_CtlReceiveStatus)
    i.USBD_CtlSendData                       0x08005018   Section        0  usbd_ioreq.o(i.USBD_CtlSendData)
    i.USBD_CtlSendStatus                     0x0800503a   Section        0  usbd_ioreq.o(i.USBD_CtlSendStatus)
    i.USBD_FS_ConfigStrDescriptor            0x08005054   Section        0  usbd_desc.o(i.USBD_FS_ConfigStrDescriptor)
    i.USBD_FS_DeviceDescriptor               0x08005088   Section        0  usbd_desc.o(i.USBD_FS_DeviceDescriptor)
    i.USBD_FS_InterfaceStrDescriptor         0x08005098   Section        0  usbd_desc.o(i.USBD_FS_InterfaceStrDescriptor)
    i.USBD_FS_LangIDStrDescriptor            0x080050d0   Section        0  usbd_desc.o(i.USBD_FS_LangIDStrDescriptor)
    i.USBD_FS_ManufacturerStrDescriptor      0x080050e0   Section        0  usbd_desc.o(i.USBD_FS_ManufacturerStrDescriptor)
    i.USBD_FS_ProductStrDescriptor           0x0800510c   Section        0  usbd_desc.o(i.USBD_FS_ProductStrDescriptor)
    i.USBD_FS_SerialStrDescriptor            0x0800514c   Section        0  usbd_desc.o(i.USBD_FS_SerialStrDescriptor)
    i.USBD_GetConfig                         0x08005184   Section        0  usbd_ctlreq.o(i.USBD_GetConfig)
    USBD_GetConfig                           0x08005185   Thumb Code    80  usbd_ctlreq.o(i.USBD_GetConfig)
    i.USBD_GetDescriptor                     0x080051d4   Section        0  usbd_ctlreq.o(i.USBD_GetDescriptor)
    USBD_GetDescriptor                       0x080051d5   Thumb Code   328  usbd_ctlreq.o(i.USBD_GetDescriptor)
    i.USBD_GetLen                            0x0800531c   Section        0  usbd_ctlreq.o(i.USBD_GetLen)
    USBD_GetLen                              0x0800531d   Thumb Code    20  usbd_ctlreq.o(i.USBD_GetLen)
    i.USBD_GetStatus                         0x08005330   Section        0  usbd_ctlreq.o(i.USBD_GetStatus)
    USBD_GetStatus                           0x08005331   Thumb Code    68  usbd_ctlreq.o(i.USBD_GetStatus)
    i.USBD_GetString                         0x08005374   Section        0  usbd_ctlreq.o(i.USBD_GetString)
    i.USBD_Init                              0x080053c6   Section        0  usbd_core.o(i.USBD_Init)
    i.USBD_LL_ClearStallEP                   0x080053f8   Section        0  usbd_conf.o(i.USBD_LL_ClearStallEP)
    i.USBD_LL_CloseEP                        0x0800540c   Section        0  usbd_conf.o(i.USBD_LL_CloseEP)
    i.USBD_LL_DataInStage                    0x08005420   Section        0  usbd_core.o(i.USBD_LL_DataInStage)
    i.USBD_LL_DataOutStage                   0x080054fa   Section        0  usbd_core.o(i.USBD_LL_DataOutStage)
    i.USBD_LL_GetRxDataSize                  0x08005580   Section        0  usbd_conf.o(i.USBD_LL_GetRxDataSize)
    i.USBD_LL_Init                           0x08005594   Section        0  usbd_conf.o(i.USBD_LL_Init)
    i.USBD_LL_IsStallEP                      0x08005620   Section        0  usbd_conf.o(i.USBD_LL_IsStallEP)
    i.USBD_LL_OpenEP                         0x08005658   Section        0  usbd_conf.o(i.USBD_LL_OpenEP)
    i.USBD_LL_PrepareReceive                 0x08005678   Section        0  usbd_conf.o(i.USBD_LL_PrepareReceive)
    i.USBD_LL_Reset                          0x08005698   Section        0  usbd_core.o(i.USBD_LL_Reset)
    i.USBD_LL_Resume                         0x080056dc   Section        0  usbd_core.o(i.USBD_LL_Resume)
    i.USBD_LL_SOF                            0x080056ea   Section        0  usbd_core.o(i.USBD_LL_SOF)
    i.USBD_LL_SetSpeed                       0x0800570c   Section        0  usbd_core.o(i.USBD_LL_SetSpeed)
    i.USBD_LL_SetUSBAddress                  0x08005714   Section        0  usbd_conf.o(i.USBD_LL_SetUSBAddress)
    i.USBD_LL_SetupStage                     0x08005728   Section        0  usbd_core.o(i.USBD_LL_SetupStage)
    i.USBD_LL_StallEP                        0x08005796   Section        0  usbd_conf.o(i.USBD_LL_StallEP)
    i.USBD_LL_Start                          0x080057aa   Section        0  usbd_conf.o(i.USBD_LL_Start)
    i.USBD_LL_Suspend                        0x080057ba   Section        0  usbd_core.o(i.USBD_LL_Suspend)
    i.USBD_LL_Transmit                       0x080057ce   Section        0  usbd_conf.o(i.USBD_LL_Transmit)
    i.USBD_ParseSetupRequest                 0x080057ee   Section        0  usbd_ctlreq.o(i.USBD_ParseSetupRequest)
    i.USBD_RegisterClass                     0x08005816   Section        0  usbd_core.o(i.USBD_RegisterClass)
    i.USBD_RunTestMode                       0x08005826   Section        0  usbd_core.o(i.USBD_RunTestMode)
    i.USBD_SetAddress                        0x0800582c   Section        0  usbd_ctlreq.o(i.USBD_SetAddress)
    USBD_SetAddress                          0x0800582d   Thumb Code    84  usbd_ctlreq.o(i.USBD_SetAddress)
    i.USBD_SetClassConfig                    0x08005880   Section        0  usbd_core.o(i.USBD_SetClassConfig)
    i.USBD_SetConfig                         0x080058a4   Section        0  usbd_ctlreq.o(i.USBD_SetConfig)
    USBD_SetConfig                           0x080058a5   Thumb Code   218  usbd_ctlreq.o(i.USBD_SetConfig)
    i.USBD_SetFeature                        0x08005984   Section        0  usbd_ctlreq.o(i.USBD_SetFeature)
    USBD_SetFeature                          0x08005985   Thumb Code    36  usbd_ctlreq.o(i.USBD_SetFeature)
    i.USBD_Start                             0x080059a8   Section        0  usbd_core.o(i.USBD_Start)
    i.USBD_StdDevReq                         0x080059b6   Section        0  usbd_ctlreq.o(i.USBD_StdDevReq)
    i.USBD_StdEPReq                          0x08005a28   Section        0  usbd_ctlreq.o(i.USBD_StdEPReq)
    i.USBD_StdItfReq                         0x08005b7e   Section        0  usbd_ctlreq.o(i.USBD_StdItfReq)
    i.USBD_static_free                       0x08005bc8   Section        0  usbd_conf.o(i.USBD_static_free)
    i.USBD_static_malloc                     0x08005bcc   Section        0  usbd_conf.o(i.USBD_static_malloc)
    i.USB_LP_CAN_RX0_IRQHandler              0x08005bd8   Section        0  stm32f3xx_it.o(i.USB_LP_CAN_RX0_IRQHandler)
    i.UsageFault_Handler                     0x08005be8   Section        0  stm32f3xx_it.o(i.UsageFault_Handler)
    i.__0sprintf$8                           0x08005bec   Section        0  printf8.o(i.__0sprintf$8)
    i.__aeabi_errno_addr                     0x08005c14   Section        0  errno.o(i.__aeabi_errno_addr)
    i.__scatterload_copy                     0x08005c1c   Section       14  handlers.o(i.__scatterload_copy)
    i.__scatterload_null                     0x08005c2a   Section        2  handlers.o(i.__scatterload_null)
    i.__scatterload_zeroinit                 0x08005c2c   Section       14  handlers.o(i.__scatterload_zeroinit)
    i._printf_core                           0x08005c3c   Section        0  printf8.o(i._printf_core)
    _printf_core                             0x08005c3d   Thumb Code   996  printf8.o(i._printf_core)
    i._printf_post_padding                   0x0800604c   Section        0  printf8.o(i._printf_post_padding)
    _printf_post_padding                     0x0800604d   Thumb Code    36  printf8.o(i._printf_post_padding)
    i._printf_pre_padding                    0x08006070   Section        0  printf8.o(i._printf_pre_padding)
    _printf_pre_padding                      0x08006071   Thumb Code    46  printf8.o(i._printf_pre_padding)
    i._sputc                                 0x0800609e   Section        0  printf8.o(i._sputc)
    _sputc                                   0x0800609f   Thumb Code    10  printf8.o(i._sputc)
    i.checkUartBuf                           0x080060a8   Section        0  main.o(i.checkUartBuf)
    i.getMsg                                 0x080065fc   Section        0  usbd_cdc_if.o(i.getMsg)
    i.l3g_enableDefault                      0x08006664   Section        0  i2c_l3gd20h.o(i.l3g_enableDefault)
    i.l3g_init                               0x08006690   Section        0  i2c_l3gd20h.o(i.l3g_init)
    i.l3g_read                               0x080066a8   Section        0  i2c_l3gd20h.o(i.l3g_read)
    i.l3g_readReg                            0x08006778   Section        0  i2c_l3gd20h.o(i.l3g_readReg)
    i.l3g_testReg                            0x080067b8   Section        0  i2c_l3gd20h.o(i.l3g_testReg)
    i.l3g_writeReg                           0x080067c4   Section        0  i2c_l3gd20h.o(i.l3g_writeReg)
    i.main                                   0x080067f4   Section        0  main.o(i.main)
    i.putMsg                                 0x080069f0   Section        0  usbd_cdc_if.o(i.putMsg)
    .constdata                               0x08006a44   Section       32  stm32f3xx_hal_rcc.o(.constdata)
    .constdata                               0x08006a64   Section       24  system_stm32f3xx.o(.constdata)
    .constdata                               0x08006a7c   Section      129  ctype_o.o(.constdata)
    .constdata                               0x08006b00   Section        4  ctype_o.o(.constdata)
    table                                    0x08006b00   Data           4  ctype_o.o(.constdata)
    .data                                    0x20000000   Section        4  stm32f3xx_hal.o(.data)
    .data                                    0x20000004   Section        4  system_stm32f3xx.o(.data)
    .data                                    0x20000008   Section       16  main.o(.data)
    .data                                    0x20000018   Section        2  spi_sd.o(.data)
    .data                                    0x2000001c   Section        8  i2c_lis3dsh.o(.data)
    .data                                    0x20000024   Section       16  i2c_l3gd20h.o(.data)
    .data                                    0x20000034   Section       52  usbd_desc.o(.data)
    .data                                    0x20000068   Section       28  usbd_cdc_if.o(.data)
    .data                                    0x20000084   Section      272  usbd_cdc.o(.data)
    USBD_CDC_DeviceQualifierDesc             0x20000084   Data          10  usbd_cdc.o(.data)
    ifalt                                    0x20000193   Data           1  usbd_cdc.o(.data)
    .data                                    0x20000194   Section        1  usbd_ctlreq.o(.data)
    cfgidx                                   0x20000194   Data           1  usbd_ctlreq.o(.data)
    .data                                    0x20000198   Section        4  errno.o(.data)
    _errno                                   0x20000198   Data           4  errno.o(.data)
    .bss                                     0x2000019c   Section     1328  main.o(.bss)
    .bss                                     0x200006cc   Section      512  usbd_desc.o(.bss)
    .bss                                     0x200008cc   Section      548  usb_device.o(.bss)
    .bss                                     0x20000af0   Section      528  usbd_cdc_if.o(.bss)
    .bss                                     0x20000d00   Section     1480  usbd_conf.o(.bss)
    mem                                      0x200010a8   Data         544  usbd_conf.o(.bss)
    STACK                                    0x200012c8   Section     2048  startup_stm32f303xe.o(STACK)

    Global Symbols

    Symbol Name                              Value     Ov Type        Size  Object(Section)

    BuildAttributes$$THM_ISAv4$E$P$D$K$B$S$7EM$VFPi3$EXTD16$VFPS$VFMA$PE$A:L22UL41UL21$X:L11$S22US41US21$IEEE1$IW$USESV6$~STKCKD$USESV7$~SHL$OSPACE$ROPI$EBA8$MICROLIB$REQ8$PRES8$EABIv2 0x00000000   Number         0  anon$$obj.o ABSOLUTE
    __ARM_use_no_argv                        0x00000000   Number         0  main.o ABSOLUTE
    _printf_a                                0x00000000   Number         0  stubs.o ABSOLUTE
    _printf_c                                0x00000000   Number         0  stubs.o ABSOLUTE
    _printf_charcount                        0x00000000   Number         0  stubs.o ABSOLUTE
    _printf_d                                0x00000000   Number         0  stubs.o ABSOLUTE
    _printf_e                                0x00000000   Number         0  stubs.o ABSOLUTE
    _printf_f                                0x00000000   Number         0  stubs.o ABSOLUTE
    _printf_flags                            0x00000000   Number         0  stubs.o ABSOLUTE
    _printf_fp_dec                           0x00000000   Number         0  stubs.o ABSOLUTE
    _printf_fp_hex                           0x00000000   Number         0  stubs.o ABSOLUTE
    _printf_g                                0x00000000   Number         0  stubs.o ABSOLUTE
    _printf_i                                0x00000000   Number         0  stubs.o ABSOLUTE
    _printf_int_dec                          0x00000000   Number         0  stubs.o ABSOLUTE
    _printf_l                                0x00000000   Number         0  stubs.o ABSOLUTE
    _printf_lc                               0x00000000   Number         0  stubs.o ABSOLUTE
    _printf_ll                               0x00000000   Number         0  stubs.o ABSOLUTE
    _printf_lld                              0x00000000   Number         0  stubs.o ABSOLUTE
    _printf_lli                              0x00000000   Number         0  stubs.o ABSOLUTE
    _printf_llo                              0x00000000   Number         0  stubs.o ABSOLUTE
    _printf_llu                              0x00000000   Number         0  stubs.o ABSOLUTE
    _printf_llx                              0x00000000   Number         0  stubs.o ABSOLUTE
    _printf_longlong_dec                     0x00000000   Number         0  stubs.o ABSOLUTE
    _printf_longlong_hex                     0x00000000   Number         0  stubs.o ABSOLUTE
    _printf_longlong_oct                     0x00000000   Number         0  stubs.o ABSOLUTE
    _printf_ls                               0x00000000   Number         0  stubs.o ABSOLUTE
    _printf_mbtowc                           0x00000000   Number         0  stubs.o ABSOLUTE
    _printf_n                                0x00000000   Number         0  stubs.o ABSOLUTE
    _printf_o                                0x00000000   Number         0  stubs.o ABSOLUTE
    _printf_p                                0x00000000   Number         0  stubs.o ABSOLUTE
    _printf_percent                          0x00000000   Number         0  stubs.o ABSOLUTE
    _printf_pre_padding                      0x00000000   Number         0  stubs.o ABSOLUTE
    _printf_return_value                     0x00000000   Number         0  stubs.o ABSOLUTE
    _printf_s                                0x00000000   Number         0  stubs.o ABSOLUTE
    _printf_sizespec                         0x00000000   Number         0  stubs.o ABSOLUTE
    _printf_str                              0x00000000   Number         0  stubs.o ABSOLUTE
    _printf_truncate_signed                  0x00000000   Number         0  stubs.o ABSOLUTE
    _printf_truncate_unsigned                0x00000000   Number         0  stubs.o ABSOLUTE
    _printf_u                                0x00000000   Number         0  stubs.o ABSOLUTE
    _printf_wc                               0x00000000   Number         0  stubs.o ABSOLUTE
    _printf_wctomb                           0x00000000   Number         0  stubs.o ABSOLUTE
    _printf_widthprec                        0x00000000   Number         0  stubs.o ABSOLUTE
    _printf_x                                0x00000000   Number         0  stubs.o ABSOLUTE
    __cpp_initialize__aeabi_                  - Undefined Weak Reference
    __cxa_finalize                            - Undefined Weak Reference
    _clock_init                               - Undefined Weak Reference
    _microlib_exit                            - Undefined Weak Reference
    __Vectors_Size                           0x00000194   Number         0  startup_stm32f303xe.o ABSOLUTE
    __Vectors                                0x08000000   Data           4  startup_stm32f303xe.o(RESET)
    __Vectors_End                            0x08000194   Data           0  startup_stm32f303xe.o(RESET)
    __main                                   0x08000195   Thumb Code     0  entry.o(.ARM.Collect$$$$00000000)
    _main_stk                                0x08000195   Thumb Code     0  entry2.o(.ARM.Collect$$$$00000001)
    _main_scatterload                        0x08000199   Thumb Code     0  entry5.o(.ARM.Collect$$$$00000004)
    __main_after_scatterload                 0x0800019d   Thumb Code     0  entry5.o(.ARM.Collect$$$$00000004)
    _main_clock                              0x0800019d   Thumb Code     0  entry7b.o(.ARM.Collect$$$$00000008)
    _main_cpp_init                           0x0800019d   Thumb Code     0  entry8b.o(.ARM.Collect$$$$0000000A)
    _main_init                               0x0800019d   Thumb Code     0  entry9a.o(.ARM.Collect$$$$0000000B)
    __rt_final_cpp                           0x080001a5   Thumb Code     0  entry10a.o(.ARM.Collect$$$$0000000D)
    __rt_final_exit                          0x080001a5   Thumb Code     0  entry11a.o(.ARM.Collect$$$$0000000F)
    Reset_Handler                            0x080001a9   Thumb Code     8  startup_stm32f303xe.o(.text)
    ADC1_2_IRQHandler                        0x080001c3   Thumb Code     0  startup_stm32f303xe.o(.text)
    ADC3_IRQHandler                          0x080001c3   Thumb Code     0  startup_stm32f303xe.o(.text)
    ADC4_IRQHandler                          0x080001c3   Thumb Code     0  startup_stm32f303xe.o(.text)
    CAN_RX1_IRQHandler                       0x080001c3   Thumb Code     0  startup_stm32f303xe.o(.text)
    CAN_SCE_IRQHandler                       0x080001c3   Thumb Code     0  startup_stm32f303xe.o(.text)
    COMP1_2_3_IRQHandler                     0x080001c3   Thumb Code     0  startup_stm32f303xe.o(.text)
    COMP4_5_6_IRQHandler                     0x080001c3   Thumb Code     0  startup_stm32f303xe.o(.text)
    COMP7_IRQHandler                         0x080001c3   Thumb Code     0  startup_stm32f303xe.o(.text)
    DMA1_Channel1_IRQHandler                 0x080001c3   Thumb Code     0  startup_stm32f303xe.o(.text)
    DMA1_Channel2_IRQHandler                 0x080001c3   Thumb Code     0  startup_stm32f303xe.o(.text)
    DMA1_Channel3_IRQHandler                 0x080001c3   Thumb Code     0  startup_stm32f303xe.o(.text)
    DMA1_Channel4_IRQHandler                 0x080001c3   Thumb Code     0  startup_stm32f303xe.o(.text)
    DMA1_Channel5_IRQHandler                 0x080001c3   Thumb Code     0  startup_stm32f303xe.o(.text)
    DMA1_Channel6_IRQHandler                 0x080001c3   Thumb Code     0  startup_stm32f303xe.o(.text)
    DMA1_Channel7_IRQHandler                 0x080001c3   Thumb Code     0  startup_stm32f303xe.o(.text)
    DMA2_Channel1_IRQHandler                 0x080001c3   Thumb Code     0  startup_stm32f303xe.o(.text)
    DMA2_Channel2_IRQHandler                 0x080001c3   Thumb Code     0  startup_stm32f303xe.o(.text)
    DMA2_Channel3_IRQHandler                 0x080001c3   Thumb Code     0  startup_stm32f303xe.o(.text)
    DMA2_Channel4_IRQHandler                 0x080001c3   Thumb Code     0  startup_stm32f303xe.o(.text)
    DMA2_Channel5_IRQHandler                 0x080001c3   Thumb Code     0  startup_stm32f303xe.o(.text)
    EXTI0_IRQHandler                         0x080001c3   Thumb Code     0  startup_stm32f303xe.o(.text)
    EXTI15_10_IRQHandler                     0x080001c3   Thumb Code     0  startup_stm32f303xe.o(.text)
    EXTI1_IRQHandler                         0x080001c3   Thumb Code     0  startup_stm32f303xe.o(.text)
    EXTI2_TSC_IRQHandler                     0x080001c3   Thumb Code     0  startup_stm32f303xe.o(.text)
    EXTI3_IRQHandler                         0x080001c3   Thumb Code     0  startup_stm32f303xe.o(.text)
    EXTI4_IRQHandler                         0x080001c3   Thumb Code     0  startup_stm32f303xe.o(.text)
    EXTI9_5_IRQHandler                       0x080001c3   Thumb Code     0  startup_stm32f303xe.o(.text)
    FLASH_IRQHandler                         0x080001c3   Thumb Code     0  startup_stm32f303xe.o(.text)
    FMC_IRQHandler                           0x080001c3   Thumb Code     0  startup_stm32f303xe.o(.text)
    FPU_IRQHandler                           0x080001c3   Thumb Code     0  startup_stm32f303xe.o(.text)
    I2C1_ER_IRQHandler                       0x080001c3   Thumb Code     0  startup_stm32f303xe.o(.text)
    I2C1_EV_IRQHandler                       0x080001c3   Thumb Code     0  startup_stm32f303xe.o(.text)
    I2C2_ER_IRQHandler                       0x080001c3   Thumb Code     0  startup_stm32f303xe.o(.text)
    I2C2_EV_IRQHandler                       0x080001c3   Thumb Code     0  startup_stm32f303xe.o(.text)
    I2C3_ER_IRQHandler                       0x080001c3   Thumb Code     0  startup_stm32f303xe.o(.text)
    I2C3_EV_IRQHandler                       0x080001c3   Thumb Code     0  startup_stm32f303xe.o(.text)
    PVD_IRQHandler                           0x080001c3   Thumb Code     0  startup_stm32f303xe.o(.text)
    RCC_IRQHandler                           0x080001c3   Thumb Code     0  startup_stm32f303xe.o(.text)
    RTC_Alarm_IRQHandler                     0x080001c3   Thumb Code     0  startup_stm32f303xe.o(.text)
    RTC_WKUP_IRQHandler                      0x080001c3   Thumb Code     0  startup_stm32f303xe.o(.text)
    SPI1_IRQHandler                          0x080001c3   Thumb Code     0  startup_stm32f303xe.o(.text)
    SPI2_IRQHandler                          0x080001c3   Thumb Code     0  startup_stm32f303xe.o(.text)
    SPI3_IRQHandler                          0x080001c3   Thumb Code     0  startup_stm32f303xe.o(.text)
    SPI4_IRQHandler                          0x080001c3   Thumb Code     0  startup_stm32f303xe.o(.text)
    TAMP_STAMP_IRQHandler                    0x080001c3   Thumb Code     0  startup_stm32f303xe.o(.text)
    TIM1_BRK_TIM15_IRQHandler                0x080001c3   Thumb Code     0  startup_stm32f303xe.o(.text)
    TIM1_CC_IRQHandler                       0x080001c3   Thumb Code     0  startup_stm32f303xe.o(.text)
    TIM1_TRG_COM_TIM17_IRQHandler            0x080001c3   Thumb Code     0  startup_stm32f303xe.o(.text)
    TIM1_UP_TIM16_IRQHandler                 0x080001c3   Thumb Code     0  startup_stm32f303xe.o(.text)
    TIM20_BRK_IRQHandler                     0x080001c3   Thumb Code     0  startup_stm32f303xe.o(.text)
    TIM20_CC_IRQHandler                      0x080001c3   Thumb Code     0  startup_stm32f303xe.o(.text)
    TIM20_TRG_COM_IRQHandler                 0x080001c3   Thumb Code     0  startup_stm32f303xe.o(.text)
    TIM20_UP_IRQHandler                      0x080001c3   Thumb Code     0  startup_stm32f303xe.o(.text)
    TIM2_IRQHandler                          0x080001c3   Thumb Code     0  startup_stm32f303xe.o(.text)
    TIM3_IRQHandler                          0x080001c3   Thumb Code     0  startup_stm32f303xe.o(.text)
    TIM4_IRQHandler                          0x080001c3   Thumb Code     0  startup_stm32f303xe.o(.text)
    TIM6_DAC_IRQHandler                      0x080001c3   Thumb Code     0  startup_stm32f303xe.o(.text)
    TIM7_IRQHandler                          0x080001c3   Thumb Code     0  startup_stm32f303xe.o(.text)
    TIM8_BRK_IRQHandler                      0x080001c3   Thumb Code     0  startup_stm32f303xe.o(.text)
    TIM8_CC_IRQHandler                       0x080001c3   Thumb Code     0  startup_stm32f303xe.o(.text)
    TIM8_TRG_COM_IRQHandler                  0x080001c3   Thumb Code     0  startup_stm32f303xe.o(.text)
    TIM8_UP_IRQHandler                       0x080001c3   Thumb Code     0  startup_stm32f303xe.o(.text)
    UART4_IRQHandler                         0x080001c3   Thumb Code     0  startup_stm32f303xe.o(.text)
    UART5_IRQHandler                         0x080001c3   Thumb Code     0  startup_stm32f303xe.o(.text)
    USART1_IRQHandler                        0x080001c3   Thumb Code     0  startup_stm32f303xe.o(.text)
    USART2_IRQHandler                        0x080001c3   Thumb Code     0  startup_stm32f303xe.o(.text)
    USART3_IRQHandler                        0x080001c3   Thumb Code     0  startup_stm32f303xe.o(.text)
    USBWakeUp_IRQHandler                     0x080001c3   Thumb Code     0  startup_stm32f303xe.o(.text)
    USBWakeUp_RMP_IRQHandler                 0x080001c3   Thumb Code     0  startup_stm32f303xe.o(.text)
    USB_HP_CAN_TX_IRQHandler                 0x080001c3   Thumb Code     0  startup_stm32f303xe.o(.text)
    USB_HP_IRQHandler                        0x080001c3   Thumb Code     0  startup_stm32f303xe.o(.text)
    USB_LP_IRQHandler                        0x080001c3   Thumb Code     0  startup_stm32f303xe.o(.text)
    WWDG_IRQHandler                          0x080001c3   Thumb Code     0  startup_stm32f303xe.o(.text)
    __aeabi_uldivmod                         0x080001cd   Thumb Code    98  uldiv.o(.text)
    __aeabi_llsr                             0x0800022f   Thumb Code    32  llushr.o(.text)
    _ll_ushift_r                             0x0800022f   Thumb Code     0  llushr.o(.text)
    __aeabi_memcpy                           0x0800024f   Thumb Code    36  memcpya.o(.text)
    __aeabi_memcpy4                          0x0800024f   Thumb Code     0  memcpya.o(.text)
    __aeabi_memcpy8                          0x0800024f   Thumb Code     0  memcpya.o(.text)
    __aeabi_memset                           0x08000273   Thumb Code    14  memseta.o(.text)
    __aeabi_memset4                          0x08000273   Thumb Code     0  memseta.o(.text)
    __aeabi_memset8                          0x08000273   Thumb Code     0  memseta.o(.text)
    __aeabi_memclr                           0x08000281   Thumb Code     4  memseta.o(.text)
    __aeabi_memclr4                          0x08000281   Thumb Code     0  memseta.o(.text)
    __aeabi_memclr8                          0x08000281   Thumb Code     0  memseta.o(.text)
    _memset$wrapper                          0x08000285   Thumb Code    18  memseta.o(.text)
    strlen                                   0x08000297   Thumb Code    14  strlen.o(.text)
    memcmp                                   0x080002a5   Thumb Code    26  memcmp.o(.text)
    strtoull                                 0x080002bf   Thumb Code     4  strtoull.o(.text)
    atoi                                     0x080002c3   Thumb Code    26  atoi.o(.text)
    __aeabi_llsl                             0x080002dd   Thumb Code    30  llshl.o(.text)
    _ll_shift_l                              0x080002dd   Thumb Code     0  llshl.o(.text)
    strtol                                   0x080002fb   Thumb Code   112  strtol.o(.text)
    __strtoull                               0x0800036b   Thumb Code   124  __strtoull.o(.text)
    __scatterload                            0x080003e9   Thumb Code    28  init.o(.text)
    __scatterload_rt2                        0x080003e9   Thumb Code     0  init.o(.text)
    __rt_ctype_table                         0x0800040d   Thumb Code     4  ctype_o.o(.text)
    _strtoul                                 0x08000415   Thumb Code   158  _strtoul.o(.text)
    _strtoull                                0x080004b3   Thumb Code   194  _strtoull.o(.text)
    _chval                                   0x08000575   Thumb Code    28  _chval.o(.text)
    __decompress                             0x08000591   Thumb Code     0  __dczerorl2.o(.text)
    __decompress1                            0x08000591   Thumb Code    86  __dczerorl2.o(.text)
    BusFault_Handler                         0x080005e7   Thumb Code     4  stm32f3xx_it.o(i.BusFault_Handler)
    CDC_Transmit_FS                          0x08000721   Thumb Code    50  usbd_cdc_if.o(i.CDC_Transmit_FS)
    DebugMon_Handler                         0x08000759   Thumb Code     2  stm32f3xx_it.o(i.DebugMon_Handler)
    Error_Handler                            0x0800075d   Thumb Code    14  main.o(i.Error_Handler)
    HAL_Delay                                0x08000771   Thumb Code    24  stm32f3xx_hal.o(i.HAL_Delay)
    HAL_GPIO_Init                            0x08000789   Thumb Code   452  stm32f3xx_hal_gpio.o(i.HAL_GPIO_Init)
    HAL_GPIO_ReadPin                         0x08000971   Thumb Code    16  stm32f3xx_hal_gpio.o(i.HAL_GPIO_ReadPin)
    HAL_GPIO_WritePin                        0x08000981   Thumb Code    10  stm32f3xx_hal_gpio.o(i.HAL_GPIO_WritePin)
    HAL_GetTick                              0x0800098d   Thumb Code     6  stm32f3xx_hal.o(i.HAL_GetTick)
    HAL_I2CEx_ConfigAnalogFilter             0x08000999   Thumb Code   106  stm32f3xx_hal_i2c_ex.o(i.HAL_I2CEx_ConfigAnalogFilter)
    HAL_I2C_Init                             0x08000a05   Thumb Code   184  stm32f3xx_hal_i2c.o(i.HAL_I2C_Init)
    HAL_I2C_Master_Receive                   0x08000ac1   Thumb Code   374  stm32f3xx_hal_i2c.o(i.HAL_I2C_Master_Receive)
    HAL_I2C_Master_Transmit                  0x08000c3d   Thumb Code   368  stm32f3xx_hal_i2c.o(i.HAL_I2C_Master_Transmit)
    HAL_I2C_MspInit                          0x08000db1   Thumb Code    74  stm32f3xx_hal_msp.o(i.HAL_I2C_MspInit)
    HAL_IncTick                              0x08000e09   Thumb Code    12  stm32f3xx_hal.o(i.HAL_IncTick)
    HAL_Init                                 0x08000e19   Thumb Code    34  stm32f3xx_hal.o(i.HAL_Init)
    HAL_InitTick                             0x08000e41   Thumb Code    36  stm32f3xx_hal.o(i.HAL_InitTick)
    HAL_MspInit                              0x08000e69   Thumb Code   114  stm32f3xx_hal_msp.o(i.HAL_MspInit)
    HAL_NVIC_EnableIRQ                       0x08000ee1   Thumb Code    26  stm32f3xx_hal_cortex.o(i.HAL_NVIC_EnableIRQ)
    HAL_NVIC_SetPriority                     0x08000efb   Thumb Code   124  stm32f3xx_hal_cortex.o(i.HAL_NVIC_SetPriority)
    HAL_NVIC_SetPriorityGrouping             0x08000f79   Thumb Code    32  stm32f3xx_hal_cortex.o(i.HAL_NVIC_SetPriorityGrouping)
    HAL_PCDEx_PMAConfig                      0x08000fa1   Thumb Code    68  stm32f3xx_hal_pcd_ex.o(i.HAL_PCDEx_PMAConfig)
    HAL_PCDEx_SetConnectionState             0x08000fe5   Thumb Code     2  usbd_conf.o(i.HAL_PCDEx_SetConnectionState)
    HAL_PCD_DataInStageCallback              0x08000fe7   Thumb Code    32  usbd_conf.o(i.HAL_PCD_DataInStageCallback)
    HAL_PCD_DataOutStageCallback             0x08001007   Thumb Code    32  usbd_conf.o(i.HAL_PCD_DataOutStageCallback)
    HAL_PCD_EP_Close                         0x08001027   Thumb Code   690  stm32f3xx_hal_pcd.o(i.HAL_PCD_EP_Close)
    HAL_PCD_EP_ClrStall                      0x080012d9   Thumb Code   288  stm32f3xx_hal_pcd.o(i.HAL_PCD_EP_ClrStall)
    HAL_PCD_EP_GetRxCount                    0x080013f9   Thumb Code    24  stm32f3xx_hal_pcd.o(i.HAL_PCD_EP_GetRxCount)
    HAL_PCD_EP_Open                          0x08001411   Thumb Code  1302  stm32f3xx_hal_pcd.o(i.HAL_PCD_EP_Open)
    HAL_PCD_EP_Receive                       0x08001927   Thumb Code   338  stm32f3xx_hal_pcd.o(i.HAL_PCD_EP_Receive)
    HAL_PCD_EP_SetStall                      0x08001a79   Thumb Code   234  stm32f3xx_hal_pcd.o(i.HAL_PCD_EP_SetStall)
    HAL_PCD_EP_Transmit                      0x08001b63   Thumb Code   312  stm32f3xx_hal_pcd.o(i.HAL_PCD_EP_Transmit)
    HAL_PCD_IRQHandler                       0x08001c9b   Thumb Code   356  stm32f3xx_hal_pcd.o(i.HAL_PCD_IRQHandler)
    HAL_PCD_Init                             0x08001dff   Thumb Code   278  stm32f3xx_hal_pcd.o(i.HAL_PCD_Init)
    HAL_PCD_MspInit                          0x08001f15   Thumb Code    58  usbd_conf.o(i.HAL_PCD_MspInit)
    HAL_PCD_ResetCallback                    0x08001f59   Thumb Code    42  usbd_conf.o(i.HAL_PCD_ResetCallback)
    HAL_PCD_ResumeCallback                   0x08001f83   Thumb Code    14  usbd_conf.o(i.HAL_PCD_ResumeCallback)
    HAL_PCD_SOFCallback                      0x08001f91   Thumb Code    14  usbd_conf.o(i.HAL_PCD_SOFCallback)
    HAL_PCD_SetAddress                       0x08001f9f   Thumb Code    54  stm32f3xx_hal_pcd.o(i.HAL_PCD_SetAddress)
    HAL_PCD_SetupStageCallback               0x08001fd5   Thumb Code    18  usbd_conf.o(i.HAL_PCD_SetupStageCallback)
    HAL_PCD_Start                            0x08001fe7   Thumb Code    16  stm32f3xx_hal_pcd.o(i.HAL_PCD_Start)
    HAL_PCD_SuspendCallback                  0x08001ff9   Thumb Code    30  usbd_conf.o(i.HAL_PCD_SuspendCallback)
    HAL_RCCEx_PeriphCLKConfig                0x0800201d   Thumb Code   926  stm32f3xx_hal_rcc_ex.o(i.HAL_RCCEx_PeriphCLKConfig)
    HAL_RCC_ClockConfig                      0x080023c9   Thumb Code   732  stm32f3xx_hal_rcc.o(i.HAL_RCC_ClockConfig)
    HAL_RCC_GetHCLKFreq                      0x080026b5   Thumb Code     6  stm32f3xx_hal_rcc.o(i.HAL_RCC_GetHCLKFreq)
    HAL_RCC_GetSysClockFreq                  0x080026c1   Thumb Code   130  stm32f3xx_hal_rcc.o(i.HAL_RCC_GetSysClockFreq)
    HAL_RCC_OscConfig                        0x08002755   Thumb Code  2558  stm32f3xx_hal_rcc.o(i.HAL_RCC_OscConfig)
    HAL_SPI_Init                             0x0800315d   Thumb Code   206  stm32f3xx_hal_spi.o(i.HAL_SPI_Init)
    HAL_SPI_MspInit                          0x0800322d   Thumb Code   104  stm32f3xx_hal_msp.o(i.HAL_SPI_MspInit)
    HAL_SPI_TransmitReceive                  0x080032a1   Thumb Code   836  stm32f3xx_hal_spi.o(i.HAL_SPI_TransmitReceive)
    HAL_SYSTICK_CLKSourceConfig              0x080035e5   Thumb Code    40  stm32f3xx_hal_cortex.o(i.HAL_SYSTICK_CLKSourceConfig)
    HAL_SYSTICK_Callback                     0x0800360d   Thumb Code     2  stm32f3xx_hal_cortex.o(i.HAL_SYSTICK_Callback)
    HAL_SYSTICK_Config                       0x0800360f   Thumb Code    52  stm32f3xx_hal_cortex.o(i.HAL_SYSTICK_Config)
    HAL_SYSTICK_IRQHandler                   0x08003643   Thumb Code     8  stm32f3xx_hal_cortex.o(i.HAL_SYSTICK_IRQHandler)
    HardFault_Handler                        0x0800364b   Thumb Code     4  stm32f3xx_it.o(i.HardFault_Handler)
    LIS3DSH_Detect                           0x080038cd   Thumb Code    36  i2c_lis3dsh.o(i.LIS3DSH_Detect)
    LIS3DSH_INT_Delay                        0x080038f5   Thumb Code    14  i2c_lis3dsh.o(i.LIS3DSH_INT_Delay)
    LIS3DSH_INT_InitLIS3DSH                  0x08003909   Thumb Code   176  i2c_lis3dsh.o(i.LIS3DSH_INT_InitLIS3DSH)
    LIS3DSH_INT_Read                         0x080039d1   Thumb Code    68  i2c_lis3dsh.o(i.LIS3DSH_INT_Read)
    LIS3DSH_INT_ReadAxes                     0x08003a19   Thumb Code   206  i2c_lis3dsh.o(i.LIS3DSH_INT_ReadAxes)
    LIS3DSH_INT_Write                        0x08003aed   Thumb Code    58  i2c_lis3dsh.o(i.LIS3DSH_INT_Write)
    LIS3DSH_Init                             0x08003b2d   Thumb Code    40  i2c_lis3dsh.o(i.LIS3DSH_Init)
    LIS3DSH_ReadAxes                         0x08003b59   Thumb Code    26  i2c_lis3dsh.o(i.LIS3DSH_ReadAxes)
    MX_USB_DEVICE_Init                       0x08003d51   Thumb Code    36  usb_device.o(i.MX_USB_DEVICE_Init)
    MemManage_Handler                        0x08003d85   Thumb Code     4  stm32f3xx_it.o(i.MemManage_Handler)
    NMI_Handler                              0x08003d89   Thumb Code     2  stm32f3xx_it.o(i.NMI_Handler)
    PCD_ReadPMA                              0x080041f1   Thumb Code    34  stm32f3xx_hal_pcd_ex.o(i.PCD_ReadPMA)
    PCD_WritePMA                             0x08004213   Thumb Code    52  stm32f3xx_hal_pcd_ex.o(i.PCD_WritePMA)
    PendSV_Handler                           0x08004247   Thumb Code     2  stm32f3xx_it.o(i.PendSV_Handler)
    SD_Detect                                0x08004249   Thumb Code    28  spi_sd.o(i.SD_Detect)
    SD_GetCIDRegister                        0x08004269   Thumb Code   270  spi_sd.o(i.SD_GetCIDRegister)
    SD_GetCSDRegister                        0x08004381   Thumb Code   526  spi_sd.o(i.SD_GetCSDRegister)
    SD_GetCardInfo                           0x08004599   Thumb Code    62  spi_sd.o(i.SD_GetCardInfo)
    SD_GetDataResponse                       0x080045d7   Thumb Code    76  spi_sd.o(i.SD_GetDataResponse)
    SD_GetResponse                           0x08004623   Thumb Code    34  spi_sd.o(i.SD_GetResponse)
    SD_GoIdleState                           0x08004645   Thumb Code   350  spi_sd.o(i.SD_GoIdleState)
    SD_Init                                  0x080047b1   Thumb Code    38  spi_sd.o(i.SD_Init)
    SD_ReadBlock                             0x080047e1   Thumb Code   136  spi_sd.o(i.SD_ReadBlock)
    SD_ReadByte                              0x08004875   Thumb Code    24  spi_sd.o(i.SD_ReadByte)
    SD_SendCmd                               0x08004895   Thumb Code    70  spi_sd.o(i.SD_SendCmd)
    SD_WriteBlock                            0x080048dd   Thumb Code   150  spi_sd.o(i.SD_WriteBlock)
    SD_WriteByte                             0x08004981   Thumb Code    26  spi_sd.o(i.SD_WriteByte)
    SVC_Handler                              0x08004b37   Thumb Code     2  stm32f3xx_it.o(i.SVC_Handler)
    SysTick_Handler                          0x08004b39   Thumb Code    12  stm32f3xx_it.o(i.SysTick_Handler)
    SystemClock_Config                       0x08004b45   Thumb Code   150  main.o(i.SystemClock_Config)
    SystemInit                               0x08004be1   Thumb Code   104  system_stm32f3xx.o(i.SystemInit)
    USBD_CDC_GetDeviceQualifierDescriptor    0x08004d1d   Thumb Code    10  usbd_cdc.o(i.USBD_CDC_GetDeviceQualifierDescriptor)
    USBD_CDC_ReceivePacket                   0x08004e03   Thumb Code    58  usbd_cdc.o(i.USBD_CDC_ReceivePacket)
    USBD_CDC_RegisterInterface               0x08004e3d   Thumb Code    14  usbd_cdc.o(i.USBD_CDC_RegisterInterface)
    USBD_CDC_SetRxBuffer                     0x08004e4b   Thumb Code    14  usbd_cdc.o(i.USBD_CDC_SetRxBuffer)
    USBD_CDC_SetTxBuffer                     0x08004e59   Thumb Code    20  usbd_cdc.o(i.USBD_CDC_SetTxBuffer)
    USBD_CDC_TransmitPacket                  0x08004efd   Thumb Code    56  usbd_cdc.o(i.USBD_CDC_TransmitPacket)
    USBD_ClrClassConfig                      0x08004f35   Thumb Code    22  usbd_core.o(i.USBD_ClrClassConfig)
    USBD_CtlContinueRx                       0x08004f8f   Thumb Code    24  usbd_ioreq.o(i.USBD_CtlContinueRx)
    USBD_CtlContinueSendData                 0x08004fa7   Thumb Code    24  usbd_ioreq.o(i.USBD_CtlContinueSendData)
    USBD_CtlError                            0x08004fbf   Thumb Code    24  usbd_ctlreq.o(i.USBD_CtlError)
    USBD_CtlPrepareRx                        0x08004fd7   Thumb Code    40  usbd_ioreq.o(i.USBD_CtlPrepareRx)
    USBD_CtlReceiveStatus                    0x08004fff   Thumb Code    26  usbd_ioreq.o(i.USBD_CtlReceiveStatus)
    USBD_CtlSendData                         0x08005019   Thumb Code    34  usbd_ioreq.o(i.USBD_CtlSendData)
    USBD_CtlSendStatus                       0x0800503b   Thumb Code    26  usbd_ioreq.o(i.USBD_CtlSendStatus)
    USBD_FS_ConfigStrDescriptor              0x08005055   Thumb Code    34  usbd_desc.o(i.USBD_FS_ConfigStrDescriptor)
    USBD_FS_DeviceDescriptor                 0x08005089   Thumb Code    10  usbd_desc.o(i.USBD_FS_DeviceDescriptor)
    USBD_FS_InterfaceStrDescriptor           0x08005099   Thumb Code    34  usbd_desc.o(i.USBD_FS_InterfaceStrDescriptor)
    USBD_FS_LangIDStrDescriptor              0x080050d1   Thumb Code    10  usbd_desc.o(i.USBD_FS_LangIDStrDescriptor)
    USBD_FS_ManufacturerStrDescriptor        0x080050e1   Thumb Code    20  usbd_desc.o(i.USBD_FS_ManufacturerStrDescriptor)
    USBD_FS_ProductStrDescriptor             0x0800510d   Thumb Code    34  usbd_desc.o(i.USBD_FS_ProductStrDescriptor)
    USBD_FS_SerialStrDescriptor              0x0800514d   Thumb Code    34  usbd_desc.o(i.USBD_FS_SerialStrDescriptor)
    USBD_GetString                           0x08005375   Thumb Code    82  usbd_ctlreq.o(i.USBD_GetString)
    USBD_Init                                0x080053c7   Thumb Code    50  usbd_core.o(i.USBD_Init)
    USBD_LL_ClearStallEP                     0x080053f9   Thumb Code    20  usbd_conf.o(i.USBD_LL_ClearStallEP)
    USBD_LL_CloseEP                          0x0800540d   Thumb Code    20  usbd_conf.o(i.USBD_LL_CloseEP)
    USBD_LL_DataInStage                      0x08005421   Thumb Code   218  usbd_core.o(i.USBD_LL_DataInStage)
    USBD_LL_DataOutStage                     0x080054fb   Thumb Code   134  usbd_core.o(i.USBD_LL_DataOutStage)
    USBD_LL_GetRxDataSize                    0x08005581   Thumb Code    18  usbd_conf.o(i.USBD_LL_GetRxDataSize)
    USBD_LL_Init                             0x08005595   Thumb Code   132  usbd_conf.o(i.USBD_LL_Init)
    USBD_LL_IsStallEP                        0x08005621   Thumb Code    56  usbd_conf.o(i.USBD_LL_IsStallEP)
    USBD_LL_OpenEP                           0x08005659   Thumb Code    32  usbd_conf.o(i.USBD_LL_OpenEP)
    USBD_LL_PrepareReceive                   0x08005679   Thumb Code    32  usbd_conf.o(i.USBD_LL_PrepareReceive)
    USBD_LL_Reset                            0x08005699   Thumb Code    68  usbd_core.o(i.USBD_LL_Reset)
    USBD_LL_Resume                           0x080056dd   Thumb Code    14  usbd_core.o(i.USBD_LL_Resume)
    USBD_LL_SOF                              0x080056eb   Thumb Code    34  usbd_core.o(i.USBD_LL_SOF)
    USBD_LL_SetSpeed                         0x0800570d   Thumb Code     8  usbd_core.o(i.USBD_LL_SetSpeed)
    USBD_LL_SetUSBAddress                    0x08005715   Thumb Code    20  usbd_conf.o(i.USBD_LL_SetUSBAddress)
    USBD_LL_SetupStage                       0x08005729   Thumb Code   110  usbd_core.o(i.USBD_LL_SetupStage)
    USBD_LL_StallEP                          0x08005797   Thumb Code    20  usbd_conf.o(i.USBD_LL_StallEP)
    USBD_LL_Start                            0x080057ab   Thumb Code    16  usbd_conf.o(i.USBD_LL_Start)
    USBD_LL_Suspend                          0x080057bb   Thumb Code    20  usbd_core.o(i.USBD_LL_Suspend)
    USBD_LL_Transmit                         0x080057cf   Thumb Code    32  usbd_conf.o(i.USBD_LL_Transmit)
    USBD_ParseSetupRequest                   0x080057ef   Thumb Code    40  usbd_ctlreq.o(i.USBD_ParseSetupRequest)
    USBD_RegisterClass                       0x08005817   Thumb Code    16  usbd_core.o(i.USBD_RegisterClass)
    USBD_RunTestMode                         0x08005827   Thumb Code     6  usbd_core.o(i.USBD_RunTestMode)
    USBD_SetClassConfig                      0x08005881   Thumb Code    34  usbd_core.o(i.USBD_SetClassConfig)
    USBD_Start                               0x080059a9   Thumb Code    14  usbd_core.o(i.USBD_Start)
    USBD_StdDevReq                           0x080059b7   Thumb Code   114  usbd_ctlreq.o(i.USBD_StdDevReq)
    USBD_StdEPReq                            0x08005a29   Thumb Code   342  usbd_ctlreq.o(i.USBD_StdEPReq)
    USBD_StdItfReq                           0x08005b7f   Thumb Code    74  usbd_ctlreq.o(i.USBD_StdItfReq)
    USBD_static_free                         0x08005bc9   Thumb Code     2  usbd_conf.o(i.USBD_static_free)
    USBD_static_malloc                       0x08005bcd   Thumb Code     6  usbd_conf.o(i.USBD_static_malloc)
    USB_LP_CAN_RX0_IRQHandler                0x08005bd9   Thumb Code    10  stm32f3xx_it.o(i.USB_LP_CAN_RX0_IRQHandler)
    UsageFault_Handler                       0x08005be9   Thumb Code     4  stm32f3xx_it.o(i.UsageFault_Handler)
    __0sprintf$8                             0x08005bed   Thumb Code    34  printf8.o(i.__0sprintf$8)
    __1sprintf$8                             0x08005bed   Thumb Code     0  printf8.o(i.__0sprintf$8)
    __2sprintf                               0x08005bed   Thumb Code     0  printf8.o(i.__0sprintf$8)
    __aeabi_errno_addr                       0x08005c15   Thumb Code     4  errno.o(i.__aeabi_errno_addr)
    __rt_errno_addr                          0x08005c15   Thumb Code     0  errno.o(i.__aeabi_errno_addr)
    __scatterload_copy                       0x08005c1d   Thumb Code    14  handlers.o(i.__scatterload_copy)
    __scatterload_null                       0x08005c2b   Thumb Code     2  handlers.o(i.__scatterload_null)
    __scatterload_zeroinit                   0x08005c2d   Thumb Code    14  handlers.o(i.__scatterload_zeroinit)
    checkUartBuf                             0x080060a9   Thumb Code   822  main.o(i.checkUartBuf)
    getMsg                                   0x080065fd   Thumb Code    92  usbd_cdc_if.o(i.getMsg)
    l3g_enableDefault                        0x08006665   Thumb Code    38  i2c_l3gd20h.o(i.l3g_enableDefault)
    l3g_init                                 0x08006691   Thumb Code    22  i2c_l3gd20h.o(i.l3g_init)
    l3g_read                                 0x080066a9   Thumb Code   192  i2c_l3gd20h.o(i.l3g_read)
    l3g_readReg                              0x08006779   Thumb Code    50  i2c_l3gd20h.o(i.l3g_readReg)
    l3g_testReg                              0x080067b9   Thumb Code    12  i2c_l3gd20h.o(i.l3g_testReg)
    l3g_writeReg                             0x080067c5   Thumb Code    36  i2c_l3gd20h.o(i.l3g_writeReg)
    main                                     0x080067f5   Thumb Code   446  main.o(i.main)
    putMsg                                   0x080069f1   Thumb Code    64  usbd_cdc_if.o(i.putMsg)
    aPLLMULFactorTable                       0x08006a44   Data          16  stm32f3xx_hal_rcc.o(.constdata)
    aPredivFactorTable                       0x08006a54   Data          16  stm32f3xx_hal_rcc.o(.constdata)
    AHBPrescTable                            0x08006a64   Data          16  system_stm32f3xx.o(.constdata)
    APBPrescTable                            0x08006a74   Data           8  system_stm32f3xx.o(.constdata)
    __ctype_table                            0x08006a7c   Data         129  ctype_o.o(.constdata)
    Region$$Table$$Base                      0x08006b04   Number         0  anon$$obj.o(Region$$Table)
    Region$$Table$$Limit                     0x08006b24   Number         0  anon$$obj.o(Region$$Table)
    uwTick                                   0x20000000   Data           4  stm32f3xx_hal.o(.data)
    SystemCoreClock                          0x20000004   Data           4  system_stm32f3xx.o(.data)
    txOverUsbUart                            0x20000008   Data           1  main.o(.data)
    scanIntervalMs                           0x20000009   Data           1  main.o(.data)
    sdWriteAddr                              0x20000010   Data           8  main.o(.data)
    SD_DUMMY_BYTE                            0x20000018   Data           1  spi_sd.o(.data)
    is_addr_block_idx                        0x20000019   Data           1  spi_sd.o(.data)
    LIS3DSH_INT_Device                       0x2000001c   Data           1  i2c_lis3dsh.o(.data)
    LIS3DSH_INT_Sensitivity                  0x20000020   Data           4  i2c_lis3dsh.o(.data)
    address                                  0x20000024   Data           1  i2c_l3gd20h.o(.data)
    io_timeout                               0x20000028   Data           4  i2c_l3gd20h.o(.data)
    did_timeout                              0x2000002c   Data           1  i2c_l3gd20h.o(.data)
    L3G_Sensitivity                          0x20000030   Data           4  i2c_l3gd20h.o(.data)
    FS_Desc                                  0x20000034   Data          28  usbd_desc.o(.data)
    USBD_FS_DeviceDesc                       0x20000050   Data          18  usbd_desc.o(.data)
    USBD_LangIDDesc                          0x20000064   Data           4  usbd_desc.o(.data)
    LineCoding                               0x20000068   Data           8  usbd_cdc_if.o(.data)
    rxChrBufIdx                              0x20000070   Data           1  usbd_cdc_if.o(.data)
    rxMsgBufSetIdx                           0x20000071   Data           1  usbd_cdc_if.o(.data)
    rxMsgBufGetIdx                           0x20000072   Data           1  usbd_cdc_if.o(.data)
    USBD_Interface_fops_FS                   0x20000074   Data          16  usbd_cdc_if.o(.data)
    USBD_CDC                                 0x20000090   Data          56  usbd_cdc.o(.data)
    USBD_CDC_CfgHSDesc                       0x200000c8   Data          67  usbd_cdc.o(.data)
    USBD_CDC_CfgFSDesc                       0x2000010c   Data          67  usbd_cdc.o(.data)
    USBD_CDC_OtherSpeedCfgDesc               0x20000150   Data          67  usbd_cdc.o(.data)
    hi2c1                                    0x2000019c   Data          76  main.o(.bss)
    hspi2                                    0x200001e8   Data         100  main.o(.bss)
    usbComOutBuf                             0x2000024c   Data         128  main.o(.bss)
    wrbuf                                    0x200002cc   Data         512  main.o(.bss)
    rdBuf                                    0x200004cc   Data         512  main.o(.bss)
    USBD_StrDesc                             0x200006cc   Data         512  usbd_desc.o(.bss)
    hUsbDeviceFS                             0x200008cc   Data         548  usb_device.o(.bss)
    UserRxBufferFS                           0x20000af0   Data         128  usbd_cdc_if.o(.bss)
    UserTxBufferFS                           0x20000b70   Data         128  usbd_cdc_if.o(.bss)
    rxChrBuf                                 0x20000bf0   Data          16  usbd_cdc_if.o(.bss)
    rxMsgBuf                                 0x20000c00   Data         256  usbd_cdc_if.o(.bss)
    hpcd_USB_FS                              0x20000d00   Data         936  usbd_conf.o(.bss)
    __initial_sp                             0x20001ac8   Data           0  startup_stm32f303xe.o(STACK)



==============================================================================

Memory Map of the image

  Image Entry point : 0x08000195

  Load Region LR_IROM1 (Base: 0x08000000, Size: 0x00006cc0, Max: 0x00080000, ABSOLUTE, COMPRESSED[0x00006bf0])

    Execution Region ER_IROM1 (Base: 0x08000000, Size: 0x00006b24, Max: 0x00080000, ABSOLUTE)

    Base Addr    Size         Type   Attr      Idx    E Section Name        Object

    0x08000000   0x00000194   Data   RO         2151    RESET               startup_stm32f303xe.o
    0x08000194   0x00000000   Code   RO         3419  * .ARM.Collect$$$$00000000  mc_w.l(entry.o)
    0x08000194   0x00000004   Code   RO         3701    .ARM.Collect$$$$00000001  mc_w.l(entry2.o)
    0x08000198   0x00000004   Code   RO         3704    .ARM.Collect$$$$00000004  mc_w.l(entry5.o)
    0x0800019c   0x00000000   Code   RO         3706    .ARM.Collect$$$$00000008  mc_w.l(entry7b.o)
    0x0800019c   0x00000000   Code   RO         3708    .ARM.Collect$$$$0000000A  mc_w.l(entry8b.o)
    0x0800019c   0x00000008   Code   RO         3709    .ARM.Collect$$$$0000000B  mc_w.l(entry9a.o)
    0x080001a4   0x00000000   Code   RO         3711    .ARM.Collect$$$$0000000D  mc_w.l(entry10a.o)
    0x080001a4   0x00000000   Code   RO         3713    .ARM.Collect$$$$0000000F  mc_w.l(entry11a.o)
    0x080001a4   0x00000004   Code   RO         3702    .ARM.Collect$$$$00002712  mc_w.l(entry2.o)
    0x080001a8   0x00000024   Code   RO         2152    .text               startup_stm32f303xe.o
    0x080001cc   0x00000062   Code   RO         3422    .text               mc_w.l(uldiv.o)
    0x0800022e   0x00000020   Code   RO         3424    .text               mc_w.l(llushr.o)
    0x0800024e   0x00000024   Code   RO         3426    .text               mc_w.l(memcpya.o)
    0x08000272   0x00000024   Code   RO         3428    .text               mc_w.l(memseta.o)
    0x08000296   0x0000000e   Code   RO         3430    .text               mc_w.l(strlen.o)
    0x080002a4   0x0000001a   Code   RO         3432    .text               mc_w.l(memcmp.o)
    0x080002be   0x00000004   Code   RO         3697    .text               mc_w.l(strtoull.o)
    0x080002c2   0x0000001a   Code   RO         3699    .text               mc_w.l(atoi.o)
    0x080002dc   0x0000001e   Code   RO         3720    .text               mc_w.l(llshl.o)
    0x080002fa   0x00000070   Code   RO         3729    .text               mc_w.l(strtol.o)
    0x0800036a   0x0000007c   Code   RO         3731    .text               mc_w.l(__strtoull.o)
    0x080003e6   0x00000002   PAD
    0x080003e8   0x00000024   Code   RO         3744    .text               mc_w.l(init.o)
    0x0800040c   0x00000008   Code   RO         3749    .text               mc_w.l(ctype_o.o)
    0x08000414   0x0000009e   Code   RO         3777    .text               mc_w.l(_strtoul.o)
    0x080004b2   0x000000c2   Code   RO         3779    .text               mc_w.l(_strtoull.o)
    0x08000574   0x0000001c   Code   RO         3784    .text               mc_w.l(_chval.o)
    0x08000590   0x00000056   Code   RO         3794    .text               mc_w.l(__dczerorl2.o)
    0x080005e6   0x00000004   Code   RO         2159    i.BusFault_Handler  stm32f3xx_it.o
    0x080005ea   0x00000002   PAD
    0x080005ec   0x000000a0   Code   RO         2753    i.CDC_Control_FS    usbd_cdc_if.o
    0x0800068c   0x00000004   Code   RO         2754    i.CDC_DeInit_FS     usbd_cdc_if.o
    0x08000690   0x00000024   Code   RO         2755    i.CDC_Init_FS       usbd_cdc_if.o
    0x080006b4   0x0000006c   Code   RO         2756    i.CDC_Receive_FS    usbd_cdc_if.o
    0x08000720   0x00000038   Code   RO         2757    i.CDC_Transmit_FS   usbd_cdc_if.o
    0x08000758   0x00000002   Code   RO         2160    i.DebugMon_Handler  stm32f3xx_it.o
    0x0800075a   0x00000002   PAD
    0x0800075c   0x00000014   Code   RO         2241    i.Error_Handler     main.o
    0x08000770   0x00000018   Code   RO         1133    i.HAL_Delay         stm32f3xx_hal.o
    0x08000788   0x000001e8   Code   RO         1385    i.HAL_GPIO_Init     stm32f3xx_hal_gpio.o
    0x08000970   0x00000010   Code   RO         1387    i.HAL_GPIO_ReadPin  stm32f3xx_hal_gpio.o
    0x08000980   0x0000000a   Code   RO         1389    i.HAL_GPIO_WritePin  stm32f3xx_hal_gpio.o
    0x0800098a   0x00000002   PAD
    0x0800098c   0x0000000c   Code   RO         1137    i.HAL_GetTick       stm32f3xx_hal.o
    0x08000998   0x0000006a   Code   RO          497    i.HAL_I2CEx_ConfigAnalogFilter  stm32f3xx_hal_i2c_ex.o
    0x08000a02   0x00000002   PAD
    0x08000a04   0x000000bc   Code   RO          709    i.HAL_I2C_Init      stm32f3xx_hal_i2c.o
    0x08000ac0   0x0000017c   Code   RO          715    i.HAL_I2C_Master_Receive  stm32f3xx_hal_i2c.o
    0x08000c3c   0x00000174   Code   RO          720    i.HAL_I2C_Master_Transmit  stm32f3xx_hal_i2c.o
    0x08000db0   0x00000058   Code   RO         2349    i.HAL_I2C_MspInit   stm32f3xx_hal_msp.o
    0x08000e08   0x00000010   Code   RO         1138    i.HAL_IncTick       stm32f3xx_hal.o
    0x08000e18   0x00000028   Code   RO         1139    i.HAL_Init          stm32f3xx_hal.o
    0x08000e40   0x00000028   Code   RO         1140    i.HAL_InitTick      stm32f3xx_hal.o
    0x08000e68   0x00000078   Code   RO         2350    i.HAL_MspInit       stm32f3xx_hal_msp.o
    0x08000ee0   0x0000001a   Code   RO            7    i.HAL_NVIC_EnableIRQ  stm32f3xx_hal_cortex.o
    0x08000efa   0x0000007c   Code   RO           13    i.HAL_NVIC_SetPriority  stm32f3xx_hal_cortex.o
    0x08000f76   0x00000002   PAD
    0x08000f78   0x00000028   Code   RO           14    i.HAL_NVIC_SetPriorityGrouping  stm32f3xx_hal_cortex.o
    0x08000fa0   0x00000044   Code   RO         2073    i.HAL_PCDEx_PMAConfig  stm32f3xx_hal_pcd_ex.o
    0x08000fe4   0x00000002   Code   RO         2817    i.HAL_PCDEx_SetConnectionState  usbd_conf.o
    0x08000fe6   0x00000020   Code   RO         2819    i.HAL_PCD_DataInStageCallback  usbd_conf.o
    0x08001006   0x00000020   Code   RO         2820    i.HAL_PCD_DataOutStageCallback  usbd_conf.o
    0x08001026   0x000002b2   Code   RO         1867    i.HAL_PCD_EP_Close  stm32f3xx_hal_pcd.o
    0x080012d8   0x00000120   Code   RO         1868    i.HAL_PCD_EP_ClrStall  stm32f3xx_hal_pcd.o
    0x080013f8   0x00000018   Code   RO         1870    i.HAL_PCD_EP_GetRxCount  stm32f3xx_hal_pcd.o
    0x08001410   0x00000516   Code   RO         1871    i.HAL_PCD_EP_Open   stm32f3xx_hal_pcd.o
    0x08001926   0x00000152   Code   RO         1872    i.HAL_PCD_EP_Receive  stm32f3xx_hal_pcd.o
    0x08001a78   0x000000ea   Code   RO         1873    i.HAL_PCD_EP_SetStall  stm32f3xx_hal_pcd.o
    0x08001b62   0x00000138   Code   RO         1874    i.HAL_PCD_EP_Transmit  stm32f3xx_hal_pcd.o
    0x08001c9a   0x00000164   Code   RO         1876    i.HAL_PCD_IRQHandler  stm32f3xx_hal_pcd.o
    0x08001dfe   0x00000116   Code   RO         1879    i.HAL_PCD_Init      stm32f3xx_hal_pcd.o
    0x08001f14   0x00000044   Code   RO         2825    i.HAL_PCD_MspInit   usbd_conf.o
    0x08001f58   0x0000002a   Code   RO         2826    i.HAL_PCD_ResetCallback  usbd_conf.o
    0x08001f82   0x0000000e   Code   RO         2827    i.HAL_PCD_ResumeCallback  usbd_conf.o
    0x08001f90   0x0000000e   Code   RO         2828    i.HAL_PCD_SOFCallback  usbd_conf.o
    0x08001f9e   0x00000036   Code   RO         1885    i.HAL_PCD_SetAddress  stm32f3xx_hal_pcd.o
    0x08001fd4   0x00000012   Code   RO         2829    i.HAL_PCD_SetupStageCallback  usbd_conf.o
    0x08001fe6   0x00000010   Code   RO         1887    i.HAL_PCD_Start     stm32f3xx_hal_pcd.o
    0x08001ff6   0x00000002   PAD
    0x08001ff8   0x00000024   Code   RO         2830    i.HAL_PCD_SuspendCallback  usbd_conf.o
    0x0800201c   0x000003ac   Code   RO          658    i.HAL_RCCEx_PeriphCLKConfig  stm32f3xx_hal_rcc_ex.o
    0x080023c8   0x000002ec   Code   RO          552    i.HAL_RCC_ClockConfig  stm32f3xx_hal_rcc.o
    0x080026b4   0x0000000c   Code   RO          557    i.HAL_RCC_GetHCLKFreq  stm32f3xx_hal_rcc.o
    0x080026c0   0x00000094   Code   RO          561    i.HAL_RCC_GetSysClockFreq  stm32f3xx_hal_rcc.o
    0x08002754   0x00000a08   Code   RO          564    i.HAL_RCC_OscConfig  stm32f3xx_hal_rcc.o
    0x0800315c   0x000000ce   Code   RO         1562    i.HAL_SPI_Init      stm32f3xx_hal_spi.o
    0x0800322a   0x00000002   PAD
    0x0800322c   0x00000074   Code   RO         2352    i.HAL_SPI_MspInit   stm32f3xx_hal_msp.o
    0x080032a0   0x00000344   Code   RO         1571    i.HAL_SPI_TransmitReceive  stm32f3xx_hal_spi.o
    0x080035e4   0x00000028   Code   RO           16    i.HAL_SYSTICK_CLKSourceConfig  stm32f3xx_hal_cortex.o
    0x0800360c   0x00000002   Code   RO           17    i.HAL_SYSTICK_Callback  stm32f3xx_hal_cortex.o
    0x0800360e   0x00000034   Code   RO           18    i.HAL_SYSTICK_Config  stm32f3xx_hal_cortex.o
    0x08003642   0x00000008   Code   RO           19    i.HAL_SYSTICK_IRQHandler  stm32f3xx_hal_cortex.o
    0x0800364a   0x00000004   Code   RO         2161    i.HardFault_Handler  stm32f3xx_it.o
    0x0800364e   0x00000028   Code   RO          751    i.I2C_Flush_TXDR    stm32f3xx_hal_i2c.o
    0x08003676   0x00000002   PAD
    0x08003678   0x0000008c   Code   RO          759    i.I2C_IsAcknowledgeFailed  stm32f3xx_hal_i2c.o
    0x08003704   0x00000030   Code   RO          766    i.I2C_TransferConfig  stm32f3xx_hal_i2c.o
    0x08003734   0x00000056   Code   RO          767    i.I2C_WaitOnFlagUntilTimeout  stm32f3xx_hal_i2c.o
    0x0800378a   0x00000002   PAD
    0x0800378c   0x00000090   Code   RO          768    i.I2C_WaitOnRXNEFlagUntilTimeout  stm32f3xx_hal_i2c.o
    0x0800381c   0x00000056   Code   RO          769    i.I2C_WaitOnSTOPFlagUntilTimeout  stm32f3xx_hal_i2c.o
    0x08003872   0x0000005a   Code   RO          770    i.I2C_WaitOnTXISFlagUntilTimeout  stm32f3xx_hal_i2c.o
    0x080038cc   0x00000028   Code   RO         2502    i.LIS3DSH_Detect    i2c_lis3dsh.o
    0x080038f4   0x00000014   Code   RO         2503    i.LIS3DSH_INT_Delay  i2c_lis3dsh.o
    0x08003908   0x000000c8   Code   RO         2504    i.LIS3DSH_INT_InitLIS3DSH  i2c_lis3dsh.o
    0x080039d0   0x00000048   Code   RO         2505    i.LIS3DSH_INT_Read  i2c_lis3dsh.o
    0x08003a18   0x000000d4   Code   RO         2506    i.LIS3DSH_INT_ReadAxes  i2c_lis3dsh.o
    0x08003aec   0x00000040   Code   RO         2507    i.LIS3DSH_INT_Write  i2c_lis3dsh.o
    0x08003b2c   0x0000002c   Code   RO         2508    i.LIS3DSH_Init      i2c_lis3dsh.o
    0x08003b58   0x00000020   Code   RO         2509    i.LIS3DSH_ReadAxes  i2c_lis3dsh.o
    0x08003b78   0x00000140   Code   RO         2242    i.MX_GPIO_Init      main.o
    0x08003cb8   0x00000048   Code   RO         2243    i.MX_I2C1_Init      main.o
    0x08003d00   0x00000050   Code   RO         2244    i.MX_SPI2_Init      main.o
    0x08003d50   0x00000034   Code   RO         2719    i.MX_USB_DEVICE_Init  usb_device.o
    0x08003d84   0x00000004   Code   RO         2162    i.MemManage_Handler  stm32f3xx_it.o
    0x08003d88   0x00000002   Code   RO         2163    i.NMI_Handler       stm32f3xx_it.o
    0x08003d8a   0x00000002   PAD
    0x08003d8c   0x00000010   Code   RO           20    i.NVIC_GetPriorityGrouping  stm32f3xx_hal_cortex.o
    0x08003d9c   0x00000028   Code   RO           21    i.NVIC_SetPriority  stm32f3xx_hal_cortex.o
    0x08003dc4   0x0000042c   Code   RO         1890    i.PCD_EP_ISR_Handler  stm32f3xx_hal_pcd.o
    0x080041f0   0x00000022   Code   RO         2075    i.PCD_ReadPMA       stm32f3xx_hal_pcd_ex.o
    0x08004212   0x00000034   Code   RO         2076    i.PCD_WritePMA      stm32f3xx_hal_pcd_ex.o
    0x08004246   0x00000002   Code   RO         2164    i.PendSV_Handler    stm32f3xx_it.o
    0x08004248   0x00000020   Code   RO         2396    i.SD_Detect         spi_sd.o
    0x08004268   0x00000118   Code   RO         2397    i.SD_GetCIDRegister  spi_sd.o
    0x08004380   0x00000218   Code   RO         2398    i.SD_GetCSDRegister  spi_sd.o
    0x08004598   0x0000003e   Code   RO         2399    i.SD_GetCardInfo    spi_sd.o
    0x080045d6   0x0000004c   Code   RO         2400    i.SD_GetDataResponse  spi_sd.o
    0x08004622   0x00000022   Code   RO         2401    i.SD_GetResponse    spi_sd.o
    0x08004644   0x0000016c   Code   RO         2403    i.SD_GoIdleState    spi_sd.o
    0x080047b0   0x00000030   Code   RO         2404    i.SD_Init           spi_sd.o
    0x080047e0   0x00000094   Code   RO         2405    i.SD_ReadBlock      spi_sd.o
    0x08004874   0x00000020   Code   RO         2406    i.SD_ReadByte       spi_sd.o
    0x08004894   0x00000046   Code   RO         2407    i.SD_SendCmd        spi_sd.o
    0x080048da   0x00000002   PAD
    0x080048dc   0x000000a4   Code   RO         2408    i.SD_WriteBlock     spi_sd.o
    0x08004980   0x00000020   Code   RO         2409    i.SD_WriteByte      spi_sd.o
    0x080049a0   0x00000040   Code   RO         1597    i.SPI_EndRxTxTransaction  stm32f3xx_hal_spi.o
    0x080049e0   0x000000b4   Code   RO         1604    i.SPI_WaitFifoStateUntilTimeout  stm32f3xx_hal_spi.o
    0x08004a94   0x000000a2   Code   RO         1605    i.SPI_WaitFlagStateUntilTimeout  stm32f3xx_hal_spi.o
    0x08004b36   0x00000002   Code   RO         2165    i.SVC_Handler       stm32f3xx_it.o
    0x08004b38   0x0000000c   Code   RO         2166    i.SysTick_Handler   stm32f3xx_it.o
    0x08004b44   0x0000009c   Code   RO         2245    i.SystemClock_Config  main.o
    0x08004be0   0x0000007c   Code   RO         2116    i.SystemInit        system_stm32f3xx.o
    0x08004c5c   0x0000001a   Code   RO         3024    i.USBD_CDC_DataIn   usbd_cdc.o
    0x08004c76   0x00000034   Code   RO         3025    i.USBD_CDC_DataOut  usbd_cdc.o
    0x08004caa   0x00000040   Code   RO         3026    i.USBD_CDC_DeInit   usbd_cdc.o
    0x08004cea   0x00000032   Code   RO         3027    i.USBD_CDC_EP0_RxReady  usbd_cdc.o
    0x08004d1c   0x00000010   Code   RO         3028    i.USBD_CDC_GetDeviceQualifierDescriptor  usbd_cdc.o
    0x08004d2c   0x00000010   Code   RO         3029    i.USBD_CDC_GetFSCfgDesc  usbd_cdc.o
    0x08004d3c   0x00000010   Code   RO         3030    i.USBD_CDC_GetHSCfgDesc  usbd_cdc.o
    0x08004d4c   0x00000010   Code   RO         3031    i.USBD_CDC_GetOtherSpeedCfgDesc  usbd_cdc.o
    0x08004d5c   0x000000a6   Code   RO         3032    i.USBD_CDC_Init     usbd_cdc.o
    0x08004e02   0x0000003a   Code   RO         3033    i.USBD_CDC_ReceivePacket  usbd_cdc.o
    0x08004e3c   0x0000000e   Code   RO         3034    i.USBD_CDC_RegisterInterface  usbd_cdc.o
    0x08004e4a   0x0000000e   Code   RO         3035    i.USBD_CDC_SetRxBuffer  usbd_cdc.o
    0x08004e58   0x00000014   Code   RO         3036    i.USBD_CDC_SetTxBuffer  usbd_cdc.o
    0x08004e6c   0x00000090   Code   RO         3037    i.USBD_CDC_Setup    usbd_cdc.o
    0x08004efc   0x00000038   Code   RO         3038    i.USBD_CDC_TransmitPacket  usbd_cdc.o
    0x08004f34   0x00000016   Code   RO         3284    i.USBD_ClrClassConfig  usbd_core.o
    0x08004f4a   0x00000044   Code   RO         3189    i.USBD_ClrFeature   usbd_ctlreq.o
    0x08004f8e   0x00000018   Code   RO         3129    i.USBD_CtlContinueRx  usbd_ioreq.o
    0x08004fa6   0x00000018   Code   RO         3130    i.USBD_CtlContinueSendData  usbd_ioreq.o
    0x08004fbe   0x00000018   Code   RO         3190    i.USBD_CtlError     usbd_ctlreq.o
    0x08004fd6   0x00000028   Code   RO         3131    i.USBD_CtlPrepareRx  usbd_ioreq.o
    0x08004ffe   0x0000001a   Code   RO         3132    i.USBD_CtlReceiveStatus  usbd_ioreq.o
    0x08005018   0x00000022   Code   RO         3133    i.USBD_CtlSendData  usbd_ioreq.o
    0x0800503a   0x0000001a   Code   RO         3134    i.USBD_CtlSendStatus  usbd_ioreq.o
    0x08005054   0x00000034   Code   RO         2652    i.USBD_FS_ConfigStrDescriptor  usbd_desc.o
    0x08005088   0x00000010   Code   RO         2653    i.USBD_FS_DeviceDescriptor  usbd_desc.o
    0x08005098   0x00000038   Code   RO         2654    i.USBD_FS_InterfaceStrDescriptor  usbd_desc.o
    0x080050d0   0x00000010   Code   RO         2655    i.USBD_FS_LangIDStrDescriptor  usbd_desc.o
    0x080050e0   0x0000002c   Code   RO         2656    i.USBD_FS_ManufacturerStrDescriptor  usbd_desc.o
    0x0800510c   0x00000040   Code   RO         2657    i.USBD_FS_ProductStrDescriptor  usbd_desc.o
    0x0800514c   0x00000038   Code   RO         2658    i.USBD_FS_SerialStrDescriptor  usbd_desc.o
    0x08005184   0x00000050   Code   RO         3191    i.USBD_GetConfig    usbd_ctlreq.o
    0x080051d4   0x00000148   Code   RO         3192    i.USBD_GetDescriptor  usbd_ctlreq.o
    0x0800531c   0x00000014   Code   RO         3193    i.USBD_GetLen       usbd_ctlreq.o
    0x08005330   0x00000044   Code   RO         3194    i.USBD_GetStatus    usbd_ctlreq.o
    0x08005374   0x00000052   Code   RO         3195    i.USBD_GetString    usbd_ctlreq.o
    0x080053c6   0x00000032   Code   RO         3286    i.USBD_Init         usbd_core.o
    0x080053f8   0x00000014   Code   RO         2831    i.USBD_LL_ClearStallEP  usbd_conf.o
    0x0800540c   0x00000014   Code   RO         2832    i.USBD_LL_CloseEP   usbd_conf.o
    0x08005420   0x000000da   Code   RO         3287    i.USBD_LL_DataInStage  usbd_core.o
    0x080054fa   0x00000086   Code   RO         3288    i.USBD_LL_DataOutStage  usbd_core.o
    0x08005580   0x00000012   Code   RO         2836    i.USBD_LL_GetRxDataSize  usbd_conf.o
    0x08005592   0x00000002   PAD
    0x08005594   0x0000008c   Code   RO         2837    i.USBD_LL_Init      usbd_conf.o
    0x08005620   0x00000038   Code   RO         2838    i.USBD_LL_IsStallEP  usbd_conf.o
    0x08005658   0x00000020   Code   RO         2839    i.USBD_LL_OpenEP    usbd_conf.o
    0x08005678   0x00000020   Code   RO         2840    i.USBD_LL_PrepareReceive  usbd_conf.o
    0x08005698   0x00000044   Code   RO         3293    i.USBD_LL_Reset     usbd_core.o
    0x080056dc   0x0000000e   Code   RO         3294    i.USBD_LL_Resume    usbd_core.o
    0x080056ea   0x00000022   Code   RO         3295    i.USBD_LL_SOF       usbd_core.o
    0x0800570c   0x00000008   Code   RO         3296    i.USBD_LL_SetSpeed  usbd_core.o
    0x08005714   0x00000014   Code   RO         2841    i.USBD_LL_SetUSBAddress  usbd_conf.o
    0x08005728   0x0000006e   Code   RO         3297    i.USBD_LL_SetupStage  usbd_core.o
    0x08005796   0x00000014   Code   RO         2842    i.USBD_LL_StallEP   usbd_conf.o
    0x080057aa   0x00000010   Code   RO         2843    i.USBD_LL_Start     usbd_conf.o
    0x080057ba   0x00000014   Code   RO         3298    i.USBD_LL_Suspend   usbd_core.o
    0x080057ce   0x00000020   Code   RO         2845    i.USBD_LL_Transmit  usbd_conf.o
    0x080057ee   0x00000028   Code   RO         3196    i.USBD_ParseSetupRequest  usbd_ctlreq.o
    0x08005816   0x00000010   Code   RO         3299    i.USBD_RegisterClass  usbd_core.o
    0x08005826   0x00000006   Code   RO         3300    i.USBD_RunTestMode  usbd_core.o
    0x0800582c   0x00000054   Code   RO         3197    i.USBD_SetAddress   usbd_ctlreq.o
    0x08005880   0x00000022   Code   RO         3301    i.USBD_SetClassConfig  usbd_core.o
    0x080058a2   0x00000002   PAD
    0x080058a4   0x000000e0   Code   RO         3198    i.USBD_SetConfig    usbd_ctlreq.o
    0x08005984   0x00000024   Code   RO         3199    i.USBD_SetFeature   usbd_ctlreq.o
    0x080059a8   0x0000000e   Code   RO         3302    i.USBD_Start        usbd_core.o
    0x080059b6   0x00000072   Code   RO         3200    i.USBD_StdDevReq    usbd_ctlreq.o
    0x08005a28   0x00000156   Code   RO         3201    i.USBD_StdEPReq     usbd_ctlreq.o
    0x08005b7e   0x0000004a   Code   RO         3202    i.USBD_StdItfReq    usbd_ctlreq.o
    0x08005bc8   0x00000002   Code   RO         2846    i.USBD_static_free  usbd_conf.o
    0x08005bca   0x00000002   PAD
    0x08005bcc   0x0000000c   Code   RO         2847    i.USBD_static_malloc  usbd_conf.o
    0x08005bd8   0x00000010   Code   RO         2167    i.USB_LP_CAN_RX0_IRQHandler  stm32f3xx_it.o
    0x08005be8   0x00000004   Code   RO         2168    i.UsageFault_Handler  stm32f3xx_it.o
    0x08005bec   0x00000028   Code   RO         3645    i.__0sprintf$8      mc_w.l(printf8.o)
    0x08005c14   0x00000008   Code   RO         3722    i.__aeabi_errno_addr  mc_w.l(errno.o)
    0x08005c1c   0x0000000e   Code   RO         3788    i.__scatterload_copy  mc_w.l(handlers.o)
    0x08005c2a   0x00000002   Code   RO         3789    i.__scatterload_null  mc_w.l(handlers.o)
    0x08005c2c   0x0000000e   Code   RO         3790    i.__scatterload_zeroinit  mc_w.l(handlers.o)
    0x08005c3a   0x00000002   PAD
    0x08005c3c   0x00000410   Code   RO         3650    i._printf_core      mc_w.l(printf8.o)
    0x0800604c   0x00000024   Code   RO         3651    i._printf_post_padding  mc_w.l(printf8.o)
    0x08006070   0x0000002e   Code   RO         3652    i._printf_pre_padding  mc_w.l(printf8.o)
    0x0800609e   0x0000000a   Code   RO         3654    i._sputc            mc_w.l(printf8.o)
    0x080060a8   0x00000554   Code   RO         2246    i.checkUartBuf      main.o
    0x080065fc   0x00000068   Code   RO         2758    i.getMsg            usbd_cdc_if.o
    0x08006664   0x0000002c   Code   RO         2572    i.l3g_enableDefault  i2c_l3gd20h.o
    0x08006690   0x00000016   Code   RO         2574    i.l3g_init          i2c_l3gd20h.o
    0x080066a6   0x00000002   PAD
    0x080066a8   0x000000d0   Code   RO         2575    i.l3g_read          i2c_l3gd20h.o
    0x08006778   0x00000040   Code   RO         2576    i.l3g_readReg       i2c_l3gd20h.o
    0x080067b8   0x0000000c   Code   RO         2578    i.l3g_testReg       i2c_l3gd20h.o
    0x080067c4   0x00000030   Code   RO         2580    i.l3g_writeReg      i2c_l3gd20h.o
    0x080067f4   0x000001fc   Code   RO         2247    i.main              main.o
    0x080069f0   0x00000054   Code   RO         2759    i.putMsg            usbd_cdc_if.o
    0x08006a44   0x00000020   Data   RO          565    .constdata          stm32f3xx_hal_rcc.o
    0x08006a64   0x00000018   Data   RO         2117    .constdata          system_stm32f3xx.o
    0x08006a7c   0x00000081   Data   RO         3750    .constdata          mc_w.l(ctype_o.o)
    0x08006afd   0x00000003   PAD
    0x08006b00   0x00000004   Data   RO         3751    .constdata          mc_w.l(ctype_o.o)
    0x08006b04   0x00000020   Data   RO         3786    Region$$Table       anon$$obj.o


    Execution Region RW_IRAM1 (Base: 0x20000000, Size: 0x00001ac8, Max: 0x00010000, ABSOLUTE, COMPRESSED[0x000000cc])

    Base Addr    Size         Type   Attr      Idx    E Section Name        Object

    0x20000000   0x00000004   Data   RW         1145    .data               stm32f3xx_hal.o
    0x20000004   0x00000004   Data   RW         2118    .data               system_stm32f3xx.o
    0x20000008   0x00000010   Data   RW         2249    .data               main.o
    0x20000018   0x00000002   Data   RW         2410    .data               spi_sd.o
    0x2000001a   0x00000002   PAD
    0x2000001c   0x00000008   Data   RW         2510    .data               i2c_lis3dsh.o
    0x20000024   0x00000010   Data   RW         2581    .data               i2c_l3gd20h.o
    0x20000034   0x00000034   Data   RW         2660    .data               usbd_desc.o
    0x20000068   0x0000001c   Data   RW         2761    .data               usbd_cdc_if.o
    0x20000084   0x00000110   Data   RW         3039    .data               usbd_cdc.o
    0x20000194   0x00000001   Data   RW         3203    .data               usbd_ctlreq.o
    0x20000195   0x00000003   PAD
    0x20000198   0x00000004   Data   RW         3725    .data               mc_w.l(errno.o)
    0x2000019c   0x00000530   Zero   RW         2248    .bss                main.o
    0x200006cc   0x00000200   Zero   RW         2659    .bss                usbd_desc.o
    0x200008cc   0x00000224   Zero   RW         2720    .bss                usb_device.o
    0x20000af0   0x00000210   Zero   RW         2760    .bss                usbd_cdc_if.o
    0x20000d00   0x000005c8   Zero   RW         2848    .bss                usbd_conf.o
    0x200012c8   0x00000800   Zero   RW         2149    STACK               startup_stm32f303xe.o


==============================================================================

Image component sizes


      Code (inc. data)   RO Data    RW Data    ZI Data      Debug   Object Name

       398         48          0         16          0       4122   i2c_l3gd20h.o
       684         60          0          8          0       5468   i2c_lis3dsh.o
      2520        658          0         16       1328      17706   main.o
      1878         88          0          2          0       8849   spi_sd.o
        36          8        404          0       2048        780   startup_stm32f303xe.o
       132         20          0          4          0       3615   stm32f3xx_hal.o
       348         22          0          0          0     662109   stm32f3xx_hal_cortex.o
       514         36          0          0          0       2923   stm32f3xx_hal_gpio.o
      1574         30          0          0          0       9934   stm32f3xx_hal_i2c.o
       106          0          0          0          0       1071   stm32f3xx_hal_i2c_ex.o
       324         32          0          0          0       2130   stm32f3xx_hal_msp.o
      4960          0          0          0          0      11905   stm32f3xx_hal_pcd.o
       154          0          0          0          0       2707   stm32f3xx_hal_pcd_ex.o
      3476         72         32          0          0       5066   stm32f3xx_hal_rcc.o
       940         14          0          0          0       1660   stm32f3xx_hal_rcc_ex.o
      1448          0          0          0          0       5205   stm32f3xx_hal_spi.o
        52          6          0          0          0       4386   stm32f3xx_it.o
       124         20         24          4          0       1331   system_stm32f3xx.o
        52         16          0          0        548        660   usb_device.o
       728         30          0        272          0      12758   usbd_cdc.o
       552         70          0         28        528       4961   usbd_cdc_if.o
       678         30          0          0       1480      13297   usbd_conf.o
       748          0          0          0          0       9867   usbd_core.o
      1584         30          0          1          0      10508   usbd_ctlreq.o
       304        128          0         52        512       5163   usbd_desc.o
       174          0          0          0          0       4552   usbd_ioreq.o

    ----------------------------------------------------------------------
     24518       1418        492        408       6444     812733   Object Totals
         0          0         32          0          0          0   (incl. Generated)
        30          0          0          5          0          0   (incl. Padding)

    ----------------------------------------------------------------------

      Code (inc. data)   RO Data    RW Data    ZI Data      Debug   Library Member Name

        86          0          0          0          0          0   __dczerorl2.o
       124          0          0          0          0         92   __strtoull.o
        28          0          0          0          0         68   _chval.o
       158          0          0          0          0         92   _strtoul.o
       194          0          0          0          0         96   _strtoull.o
        26          0          0          0          0         80   atoi.o
         8          4        133          0          0         68   ctype_o.o
         0          0          0          0          0          0   entry.o
         0          0          0          0          0          0   entry10a.o
         0          0          0          0          0          0   entry11a.o
         8          4          0          0          0          0   entry2.o
         4          0          0          0          0          0   entry5.o
         0          0          0          0          0          0   entry7b.o
         0          0          0          0          0          0   entry8b.o
         8          4          0          0          0          0   entry9a.o
         8          4          0          4          0         68   errno.o
        30          0          0          0          0          0   handlers.o
        36          8          0          0          0         68   init.o
        30          0          0          0          0         68   llshl.o
        32          0          0          0          0         68   llushr.o
        26          0          0          0          0         80   memcmp.o
        36          0          0          0          0         68   memcpya.o
        36          0          0          0          0        108   memseta.o
      1172         50          0          0          0        420   printf8.o
        14          0          0          0          0         68   strlen.o
       112          0          0          0          0         88   strtol.o
         4          0          0          0          0         68   strtoull.o
        98          0          0          0          0         92   uldiv.o

    ----------------------------------------------------------------------
      2282         74        136          4          0       1760   Library Totals
         4          0          3          0          0          0   (incl. Padding)

    ----------------------------------------------------------------------

      Code (inc. data)   RO Data    RW Data    ZI Data      Debug   Library Name

      2278         74        133          4          0       1760   mc_w.l

    ----------------------------------------------------------------------
      2282         74        136          4          0       1760   Library Totals

    ----------------------------------------------------------------------

==============================================================================


      Code (inc. data)   RO Data    RW Data    ZI Data      Debug   

     26800       1492        628        412       6444     795793   Grand Totals
     26800       1492        628        204       6444     795793   ELF Image Totals (compressed)
     26800       1492        628        204          0          0   ROM Totals

==============================================================================

    Total RO  Size (Code + RO Data)                27428 (  26.79kB)
    Total RW  Size (RW Data + ZI Data)              6856 (   6.70kB)
    Total ROM Size (Code + RO Data + RW Data)      27632 (  26.98kB)

==============================================================================

