Component: ARM Compiler 5.06 update 1 (build 61) Tool: armlink [4d35a8]

==============================================================================

Section Cross References

    stm32l0xx_hal_rcc.o(i.HAL_RCC_ClockConfig) refers to stm32l0xx_hal.o(i.HAL_GetTick) for HAL_GetTick
    stm32l0xx_hal_rcc.o(i.HAL_RCC_ClockConfig) refers to stm32l0xx_hal.o(i.HAL_InitTick) for HAL_InitTick
    stm32l0xx_hal_rcc.o(i.HAL_RCC_GetHCLKFreq) refers to stm32l0xx_hal_rcc.o(i.HAL_RCC_GetSysClockFreq) for HAL_RCC_GetSysClockFreq
    stm32l0xx_hal_rcc.o(i.HAL_RCC_GetHCLKFreq) refers to stm32l0xx_hal_rcc.o(.constdata) for .constdata
    stm32l0xx_hal_rcc.o(i.HAL_RCC_GetHCLKFreq) refers to system_stm32l0xx.o(.data) for SystemCoreClock
    stm32l0xx_hal_rcc.o(i.HAL_RCC_GetPCLK1Freq) refers to stm32l0xx_hal_rcc.o(i.HAL_RCC_GetHCLKFreq) for HAL_RCC_GetHCLKFreq
    stm32l0xx_hal_rcc.o(i.HAL_RCC_GetPCLK1Freq) refers to stm32l0xx_hal_rcc.o(.constdata) for .constdata
    stm32l0xx_hal_rcc.o(i.HAL_RCC_GetPCLK2Freq) refers to stm32l0xx_hal_rcc.o(i.HAL_RCC_GetHCLKFreq) for HAL_RCC_GetHCLKFreq
    stm32l0xx_hal_rcc.o(i.HAL_RCC_GetPCLK2Freq) refers to stm32l0xx_hal_rcc.o(.constdata) for .constdata
    stm32l0xx_hal_rcc.o(i.HAL_RCC_GetSysClockFreq) refers to uidiv.o(.text) for __aeabi_uidivmod
    stm32l0xx_hal_rcc.o(i.HAL_RCC_GetSysClockFreq) refers to system_stm32l0xx.o(.constdata) for PLLMulTable
    stm32l0xx_hal_rcc.o(i.HAL_RCC_MCOConfig) refers to stm32l0xx_hal_gpio.o(i.HAL_GPIO_Init) for HAL_GPIO_Init
    stm32l0xx_hal_rcc.o(i.HAL_RCC_NMI_IRQHandler) refers to stm32l0xx_hal_rcc.o(i.HAL_RCC_CSSCallback) for HAL_RCC_CSSCallback
    stm32l0xx_hal_rcc.o(i.HAL_RCC_OscConfig) refers to stm32l0xx_hal.o(i.HAL_GetTick) for HAL_GetTick
    stm32l0xx_hal_rcc.o(i.HAL_RCC_OscConfig) refers to stm32l0xx_hal.o(i.HAL_InitTick) for HAL_InitTick
    stm32l0xx_hal_pwr_ex.o(i.HAL_PWREx_DisableLowPowerRunMode) refers to uidiv.o(.text) for __aeabi_uidivmod
    stm32l0xx_hal_pwr_ex.o(i.HAL_PWREx_DisableLowPowerRunMode) refers to system_stm32l0xx.o(.data) for SystemCoreClock
    stm32l0xx_hal.o(i.HAL_DeInit) refers to stm32l0xx_hal.o(i.HAL_MspDeInit) for HAL_MspDeInit
    stm32l0xx_hal.o(i.HAL_Delay) refers to stm32l0xx_hal.o(i.HAL_GetTick) for HAL_GetTick
    stm32l0xx_hal.o(i.HAL_GetTick) refers to stm32l0xx_hal.o(.data) for .data
    stm32l0xx_hal.o(i.HAL_IncTick) refers to stm32l0xx_hal.o(.data) for .data
    stm32l0xx_hal.o(i.HAL_Init) refers to stm32l0xx_hal.o(i.HAL_InitTick) for HAL_InitTick
    stm32l0xx_hal.o(i.HAL_Init) refers to stm32l0xx_hal_msp.o(i.HAL_MspInit) for HAL_MspInit
    stm32l0xx_hal.o(i.HAL_InitTick) refers to stm32l0xx_hal_rcc.o(i.HAL_RCC_GetHCLKFreq) for HAL_RCC_GetHCLKFreq
    stm32l0xx_hal.o(i.HAL_InitTick) refers to uidiv.o(.text) for __aeabi_uidivmod
    stm32l0xx_hal.o(i.HAL_InitTick) refers to stm32l0xx_hal_cortex.o(i.HAL_SYSTICK_Config) for HAL_SYSTICK_Config
    stm32l0xx_hal.o(i.HAL_InitTick) refers to stm32l0xx_hal_cortex.o(i.HAL_NVIC_SetPriority) for HAL_NVIC_SetPriority
    stm32l0xx_hal_flash.o(i.FLASH_ErasePage) refers to stm32l0xx_hal_flash.o(.bss) for .bss
    stm32l0xx_hal_flash.o(i.FLASH_SetErrorCode) refers to stm32l0xx_hal_flash.o(.bss) for .bss
    stm32l0xx_hal_flash.o(i.FLASH_WaitForLastOperation) refers to stm32l0xx_hal.o(i.HAL_GetTick) for HAL_GetTick
    stm32l0xx_hal_flash.o(i.FLASH_WaitForLastOperation) refers to stm32l0xx_hal_flash.o(i.FLASH_SetErrorCode) for FLASH_SetErrorCode
    stm32l0xx_hal_flash.o(i.HAL_FLASH_GetError) refers to stm32l0xx_hal_flash.o(.bss) for .bss
    stm32l0xx_hal_flash.o(i.HAL_FLASH_IRQHandler) refers to stm32l0xx_hal_flash.o(i.FLASH_SetErrorCode) for FLASH_SetErrorCode
    stm32l0xx_hal_flash.o(i.HAL_FLASH_IRQHandler) refers to stm32l0xx_hal_flash.o(i.HAL_FLASH_OperationErrorCallback) for HAL_FLASH_OperationErrorCallback
    stm32l0xx_hal_flash.o(i.HAL_FLASH_IRQHandler) refers to stm32l0xx_hal_flash.o(i.HAL_FLASH_EndOfOperationCallback) for HAL_FLASH_EndOfOperationCallback
    stm32l0xx_hal_flash.o(i.HAL_FLASH_IRQHandler) refers to stm32l0xx_hal_flash.o(i.FLASH_ErasePage) for FLASH_ErasePage
    stm32l0xx_hal_flash.o(i.HAL_FLASH_IRQHandler) refers to stm32l0xx_hal_flash.o(.bss) for .bss
    stm32l0xx_hal_flash.o(i.HAL_FLASH_OB_Launch) refers to stm32l0xx_hal_flash.o(i.FLASH_WaitForLastOperation) for FLASH_WaitForLastOperation
    stm32l0xx_hal_flash.o(i.HAL_FLASH_OB_Launch) refers to stm32l0xx_hal_flash.o(.bss) for .bss
    stm32l0xx_hal_flash.o(i.HAL_FLASH_Program) refers to stm32l0xx_hal_flash.o(i.FLASH_WaitForLastOperation) for FLASH_WaitForLastOperation
    stm32l0xx_hal_flash.o(i.HAL_FLASH_Program) refers to stm32l0xx_hal_flash.o(.bss) for .bss
    stm32l0xx_hal_flash.o(i.HAL_FLASH_Program_IT) refers to stm32l0xx_hal_flash.o(i.FLASH_WaitForLastOperation) for FLASH_WaitForLastOperation
    stm32l0xx_hal_flash.o(i.HAL_FLASH_Program_IT) refers to stm32l0xx_hal_flash.o(.bss) for .bss
[...]
    Removing stm32l0xx_hal_i2c.o(i.HAL_I2C_Mem_Write_DMA), (220 bytes).
    Removing stm32l0xx_hal_i2c.o(i.HAL_I2C_Mem_Write_IT), (158 bytes).
    Removing stm32l0xx_hal_i2c.o(i.HAL_I2C_MspDeInit), (2 bytes).
    Removing stm32l0xx_hal_i2c.o(i.HAL_I2C_MspInit), (2 bytes).
    Removing stm32l0xx_hal_i2c.o(i.HAL_I2C_SlaveRxCpltCallback), (2 bytes).
    Removing stm32l0xx_hal_i2c.o(i.HAL_I2C_SlaveTxCpltCallback), (2 bytes).
    Removing stm32l0xx_hal_i2c.o(i.HAL_I2C_Slave_Receive), (262 bytes).
    Removing stm32l0xx_hal_i2c.o(i.HAL_I2C_Slave_Receive_DMA), (172 bytes).
    Removing stm32l0xx_hal_i2c.o(i.HAL_I2C_Slave_Receive_IT), (80 bytes).
    Removing stm32l0xx_hal_i2c.o(i.HAL_I2C_Slave_Transmit), (270 bytes).
    Removing stm32l0xx_hal_i2c.o(i.HAL_I2C_Slave_Transmit_DMA), (204 bytes).
    Removing stm32l0xx_hal_i2c.o(i.HAL_I2C_Slave_Transmit_IT), (80 bytes).
    Removing stm32l0xx_hal_i2c.o(i.I2C_DMAError), (40 bytes).
    Removing stm32l0xx_hal_i2c.o(i.I2C_DMAMasterReceiveCplt), (336 bytes).
    Removing stm32l0xx_hal_i2c.o(i.I2C_DMAMasterTransmitCplt), (320 bytes).
    Removing stm32l0xx_hal_i2c.o(i.I2C_DMAMemReceiveCplt), (336 bytes).
    Removing stm32l0xx_hal_i2c.o(i.I2C_DMAMemTransmitCplt), (320 bytes).
    Removing stm32l0xx_hal_i2c.o(i.I2C_DMASlaveReceiveCplt), (110 bytes).
    Removing stm32l0xx_hal_i2c.o(i.I2C_DMASlaveTransmitCplt), (102 bytes).
    Removing stm32l0xx_hal_i2c.o(i.I2C_IsAcknowledgeFailed), (160 bytes).
    Removing stm32l0xx_hal_i2c.o(i.I2C_MasterReceive_ISR), (292 bytes).
    Removing stm32l0xx_hal_i2c.o(i.I2C_MasterTransmit_ISR), (304 bytes).
    Removing stm32l0xx_hal_i2c.o(i.I2C_RequestMemoryRead), (100 bytes).
    Removing stm32l0xx_hal_i2c.o(i.I2C_RequestMemoryWrite), (100 bytes).
    Removing stm32l0xx_hal_i2c.o(i.I2C_SlaveReceive_ISR), (148 bytes).
    Removing stm32l0xx_hal_i2c.o(i.I2C_SlaveTransmit_ISR), (158 bytes).
    Removing stm32l0xx_hal_i2c.o(i.I2C_TransferConfig), (36 bytes).
    Removing stm32l0xx_hal_i2c.o(i.I2C_WaitOnFlagUntilTimeout), (112 bytes).
    Removing stm32l0xx_hal_i2c.o(i.I2C_WaitOnRXNEFlagUntilTimeout), (128 bytes).
    Removing stm32l0xx_hal_i2c.o(i.I2C_WaitOnSTOPFlagUntilTimeout), (80 bytes).
    Removing stm32l0xx_hal_i2c.o(i.I2C_WaitOnTXISFlagUntilTimeout), (84 bytes).
    Removing stm32l0xx_hal_flash_ex.o(.rev16_text), (4 bytes).
    Removing stm32l0xx_hal_flash_ex.o(.revsh_text), (4 bytes).
    Removing stm32l0xx_hal_flash_ex.o(i.FLASH_OB_PCROPSelectionConfig), (56 bytes).
    Removing stm32l0xx_hal_flash_ex.o(i.FLASH_OB_ProtectedSectorsConfig), (76 bytes).
    Removing stm32l0xx_hal_flash_ex.o(i.HAL_FLASHEx_AdvOBGetConfig), (24 bytes).
    Removing stm32l0xx_hal_flash_ex.o(i.HAL_FLASHEx_AdvOBProgram), (24 bytes).
    Removing stm32l0xx_hal_flash_ex.o(i.HAL_FLASHEx_DATAEEPROM_DisableFixedTimeProgram), (16 bytes).
    Removing stm32l0xx_hal_flash_ex.o(i.HAL_FLASHEx_DATAEEPROM_EnableFixedTimeProgram), (16 bytes).
    Removing stm32l0xx_hal_flash_ex.o(i.HAL_FLASHEx_DATAEEPROM_Erase), (40 bytes).
    Removing stm32l0xx_hal_flash_ex.o(i.HAL_FLASHEx_DATAEEPROM_Lock), (20 bytes).
    Removing stm32l0xx_hal_flash_ex.o(i.HAL_FLASHEx_DATAEEPROM_Program), (84 bytes).
    Removing stm32l0xx_hal_flash_ex.o(i.HAL_FLASHEx_DATAEEPROM_Unlock), (36 bytes).
    Removing stm32l0xx_hal_flash_ex.o(i.HAL_FLASHEx_Erase_IT), (88 bytes).
    Removing stm32l0xx_hal_flash_ex.o(i.HAL_FLASHEx_OBGetConfig), (44 bytes).
    Removing stm32l0xx_hal_flash_ex.o(i.HAL_FLASHEx_OBProgram), (284 bytes).
    Removing stm32l0xx_hal_flash_ex.o(i.HAL_FLASHEx_OB_DeSelectPCROP), (10 bytes).
    Removing stm32l0xx_hal_flash_ex.o(i.HAL_FLASHEx_OB_SelectPCROP), (10 bytes).
    Removing stm32l0xx_hal_uart.o(.rev16_text), (4 bytes).
    Removing stm32l0xx_hal_uart.o(.revsh_text), (4 bytes).
    Removing stm32l0xx_hal_rcc_ex.o(.rev16_text), (4 bytes).
    Removing stm32l0xx_hal_rcc_ex.o(.revsh_text), (4 bytes).
    Removing stm32l0xx_hal_rcc_ex.o(i.HAL_RCCEx_CRSConfig), (124 bytes).
    Removing stm32l0xx_hal_rcc_ex.o(i.HAL_RCCEx_CRSGetSynchronizationInfo), (40 bytes).
    Removing stm32l0xx_hal_rcc_ex.o(i.HAL_RCCEx_CRSSoftwareSynchronizationGenerate), (16 bytes).
    Removing stm32l0xx_hal_rcc_ex.o(i.HAL_RCCEx_CRSWaitSynchronization), (136 bytes).
    Removing stm32l0xx_hal_rcc_ex.o(i.HAL_RCCEx_DisableHSI48_VREFINT), (20 bytes).
    Removing stm32l0xx_hal_rcc_ex.o(i.HAL_RCCEx_DisableLSECSS), (32 bytes).
    Removing stm32l0xx_hal_rcc_ex.o(i.HAL_RCCEx_EnableHSI48_VREFINT), (20 bytes).
    Removing stm32l0xx_hal_rcc_ex.o(i.HAL_RCCEx_EnableLSECSS), (20 bytes).
    Removing stm32l0xx_hal_rcc_ex.o(i.HAL_RCCEx_EnableLSECSS_IT), (52 bytes).
    Removing stm32l0xx_hal_rcc_ex.o(i.HAL_RCCEx_GetPeriphCLKConfig), (72 bytes).
    Removing stm32l0xx_hal_rcc_ex.o(i.HAL_RCCEx_GetPeriphCLKFreq), (404 bytes).
    Removing stm32l0xx_hal_rcc_ex.o(i.HAL_RCCEx_LSECSS_Callback), (2 bytes).
    Removing stm32l0xx_hal_rcc_ex.o(i.HAL_RCCEx_LSECSS_IRQHandler), (24 bytes).
    Removing stm32l0xx_hal_rcc_ex.o(i.HAL_RCC_DeInit), (56 bytes).
    Removing stm32l0xx_hal_i2c_ex.o(.rev16_text), (4 bytes).
    Removing stm32l0xx_hal_i2c_ex.o(.revsh_text), (4 bytes).
    Removing stm32l0xx_hal_i2c_ex.o(i.HAL_I2CEx_ConfigAnalogFilter), (96 bytes).
    Removing stm32l0xx_hal_i2c_ex.o(i.HAL_I2CEx_ConfigDigitalFilter), (94 bytes).
    Removing stm32l0xx_hal_i2c_ex.o(i.HAL_I2CEx_DisableFastModePlus), (28 bytes).
    Removing stm32l0xx_hal_i2c_ex.o(i.HAL_I2CEx_DisableWakeUp), (88 bytes).
    Removing stm32l0xx_hal_i2c_ex.o(i.HAL_I2CEx_EnableFastModePlus), (28 bytes).
    Removing stm32l0xx_hal_i2c_ex.o(i.HAL_I2CEx_EnableWakeUp), (88 bytes).
    Removing stm32l0xx_hal_pcd_ex.o(.rev16_text), (4 bytes).
    Removing stm32l0xx_hal_pcd_ex.o(.revsh_text), (4 bytes).
    Removing stm32l0xx_hal_pcd.o(.rev16_text), (4 bytes).
    Removing stm32l0xx_hal_pcd.o(.revsh_text), (4 bytes).
    Removing stm32l0xx_hal_pcd.o(i.HAL_PCD_ActivateRemoteWakeup), (16 bytes).
    Removing stm32l0xx_hal_pcd.o(i.HAL_PCD_ConnectCallback), (2 bytes).
    Removing stm32l0xx_hal_pcd.o(i.HAL_PCD_DataInStageCallback), (2 bytes).
    Removing stm32l0xx_hal_pcd.o(i.HAL_PCD_DataOutStageCallback), (2 bytes).
    Removing stm32l0xx_hal_pcd.o(i.HAL_PCD_DeActivateRemoteWakeup), (16 bytes).
    Removing stm32l0xx_hal_pcd.o(i.HAL_PCD_DeInit), (40 bytes).
    Removing stm32l0xx_hal_pcd.o(i.HAL_PCD_DevConnect), (40 bytes).
    Removing stm32l0xx_hal_pcd.o(i.HAL_PCD_DevDisconnect), (38 bytes).
    Removing stm32l0xx_hal_pcd.o(i.HAL_PCD_DisconnectCallback), (2 bytes).
    Removing stm32l0xx_hal_pcd.o(i.HAL_PCD_EP_Close), (372 bytes).
    Removing stm32l0xx_hal_pcd.o(i.HAL_PCD_EP_Flush), (4 bytes).
    Removing stm32l0xx_hal_pcd.o(i.HAL_PCD_EP_GetRxCount), (20 bytes).
    Removing stm32l0xx_hal_pcd.o(i.HAL_PCD_GetState), (8 bytes).
    Removing stm32l0xx_hal_pcd.o(i.HAL_PCD_ISOINIncompleteCallback), (2 bytes).
    Removing stm32l0xx_hal_pcd.o(i.HAL_PCD_ISOOUTIncompleteCallback), (2 bytes).
    Removing stm32l0xx_hal_pcd.o(i.HAL_PCD_MspDeInit), (2 bytes).
    Removing stm32l0xx_hal_pcd.o(i.HAL_PCD_MspInit), (2 bytes).
    Removing stm32l0xx_hal_pcd.o(i.HAL_PCD_ResetCallback), (2 bytes).
    Removing stm32l0xx_hal_pcd.o(i.HAL_PCD_ResumeCallback), (2 bytes).
    Removing stm32l0xx_hal_pcd.o(i.HAL_PCD_SOFCallback), (2 bytes).
    Removing stm32l0xx_hal_pcd.o(i.HAL_PCD_SetupStageCallback), (2 bytes).
    Removing stm32l0xx_hal_pcd.o(i.HAL_PCD_SuspendCallback), (2 bytes).
    Removing stm32l0xx_hal_rtc_ex.o(.rev16_text), (4 bytes).
    Removing stm32l0xx_hal_rtc_ex.o(.revsh_text), (4 bytes).
    Removing stm32l0xx_hal_rtc_ex.o(i.HAL_RTCEx_AlarmBEventCallback), (2 bytes).
    Removing stm32l0xx_hal_rtc_ex.o(i.HAL_RTCEx_BKUPRead), (12 bytes).
    Removing stm32l0xx_hal_rtc_ex.o(i.HAL_RTCEx_BKUPWrite), (12 bytes).
    Removing stm32l0xx_hal_rtc_ex.o(i.HAL_RTCEx_DeactivateCalibrationOutPut), (60 bytes).
    Removing stm32l0xx_hal_rtc_ex.o(i.HAL_RTCEx_DeactivateRefClock), (98 bytes).
    Removing stm32l0xx_hal_rtc_ex.o(i.HAL_RTCEx_DeactivateTamper), (76 bytes).
    Removing stm32l0xx_hal_rtc_ex.o(i.HAL_RTCEx_DeactivateTimeStamp), (76 bytes).
    Removing stm32l0xx_hal_rtc_ex.o(i.HAL_RTCEx_DeactivateWakeUpTimer), (122 bytes).
    Removing stm32l0xx_hal_rtc_ex.o(i.HAL_RTCEx_DisableBypassShadow), (60 bytes).
    Removing stm32l0xx_hal_rtc_ex.o(i.HAL_RTCEx_EnableBypassShadow), (60 bytes).
    Removing stm32l0xx_hal_rtc_ex.o(i.HAL_RTCEx_GetTimeStamp), (160 bytes).
    Removing stm32l0xx_hal_rtc_ex.o(i.HAL_RTCEx_GetWakeUpTimer), (8 bytes).
    Removing stm32l0xx_hal_rtc_ex.o(i.HAL_RTCEx_PollForAlarmBEvent), (76 bytes).
    Removing stm32l0xx_hal_rtc_ex.o(i.HAL_RTCEx_PollForTamper1Event), (76 bytes).
    Removing stm32l0xx_hal_rtc_ex.o(i.HAL_RTCEx_PollForTamper2Event), (76 bytes).
    Removing stm32l0xx_hal_rtc_ex.o(i.HAL_RTCEx_PollForTimeStampEvent), (88 bytes).
    Removing stm32l0xx_hal_rtc_ex.o(i.HAL_RTCEx_PollForWakeUpTimerEvent), (76 bytes).
    Removing stm32l0xx_hal_rtc_ex.o(i.HAL_RTCEx_SetCalibrationOutPut), (78 bytes).
    Removing stm32l0xx_hal_rtc_ex.o(i.HAL_RTCEx_SetRefClock), (98 bytes).
    Removing stm32l0xx_hal_rtc_ex.o(i.HAL_RTCEx_SetSmoothCalib), (126 bytes).
    Removing stm32l0xx_hal_rtc_ex.o(i.HAL_RTCEx_SetSynchroShift), (152 bytes).
    Removing stm32l0xx_hal_rtc_ex.o(i.HAL_RTCEx_SetTamper), (180 bytes).
    Removing stm32l0xx_hal_rtc_ex.o(i.HAL_RTCEx_SetTamper_IT), (208 bytes).
    Removing stm32l0xx_hal_rtc_ex.o(i.HAL_RTCEx_SetTimeStamp), (76 bytes).
    Removing stm32l0xx_hal_rtc_ex.o(i.HAL_RTCEx_SetTimeStamp_IT), (108 bytes).
    Removing stm32l0xx_hal_rtc_ex.o(i.HAL_RTCEx_SetWakeUpTimer), (196 bytes).
    Removing stm32l0xx_hal_rtc_ex.o(i.HAL_RTCEx_Tamper1EventCallback), (2 bytes).
    Removing stm32l0xx_hal_rtc_ex.o(i.HAL_RTCEx_Tamper2EventCallback), (2 bytes).
    Removing stm32l0xx_hal_rtc_ex.o(i.HAL_RTCEx_TamperTimeStampIRQHandler), (148 bytes).
    Removing stm32l0xx_hal_rtc_ex.o(i.HAL_RTCEx_TimeStampEventCallback), (2 bytes).
    Removing startup_stm32l052xx.o(HEAP), (1024 bytes).
    Removing stm32l0xx_hal_msp.o(.rev16_text), (4 bytes).
    Removing stm32l0xx_hal_msp.o(.revsh_text), (4 bytes).
    Removing main.o(.rev16_text), (4 bytes).
    Removing main.o(.revsh_text), (4 bytes).
    Removing stm32l0xx_it.o(.rev16_text), (4 bytes).
    Removing stm32l0xx_it.o(.revsh_text), (4 bytes).
    Removing gpio.o(.rev16_text), (4 bytes).
    Removing gpio.o(.revsh_text), (4 bytes).
    Removing usbd_conf.o(.rev16_text), (4 bytes).
    Removing usbd_conf.o(.revsh_text), (4 bytes).
    Removing usbd_conf.o(i.HAL_PCDEx_SetConnectionState), (2 bytes).
    Removing usbd_conf.o(i.HAL_PCD_ConnectCallback), (16 bytes).
    Removing usbd_conf.o(i.HAL_PCD_DisconnectCallback), (16 bytes).
    Removing usbd_conf.o(i.HAL_PCD_ISOINIncompleteCallback), (16 bytes).
    Removing usbd_conf.o(i.HAL_PCD_ISOOUTIncompleteCallback), (16 bytes).
    Removing usbd_conf.o(i.HAL_PCD_MspDeInit), (40 bytes).
    Removing usbd_conf.o(i.USBD_LL_CloseEP), (18 bytes).
    Removing usbd_conf.o(i.USBD_LL_DeInit), (18 bytes).
    Removing usbd_conf.o(i.USBD_LL_Delay), (8 bytes).
    Removing usbd_conf.o(i.USBD_LL_FlushEP), (18 bytes).
    Removing usbd_conf.o(i.USBD_LL_GetRxDataSize), (16 bytes).
    Removing usbd_dfu_if.o(.rev16_text), (4 bytes).
    Removing usbd_dfu_if.o(.revsh_text), (4 bytes).
    Removing usbd_dfu_if.o(i.delay), (24 bytes).
    Removing usbd_dfu_if.o(.data), (4 bytes).
    Removing usb_device.o(.rev16_text), (4 bytes).
    Removing usb_device.o(.revsh_text), (4 bytes).
    Removing usbd_desc.o(.rev16_text), (4 bytes).
    Removing usbd_desc.o(.revsh_text), (4 bytes).
    Removing rtc.o(.rev16_text), (4 bytes).
    Removing rtc.o(.revsh_text), (4 bytes).
    Removing rtc.o(i.HAL_RTC_MspDeInit), (40 bytes).
    Removing system_stm32l0xx.o(.rev16_text), (4 bytes).
    Removing system_stm32l0xx.o(.revsh_text), (4 bytes).
    Removing system_stm32l0xx.o(i.SystemCoreClockUpdate), (136 bytes).
    Removing usbd_ioreq.o(.rev16_text), (4 bytes).
    Removing usbd_ioreq.o(.revsh_text), (4 bytes).
    Removing usbd_ioreq.o(i.USBD_GetRxCount), (10 bytes).
    Removing usbd_core.o(.rev16_text), (4 bytes).
    Removing usbd_core.o(.revsh_text), (4 bytes).
    Removing usbd_core.o(i.USBD_DeInit), (42 bytes).
    Removing usbd_core.o(i.USBD_LL_DevConnected), (4 bytes).
    Removing usbd_core.o(i.USBD_LL_DevDisconnected), (26 bytes).
    Removing usbd_core.o(i.USBD_LL_IsoINIncomplete), (4 bytes).
    Removing usbd_core.o(i.USBD_LL_IsoOUTIncomplete), (4 bytes).
    Removing usbd_core.o(i.USBD_RunTestMode), (4 bytes).
    Removing usbd_dfu.o(.rev16_text), (4 bytes).
    Removing usbd_dfu.o(.revsh_text), (4 bytes).
    Removing usbd_ctlreq.o(.rev16_text), (4 bytes).
    Removing usbd_ctlreq.o(.revsh_text), (4 bytes).

342 unused section(s) (total 21572 bytes) removed from the image.

==============================================================================

Image Symbol Table

    Local Symbols

    Symbol Name                              Value     Ov Type        Size  Object(Section)

    ../Src/gpio.c                            0x00000000   Number         0  gpio.o ABSOLUTE
    ../Src/main.c                            0x00000000   Number         0  main.o ABSOLUTE
    ../Src/rtc.c                             0x00000000   Number         0  rtc.o ABSOLUTE
    ../Src/stm32l0xx_hal_msp.c               0x00000000   Number         0  stm32l0xx_hal_msp.o ABSOLUTE
    ../Src/stm32l0xx_it.c                    0x00000000   Number         0  stm32l0xx_it.o ABSOLUTE
    ../Src/usb_device.c                      0x00000000   Number         0  usb_device.o ABSOLUTE
    ../Src/usbd_conf.c                       0x00000000   Number         0  usbd_conf.o ABSOLUTE
    ../Src/usbd_desc.c                       0x00000000   Number         0  usbd_desc.o ABSOLUTE
    ../Src/usbd_dfu_if.c                     0x00000000   Number         0  usbd_dfu_if.o ABSOLUTE
    ../clib/microlib/division.c              0x00000000   Number         0  uidiv.o ABSOLUTE
    ../clib/microlib/init/entry.s            0x00000000   Number         0  entry.o ABSOLUTE
    ../clib/microlib/init/entry.s            0x00000000   Number         0  entry7a.o ABSOLUTE
    ../clib/microlib/init/entry.s            0x00000000   Number         0  entry2.o ABSOLUTE
    ../clib/microlib/init/entry.s            0x00000000   Number         0  entry8a.o ABSOLUTE
    ../clib/microlib/init/entry.s            0x00000000   Number         0  entry7b.o ABSOLUTE
    ../clib/microlib/init/entry.s            0x00000000   Number         0  entry5.o ABSOLUTE
    ../clib/microlib/init/entry.s            0x00000000   Number         0  entry8b.o ABSOLUTE
    ../clib/microlib/init/entry.s            0x00000000   Number         0  entry9a.o ABSOLUTE
    ../clib/microlib/init/entry.s            0x00000000   Number         0  entry11b.o ABSOLUTE
    ../clib/microlib/init/entry.s            0x00000000   Number         0  entry9b.o ABSOLUTE
    ../clib/microlib/init/entry.s            0x00000000   Number         0  entry10a.o ABSOLUTE
    ../clib/microlib/init/entry.s            0x00000000   Number         0  entry10b.o ABSOLUTE
    ../clib/microlib/init/entry.s            0x00000000   Number         0  entry11a.o ABSOLUTE
    ..\Src\gpio.c                            0x00000000   Number         0  gpio.o ABSOLUTE
    ..\Src\main.c                            0x00000000   Number         0  main.o ABSOLUTE
    ..\Src\rtc.c                             0x00000000   Number         0  rtc.o ABSOLUTE
    ..\Src\stm32l0xx_hal_msp.c               0x00000000   Number         0  stm32l0xx_hal_msp.o ABSOLUTE
    ..\Src\stm32l0xx_it.c                    0x00000000   Number         0  stm32l0xx_it.o ABSOLUTE
    ..\Src\usb_device.c                      0x00000000   Number         0  usb_device.o ABSOLUTE
    ..\Src\usbd_conf.c                       0x00000000   Number         0  usbd_conf.o ABSOLUTE
    ..\Src\usbd_desc.c                       0x00000000   Number         0  usbd_desc.o ABSOLUTE
    ..\Src\usbd_dfu_if.c                     0x00000000   Number         0  usbd_dfu_if.o ABSOLUTE
    C:/Users/qunzhang/STM32Cube/Repository/STM32Cube_FW_L0_V1.5.0/Drivers/CMSIS/Device/ST/STM32L0xx/Source/Templates/system_stm32l0xx.c 0x00000000   Number         0  system_stm32l0xx.o ABSOLUTE
    C:/Users/qunzhang/STM32Cube/Repository/STM32Cube_FW_L0_V1.5.0/Drivers/STM32L0xx_HAL_Driver/Src/stm32l0xx_hal.c 0x00000000   Number         0  stm32l0xx_hal.o ABSOLUTE
    C:/Users/qunzhang/STM32Cube/Repository/STM32Cube_FW_L0_V1.5.0/Drivers/STM32L0xx_HAL_Driver/Src/stm32l0xx_hal_adc_ex.c 0x00000000   Number         0  stm32l0xx_hal_adc_ex.o ABSOLUTE
    C:/Users/qunzhang/STM32Cube/Repository/STM32Cube_FW_L0_V1.5.0/Drivers/STM32L0xx_HAL_Driver/Src/stm32l0xx_hal_cortex.c 0x00000000   Number         0  stm32l0xx_hal_cortex.o ABSOLUTE
    C:/Users/qunzhang/STM32Cube/Repository/STM32Cube_FW_L0_V1.5.0/Drivers/STM32L0xx_HAL_Driver/Src/stm32l0xx_hal_dac.c 0x00000000   Number         0  stm32l0xx_hal_dac.o ABSOLUTE
    C:/Users/qunzhang/STM32Cube/Repository/STM32Cube_FW_L0_V1.5.0/Drivers/STM32L0xx_HAL_Driver/Src/stm32l0xx_hal_dac_ex.c 0x00000000   Number         0  stm32l0xx_hal_dac_ex.o ABSOLUTE
    C:/Users/qunzhang/STM32Cube/Repository/STM32Cube_FW_L0_V1.5.0/Drivers/STM32L0xx_HAL_Driver/Src/stm32l0xx_hal_dma.c 0x00000000   Number         0  stm32l0xx_hal_dma.o ABSOLUTE
    C:/Users/qunzhang/STM32Cube/Repository/STM32Cube_FW_L0_V1.5.0/Drivers/STM32L0xx_HAL_Driver/Src/stm32l0xx_hal_flash.c 0x00000000   Number         0  stm32l0xx_hal_flash.o ABSOLUTE
    C:/Users/qunzhang/STM32Cube/Repository/STM32Cube_FW_L0_V1.5.0/Drivers/STM32L0xx_HAL_Driver/Src/stm32l0xx_hal_flash_ex.c 0x00000000   Number         0  stm32l0xx_hal_flash_ex.o ABSOLUTE
    C:/Users/qunzhang/STM32Cube/Repository/STM32Cube_FW_L0_V1.5.0/Drivers/STM32L0xx_HAL_Driver/Src/stm32l0xx_hal_flash_ramfunc.c 0x00000000   Number         0  stm32l0xx_hal_flash_ramfunc.o ABSOLUTE
    C:/Users/qunzhang/STM32Cube/Repository/STM32Cube_FW_L0_V1.5.0/Drivers/STM32L0xx_HAL_Driver/Src/stm32l0xx_hal_gpio.c 0x00000000   Number         0  stm32l0xx_hal_gpio.o ABSOLUTE
    C:/Users/qunzhang/STM32Cube/Repository/STM32Cube_FW_L0_V1.5.0/Drivers/STM32L0xx_HAL_Driver/Src/stm32l0xx_hal_i2c.c 0x00000000   Number         0  stm32l0xx_hal_i2c.o ABSOLUTE
    C:/Users/qunzhang/STM32Cube/Repository/STM32Cube_FW_L0_V1.5.0/Drivers/STM32L0xx_HAL_Driver/Src/stm32l0xx_hal_i2c_ex.c 0x00000000   Number         0  stm32l0xx_hal_i2c_ex.o ABSOLUTE
    C:/Users/qunzhang/STM32Cube/Repository/STM32Cube_FW_L0_V1.5.0/Drivers/STM32L0xx_HAL_Driver/Src/stm32l0xx_hal_pcd.c 0x00000000   Number         0  stm32l0xx_hal_pcd.o ABSOLUTE
    C:/Users/qunzhang/STM32Cube/Repository/STM32Cube_FW_L0_V1.5.0/Drivers/STM32L0xx_HAL_Driver/Src/stm32l0xx_hal_pcd_ex.c 0x00000000   Number         0  stm32l0xx_hal_pcd_ex.o ABSOLUTE
    C:/Users/qunzhang/STM32Cube/Repository/STM32Cube_FW_L0_V1.5.0/Drivers/STM32L0xx_HAL_Driver/Src/stm32l0xx_hal_pwr.c 0x00000000   Number         0  stm32l0xx_hal_pwr.o ABSOLUTE
    C:/Users/qunzhang/STM32Cube/Repository/STM32Cube_FW_L0_V1.5.0/Drivers/STM32L0xx_HAL_Driver/Src/stm32l0xx_hal_pwr_ex.c 0x00000000   Number         0  stm32l0xx_hal_pwr_ex.o ABSOLUTE
    C:/Users/qunzhang/STM32Cube/Repository/STM32Cube_FW_L0_V1.5.0/Drivers/STM32L0xx_HAL_Driver/Src/stm32l0xx_hal_rcc.c 0x00000000   Number         0  stm32l0xx_hal_rcc.o ABSOLUTE
    C:/Users/qunzhang/STM32Cube/Repository/STM32Cube_FW_L0_V1.5.0/Drivers/STM32L0xx_HAL_Driver/Src/stm32l0xx_hal_rcc_ex.c 0x00000000   Number         0  stm32l0xx_hal_rcc_ex.o ABSOLUTE
    C:/Users/qunzhang/STM32Cube/Repository/STM32Cube_FW_L0_V1.5.0/Drivers/STM32L0xx_HAL_Driver/Src/stm32l0xx_hal_rtc.c 0x00000000   Number         0  stm32l0xx_hal_rtc.o ABSOLUTE
    C:/Users/qunzhang/STM32Cube/Repository/STM32Cube_FW_L0_V1.5.0/Drivers/STM32L0xx_HAL_Driver/Src/stm32l0xx_hal_rtc_ex.c 0x00000000   Number         0  stm32l0xx_hal_rtc_ex.o ABSOLUTE
    C:/Users/qunzhang/STM32Cube/Repository/STM32Cube_FW_L0_V1.5.0/Drivers/STM32L0xx_HAL_Driver/Src/stm32l0xx_hal_tim.c 0x00000000   Number         0  stm32l0xx_hal_tim.o ABSOLUTE
    C:/Users/qunzhang/STM32Cube/Repository/STM32Cube_FW_L0_V1.5.0/Drivers/STM32L0xx_HAL_Driver/Src/stm32l0xx_hal_tim_ex.c 0x00000000   Number         0  stm32l0xx_hal_tim_ex.o ABSOLUTE
    C:/Users/qunzhang/STM32Cube/Repository/STM32Cube_FW_L0_V1.5.0/Drivers/STM32L0xx_HAL_Driver/Src/stm32l0xx_hal_uart.c 0x00000000   Number         0  stm32l0xx_hal_uart.o ABSOLUTE
    C:/Users/qunzhang/STM32Cube/Repository/STM32Cube_FW_L0_V1.5.0/Drivers/STM32L0xx_HAL_Driver/Src/stm32l0xx_hal_uart_ex.c 0x00000000   Number         0  stm32l0xx_hal_uart_ex.o ABSOLUTE
    C:/Users/qunzhang/STM32Cube/Repository/STM32Cube_FW_L0_V1.5.0/Middlewares/ST/STM32_USB_Device_Library/Class/DFU/Src/usbd_dfu.c 0x00000000   Number         0  usbd_dfu.o ABSOLUTE
    C:/Users/qunzhang/STM32Cube/Repository/STM32Cube_FW_L0_V1.5.0/Middlewares/ST/STM32_USB_Device_Library/Core/Src/usbd_core.c 0x00000000   Number         0  usbd_core.o ABSOLUTE
    C:/Users/qunzhang/STM32Cube/Repository/STM32Cube_FW_L0_V1.5.0/Middlewares/ST/STM32_USB_Device_Library/Core/Src/usbd_ctlreq.c 0x00000000   Number         0  usbd_ctlreq.o ABSOLUTE
    C:/Users/qunzhang/STM32Cube/Repository/STM32Cube_FW_L0_V1.5.0/Middlewares/ST/STM32_USB_Device_Library/Core/Src/usbd_ioreq.c 0x00000000   Number         0  usbd_ioreq.o ABSOLUTE
    C:\Users\qunzhang\STM32Cube\Repository\STM32Cube_FW_L0_V1.5.0\Drivers\CMSIS\Device\ST\STM32L0xx\Source\Templates\system_stm32l0xx.c 0x00000000   Number         0  system_stm32l0xx.o ABSOLUTE
    C:\Users\qunzhang\STM32Cube\Repository\STM32Cube_FW_L0_V1.5.0\Drivers\STM32L0xx_HAL_Driver\Src\stm32l0xx_hal.c 0x00000000   Number         0  stm32l0xx_hal.o ABSOLUTE
    C:\Users\qunzhang\STM32Cube\Repository\STM32Cube_FW_L0_V1.5.0\Drivers\STM32L0xx_HAL_Driver\Src\stm32l0xx_hal_adc_ex.c 0x00000000   Number         0  stm32l0xx_hal_adc_ex.o ABSOLUTE
    C:\Users\qunzhang\STM32Cube\Repository\STM32Cube_FW_L0_V1.5.0\Drivers\STM32L0xx_HAL_Driver\Src\stm32l0xx_hal_cortex.c 0x00000000   Number         0  stm32l0xx_hal_cortex.o ABSOLUTE
    C:\Users\qunzhang\STM32Cube\Repository\STM32Cube_FW_L0_V1.5.0\Drivers\STM32L0xx_HAL_Driver\Src\stm32l0xx_hal_dac.c 0x00000000   Number         0  stm32l0xx_hal_dac.o ABSOLUTE
    C:\Users\qunzhang\STM32Cube\Repository\STM32Cube_FW_L0_V1.5.0\Drivers\STM32L0xx_HAL_Driver\Src\stm32l0xx_hal_dac_ex.c 0x00000000   Number         0  stm32l0xx_hal_dac_ex.o ABSOLUTE
    C:\Users\qunzhang\STM32Cube\Repository\STM32Cube_FW_L0_V1.5.0\Drivers\STM32L0xx_HAL_Driver\Src\stm32l0xx_hal_dma.c 0x00000000   Number         0  stm32l0xx_hal_dma.o ABSOLUTE
    C:\Users\qunzhang\STM32Cube\Repository\STM32Cube_FW_L0_V1.5.0\Drivers\STM32L0xx_HAL_Driver\Src\stm32l0xx_hal_flash.c 0x00000000   Number         0  stm32l0xx_hal_flash.o ABSOLUTE
    C:\Users\qunzhang\STM32Cube\Repository\STM32Cube_FW_L0_V1.5.0\Drivers\STM32L0xx_HAL_Driver\Src\stm32l0xx_hal_flash_ex.c 0x00000000   Number         0  stm32l0xx_hal_flash_ex.o ABSOLUTE
    C:\Users\qunzhang\STM32Cube\Repository\STM32Cube_FW_L0_V1.5.0\Drivers\STM32L0xx_HAL_Driver\Src\stm32l0xx_hal_flash_ramfunc.c 0x00000000   Number         0  stm32l0xx_hal_flash_ramfunc.o ABSOLUTE
    C:\Users\qunzhang\STM32Cube\Repository\STM32Cube_FW_L0_V1.5.0\Drivers\STM32L0xx_HAL_Driver\Src\stm32l0xx_hal_gpio.c 0x00000000   Number         0  stm32l0xx_hal_gpio.o ABSOLUTE
    C:\Users\qunzhang\STM32Cube\Repository\STM32Cube_FW_L0_V1.5.0\Drivers\STM32L0xx_HAL_Driver\Src\stm32l0xx_hal_i2c.c 0x00000000   Number         0  stm32l0xx_hal_i2c.o ABSOLUTE
    C:\Users\qunzhang\STM32Cube\Repository\STM32Cube_FW_L0_V1.5.0\Drivers\STM32L0xx_HAL_Driver\Src\stm32l0xx_hal_i2c_ex.c 0x00000000   Number         0  stm32l0xx_hal_i2c_ex.o ABSOLUTE
    C:\Users\qunzhang\STM32Cube\Repository\STM32Cube_FW_L0_V1.5.0\Drivers\STM32L0xx_HAL_Driver\Src\stm32l0xx_hal_pcd.c 0x00000000   Number         0  stm32l0xx_hal_pcd.o ABSOLUTE
    C:\Users\qunzhang\STM32Cube\Repository\STM32Cube_FW_L0_V1.5.0\Drivers\STM32L0xx_HAL_Driver\Src\stm32l0xx_hal_pcd_ex.c 0x00000000   Number         0  stm32l0xx_hal_pcd_ex.o ABSOLUTE
    C:\Users\qunzhang\STM32Cube\Repository\STM32Cube_FW_L0_V1.5.0\Drivers\STM32L0xx_HAL_Driver\Src\stm32l0xx_hal_pwr.c 0x00000000   Number         0  stm32l0xx_hal_pwr.o ABSOLUTE
    C:\Users\qunzhang\STM32Cube\Repository\STM32Cube_FW_L0_V1.5.0\Drivers\STM32L0xx_HAL_Driver\Src\stm32l0xx_hal_pwr_ex.c 0x00000000   Number         0  stm32l0xx_hal_pwr_ex.o ABSOLUTE
    C:\Users\qunzhang\STM32Cube\Repository\STM32Cube_FW_L0_V1.5.0\Drivers\STM32L0xx_HAL_Driver\Src\stm32l0xx_hal_rcc.c 0x00000000   Number         0  stm32l0xx_hal_rcc.o ABSOLUTE
    C:\Users\qunzhang\STM32Cube\Repository\STM32Cube_FW_L0_V1.5.0\Drivers\STM32L0xx_HAL_Driver\Src\stm32l0xx_hal_rcc_ex.c 0x00000000   Number         0  stm32l0xx_hal_rcc_ex.o ABSOLUTE
    C:\Users\qunzhang\STM32Cube\Repository\STM32Cube_FW_L0_V1.5.0\Drivers\STM32L0xx_HAL_Driver\Src\stm32l0xx_hal_rtc.c 0x00000000   Number         0  stm32l0xx_hal_rtc.o ABSOLUTE
    C:\Users\qunzhang\STM32Cube\Repository\STM32Cube_FW_L0_V1.5.0\Drivers\STM32L0xx_HAL_Driver\Src\stm32l0xx_hal_rtc_ex.c 0x00000000   Number         0  stm32l0xx_hal_rtc_ex.o ABSOLUTE
    C:\Users\qunzhang\STM32Cube\Repository\STM32Cube_FW_L0_V1.5.0\Drivers\STM32L0xx_HAL_Driver\Src\stm32l0xx_hal_tim.c 0x00000000   Number         0  stm32l0xx_hal_tim.o ABSOLUTE
    C:\Users\qunzhang\STM32Cube\Repository\STM32Cube_FW_L0_V1.5.0\Drivers\STM32L0xx_HAL_Driver\Src\stm32l0xx_hal_tim_ex.c 0x00000000   Number         0  stm32l0xx_hal_tim_ex.o ABSOLUTE
    C:\Users\qunzhang\STM32Cube\Repository\STM32Cube_FW_L0_V1.5.0\Drivers\STM32L0xx_HAL_Driver\Src\stm32l0xx_hal_uart.c 0x00000000   Number         0  stm32l0xx_hal_uart.o ABSOLUTE
    C:\Users\qunzhang\STM32Cube\Repository\STM32Cube_FW_L0_V1.5.0\Drivers\STM32L0xx_HAL_Driver\Src\stm32l0xx_hal_uart_ex.c 0x00000000   Number         0  stm32l0xx_hal_uart_ex.o ABSOLUTE
    C:\Users\qunzhang\STM32Cube\Repository\STM32Cube_FW_L0_V1.5.0\Middlewares\ST\STM32_USB_Device_Library\Class\DFU\Src\usbd_dfu.c 0x00000000   Number         0  usbd_dfu.o ABSOLUTE
    C:\Users\qunzhang\STM32Cube\Repository\STM32Cube_FW_L0_V1.5.0\Middlewares\ST\STM32_USB_Device_Library\Core\Src\usbd_core.c 0x00000000   Number         0  usbd_core.o ABSOLUTE
    C:\Users\qunzhang\STM32Cube\Repository\STM32Cube_FW_L0_V1.5.0\Middlewares\ST\STM32_USB_Device_Library\Core\Src\usbd_ctlreq.c 0x00000000   Number         0  usbd_ctlreq.o ABSOLUTE
    C:\Users\qunzhang\STM32Cube\Repository\STM32Cube_FW_L0_V1.5.0\Middlewares\ST\STM32_USB_Device_Library\Core\Src\usbd_ioreq.c 0x00000000   Number         0  usbd_ioreq.o ABSOLUTE
    dc.s                                     0x00000000   Number         0  dc.o ABSOLUTE
    handlers.s                               0x00000000   Number         0  handlers.o ABSOLUTE
    init.s                                   0x00000000   Number         0  init.o ABSOLUTE
    startup_stm32l052xx.s                    0x00000000   Number         0  startup_stm32l052xx.o ABSOLUTE
    RESET                                    0x08000000   Section      192  startup_stm32l052xx.o(RESET)
    .ARM.Collect$$$$00000000                 0x080000c0   Section        0  entry.o(.ARM.Collect$$$$00000000)
    .ARM.Collect$$$$00000001                 0x080000c0   Section        4  entry2.o(.ARM.Collect$$$$00000001)
    .ARM.Collect$$$$00000004                 0x080000c4   Section        4  entry5.o(.ARM.Collect$$$$00000004)
    .ARM.Collect$$$$00000008                 0x080000c8   Section        0  entry7b.o(.ARM.Collect$$$$00000008)
    .ARM.Collect$$$$0000000A                 0x080000c8   Section        0  entry8b.o(.ARM.Collect$$$$0000000A)
    .ARM.Collect$$$$0000000B                 0x080000c8   Section        8  entry9a.o(.ARM.Collect$$$$0000000B)
    .ARM.Collect$$$$0000000D                 0x080000d0   Section        0  entry10a.o(.ARM.Collect$$$$0000000D)
    .ARM.Collect$$$$0000000F                 0x080000d0   Section        0  entry11a.o(.ARM.Collect$$$$0000000F)
    .ARM.Collect$$$$00002712                 0x080000d0   Section        4  entry2.o(.ARM.Collect$$$$00002712)
    __lit__00000000                          0x080000d0   Data           4  entry2.o(.ARM.Collect$$$$00002712)
    .text                                    0x080000d4   Section       28  startup_stm32l052xx.o(.text)
    .text                                    0x080000f0   Section        0  uidiv.o(.text)
    .text                                    0x0800011c   Section       36  init.o(.text)
    i.DFU_Detach                             0x08000140   Section        0  usbd_dfu.o(i.DFU_Detach)
    DFU_Detach                               0x08000141   Thumb Code    92  usbd_dfu.o(i.DFU_Detach)
    i.DFU_Download                           0x080001a0   Section        0  usbd_dfu.o(i.DFU_Download)
    DFU_Download                             0x080001a1   Thumb Code    92  usbd_dfu.o(i.DFU_Download)
    i.DFU_GetStatus                          0x080001fc   Section        0  usbd_dfu.o(i.DFU_GetStatus)
    DFU_GetStatus                            0x080001fd   Thumb Code   148  usbd_dfu.o(i.DFU_GetStatus)
    i.DFU_Leave                              0x08000298   Section        0  usbd_dfu.o(i.DFU_Leave)
    DFU_Leave                                0x08000299   Thumb Code    82  usbd_dfu.o(i.DFU_Leave)
    i.DFU_Upload                             0x080002f8   Section        0  usbd_dfu.o(i.DFU_Upload)
    DFU_Upload                               0x080002f9   Thumb Code   172  usbd_dfu.o(i.DFU_Upload)
    i.FLASH_ErasePage                        0x080003a8   Section        0  stm32l0xx_hal_flash.o(i.FLASH_ErasePage)
    i.FLASH_SetErrorCode                     0x080003d0   Section        0  stm32l0xx_hal_flash.o(i.FLASH_SetErrorCode)
    FLASH_SetErrorCode                       0x080003d1   Thumb Code   108  stm32l0xx_hal_flash.o(i.FLASH_SetErrorCode)
    i.FLASH_WaitForLastOperation             0x08000448   Section        0  stm32l0xx_hal_flash.o(i.FLASH_WaitForLastOperation)
    i.HAL_Delay                              0x080004c8   Section        0  stm32l0xx_hal.o(i.HAL_Delay)
    i.HAL_FLASHEx_Erase                      0x080004e0   Section        0  stm32l0xx_hal_flash_ex.o(i.HAL_FLASHEx_Erase)
    i.HAL_FLASH_Lock                         0x08000558   Section        0  stm32l0xx_hal_flash.o(i.HAL_FLASH_Lock)
    i.HAL_FLASH_Program                      0x0800056c   Section        0  stm32l0xx_hal_flash.o(i.HAL_FLASH_Program)
    i.HAL_FLASH_Unlock                       0x080005a8   Section        0  stm32l0xx_hal_flash.o(i.HAL_FLASH_Unlock)
    i.HAL_GPIO_Init                          0x080005e4   Section        0  stm32l0xx_hal_gpio.o(i.HAL_GPIO_Init)
    i.HAL_GPIO_ReadPin                       0x0800075c   Section        0  stm32l0xx_hal_gpio.o(i.HAL_GPIO_ReadPin)
    i.HAL_GPIO_WritePin                      0x08000766   Section        0  stm32l0xx_hal_gpio.o(i.HAL_GPIO_WritePin)
    i.HAL_GetTick                            0x08000774   Section        0  stm32l0xx_hal.o(i.HAL_GetTick)
    i.HAL_IncTick                            0x08000780   Section        0  stm32l0xx_hal.o(i.HAL_IncTick)
    i.HAL_Init                               0x08000790   Section        0  stm32l0xx_hal.o(i.HAL_Init)
    i.HAL_InitTick                           0x080007b0   Section        0  stm32l0xx_hal.o(i.HAL_InitTick)
    i.HAL_MspInit                            0x080007d4   Section        0  stm32l0xx_hal_msp.o(i.HAL_MspInit)
    i.HAL_NVIC_EnableIRQ                     0x080007f0   Section        0  stm32l0xx_hal_cortex.o(i.HAL_NVIC_EnableIRQ)
    i.HAL_NVIC_SetPriority                   0x08000804   Section        0  stm32l0xx_hal_cortex.o(i.HAL_NVIC_SetPriority)
    i.HAL_PCDEx_PMAConfig                    0x0800080c   Section        0  stm32l0xx_hal_pcd_ex.o(i.HAL_PCDEx_PMAConfig)
    i.HAL_PCD_DataInStageCallback            0x08000846   Section        0  usbd_conf.o(i.HAL_PCD_DataInStageCallback)
    i.HAL_PCD_DataOutStageCallback           0x0800085e   Section        0  usbd_conf.o(i.HAL_PCD_DataOutStageCallback)
    i.HAL_PCD_EP_ClrStall                    0x0800087c   Section        0  stm32l0xx_hal_pcd.o(i.HAL_PCD_EP_ClrStall)
    i.HAL_PCD_EP_Open                        0x08000934   Section        0  stm32l0xx_hal_pcd.o(i.HAL_PCD_EP_Open)
    i.HAL_PCD_EP_Receive                     0x08000bf4   Section        0  stm32l0xx_hal_pcd.o(i.HAL_PCD_EP_Receive)
    i.HAL_PCD_EP_SetStall                    0x08000d2c   Section        0  stm32l0xx_hal_pcd.o(i.HAL_PCD_EP_SetStall)
    i.HAL_PCD_EP_Transmit                    0x08000dc0   Section        0  stm32l0xx_hal_pcd.o(i.HAL_PCD_EP_Transmit)
    i.HAL_PCD_IRQHandler                     0x08000f58   Section        0  stm32l0xx_hal_pcd.o(i.HAL_PCD_IRQHandler)
    i.HAL_PCD_Init                           0x08001064   Section        0  stm32l0xx_hal_pcd.o(i.HAL_PCD_Init)
    i.HAL_PCD_MspInit                        0x08001100   Section        0  usbd_conf.o(i.HAL_PCD_MspInit)
    i.HAL_PCD_ResetCallback                  0x08001130   Section        0  usbd_conf.o(i.HAL_PCD_ResetCallback)
    i.HAL_PCD_ResumeCallback                 0x08001148   Section        0  usbd_conf.o(i.HAL_PCD_ResumeCallback)
    i.HAL_PCD_SOFCallback                    0x08001174   Section        0  usbd_conf.o(i.HAL_PCD_SOFCallback)
    i.HAL_PCD_SetAddress                     0x08001184   Section        0  stm32l0xx_hal_pcd.o(i.HAL_PCD_SetAddress)
    i.HAL_PCD_SetupStageCallback             0x080011b0   Section        0  usbd_conf.o(i.HAL_PCD_SetupStageCallback)
    i.HAL_PCD_Start                          0x080011c6   Section        0  stm32l0xx_hal_pcd.o(i.HAL_PCD_Start)
    i.HAL_PCD_Stop                           0x080011d8   Section        0  stm32l0xx_hal_pcd.o(i.HAL_PCD_Stop)
    i.HAL_PCD_SuspendCallback                0x08001208   Section        0  usbd_conf.o(i.HAL_PCD_SuspendCallback)
    i.HAL_RCCEx_PeriphCLKConfig              0x08001230   Section        0  stm32l0xx_hal_rcc_ex.o(i.HAL_RCCEx_PeriphCLKConfig)
    i.HAL_RCC_ClockConfig                    0x08001390   Section        0  stm32l0xx_hal_rcc.o(i.HAL_RCC_ClockConfig)
    i.HAL_RCC_GetHCLKFreq                    0x080014dc   Section        0  stm32l0xx_hal_rcc.o(i.HAL_RCC_GetHCLKFreq)
    i.HAL_RCC_GetSysClockFreq                0x08001504   Section        0  stm32l0xx_hal_rcc.o(i.HAL_RCC_GetSysClockFreq)
    i.HAL_RCC_OscConfig                      0x08001588   Section        0  stm32l0xx_hal_rcc.o(i.HAL_RCC_OscConfig)
    i.HAL_RTCEx_SetWakeUpTimer_IT            0x080019b0   Section        0  stm32l0xx_hal_rtc_ex.o(i.HAL_RTCEx_SetWakeUpTimer_IT)
    i.HAL_RTCEx_WakeUpTimerEventCallback     0x08001a94   Section        0  stm32l0xx_hal_rtc_ex.o(i.HAL_RTCEx_WakeUpTimerEventCallback)
    i.HAL_RTCEx_WakeUpTimerIRQHandler        0x08001a98   Section        0  stm32l0xx_hal_rtc_ex.o(i.HAL_RTCEx_WakeUpTimerIRQHandler)
    i.HAL_RTC_Init                           0x08001ad0   Section        0  stm32l0xx_hal_rtc.o(i.HAL_RTC_Init)
    i.HAL_RTC_MspInit                        0x08001b74   Section        0  rtc.o(i.HAL_RTC_MspInit)
    i.HAL_RTC_SetDate                        0x08001ba4   Section        0  stm32l0xx_hal_rtc.o(i.HAL_RTC_SetDate)
    i.HAL_RTC_SetTime                        0x08001c70   Section        0  stm32l0xx_hal_rtc.o(i.HAL_RTC_SetTime)
    i.HAL_RTC_WaitForSynchro                 0x08001d60   Section        0  stm32l0xx_hal_rtc.o(i.HAL_RTC_WaitForSynchro)
    i.HAL_SYSTICK_CLKSourceConfig            0x08001d94   Section        0  stm32l0xx_hal_cortex.o(i.HAL_SYSTICK_CLKSourceConfig)
    i.HAL_SYSTICK_Callback                   0x08001dac   Section        0  stm32l0xx_hal_cortex.o(i.HAL_SYSTICK_Callback)
    i.HAL_SYSTICK_Config                     0x08001db0   Section        0  stm32l0xx_hal_cortex.o(i.HAL_SYSTICK_Config)
    i.HAL_SYSTICK_IRQHandler                 0x08001de0   Section        0  stm32l0xx_hal_cortex.o(i.HAL_SYSTICK_IRQHandler)
    i.MEM_If_DeInit_FS                       0x08001de8   Section        0  usbd_dfu_if.o(i.MEM_If_DeInit_FS)
    MEM_If_DeInit_FS                         0x08001de9   Thumb Code     4  usbd_dfu_if.o(i.MEM_If_DeInit_FS)
    i.MEM_If_Erase_FS                        0x08001dec   Section        0  usbd_dfu_if.o(i.MEM_If_Erase_FS)
    MEM_If_Erase_FS                          0x08001ded   Thumb Code    58  usbd_dfu_if.o(i.MEM_If_Erase_FS)
    i.MEM_If_GetStatus_FS                    0x08001e26   Section        0  usbd_dfu_if.o(i.MEM_If_GetStatus_FS)
    MEM_If_GetStatus_FS                      0x08001e27   Thumb Code     4  usbd_dfu_if.o(i.MEM_If_GetStatus_FS)
    i.MEM_If_Init_FS                         0x08001e2a   Section        0  usbd_dfu_if.o(i.MEM_If_Init_FS)
    MEM_If_Init_FS                           0x08001e2b   Thumb Code     4  usbd_dfu_if.o(i.MEM_If_Init_FS)
    i.MEM_If_Read_FS                         0x08001e2e   Section        0  usbd_dfu_if.o(i.MEM_If_Read_FS)
    MEM_If_Read_FS                           0x08001e2f   Thumb Code    38  usbd_dfu_if.o(i.MEM_If_Read_FS)
    i.MEM_If_Write_FS                        0x08001e54   Section        0  usbd_dfu_if.o(i.MEM_If_Write_FS)
    MEM_If_Write_FS                          0x08001e55   Thumb Code    76  usbd_dfu_if.o(i.MEM_If_Write_FS)
    i.MX_GPIO_Init                           0x08001ea0   Section        0  gpio.o(i.MX_GPIO_Init)
    i.MX_RTC_Init                            0x08001f24   Section        0  rtc.o(i.MX_RTC_Init)
    i.MX_USB_DEVICE_Init                     0x08001f8c   Section        0  usb_device.o(i.MX_USB_DEVICE_Init)
    i.NVIC_SetPriority                       0x08001fc0   Section        0  stm32l0xx_hal_cortex.o(i.NVIC_SetPriority)
    NVIC_SetPriority                         0x08001fc1   Thumb Code    60  stm32l0xx_hal_cortex.o(i.NVIC_SetPriority)
    i.PCD_EP_ISR_Handler                     0x08002004   Section        0  stm32l0xx_hal_pcd.o(i.PCD_EP_ISR_Handler)
    PCD_EP_ISR_Handler                       0x08002005   Thumb Code   806  stm32l0xx_hal_pcd.o(i.PCD_EP_ISR_Handler)
    i.PCD_ReadPMA                            0x08002340   Section        0  stm32l0xx_hal_pcd.o(i.PCD_ReadPMA)
    i.PCD_WritePMA                           0x0800235e   Section        0  stm32l0xx_hal_pcd.o(i.PCD_WritePMA)
    i.RTC_Bcd2ToByte                         0x08002384   Section        0  stm32l0xx_hal_rtc.o(i.RTC_Bcd2ToByte)
    i.RTC_ByteToBcd2                         0x08002394   Section        0  stm32l0xx_hal_rtc.o(i.RTC_ByteToBcd2)
    i.RTC_EnterInitMode                      0x080023aa   Section        0  stm32l0xx_hal_rtc.o(i.RTC_EnterInitMode)
    i.RTC_IRQHandler                         0x080023e4   Section        0  stm32l0xx_it.o(i.RTC_IRQHandler)
    i.SysTick_Handler                        0x080023f4   Section        0  stm32l0xx_it.o(i.SysTick_Handler)
    i.SystemClock_Config                     0x08002400   Section        0  main.o(i.SystemClock_Config)
    i.SystemInit                             0x08002498   Section        0  system_stm32l0xx.o(i.SystemInit)
    i.USBD_ClrClassConfig                    0x080024ec   Section        0  usbd_core.o(i.USBD_ClrClassConfig)
    i.USBD_CtlContinueRx                     0x080024fc   Section        0  usbd_ioreq.o(i.USBD_CtlContinueRx)
    i.USBD_CtlContinueSendData               0x0800250c   Section        0  usbd_ioreq.o(i.USBD_CtlContinueSendData)
    i.USBD_CtlError                          0x0800251c   Section        0  usbd_ctlreq.o(i.USBD_CtlError)
    i.USBD_CtlPrepareRx                      0x08002530   Section        0  usbd_ioreq.o(i.USBD_CtlPrepareRx)
    i.USBD_CtlReceiveStatus                  0x08002550   Section        0  usbd_ioreq.o(i.USBD_CtlReceiveStatus)
    i.USBD_CtlSendData                       0x08002568   Section        0  usbd_ioreq.o(i.USBD_CtlSendData)
    i.USBD_CtlSendStatus                     0x08002584   Section        0  usbd_ioreq.o(i.USBD_CtlSendStatus)
    i.USBD_DFU_DataIn                        0x0800259c   Section        0  usbd_dfu.o(i.USBD_DFU_DataIn)
    USBD_DFU_DataIn                          0x0800259d   Thumb Code     4  usbd_dfu.o(i.USBD_DFU_DataIn)
    i.USBD_DFU_DataOut                       0x080025a0   Section        0  usbd_dfu.o(i.USBD_DFU_DataOut)
    USBD_DFU_DataOut                         0x080025a1   Thumb Code     4  usbd_dfu.o(i.USBD_DFU_DataOut)
    i.USBD_DFU_DeInit                        0x080025a4   Section        0  usbd_dfu.o(i.USBD_DFU_DeInit)
    USBD_DFU_DeInit                          0x080025a5   Thumb Code    54  usbd_dfu.o(i.USBD_DFU_DeInit)
    i.USBD_DFU_EP0_RxReady                   0x080025da   Section        0  usbd_dfu.o(i.USBD_DFU_EP0_RxReady)
    USBD_DFU_EP0_RxReady                     0x080025db   Thumb Code     4  usbd_dfu.o(i.USBD_DFU_EP0_RxReady)
    i.USBD_DFU_EP0_TxReady                   0x080025e0   Section        0  usbd_dfu.o(i.USBD_DFU_EP0_TxReady)
    USBD_DFU_EP0_TxReady                     0x080025e1   Thumb Code   204  usbd_dfu.o(i.USBD_DFU_EP0_TxReady)
    i.USBD_DFU_GetCfgDesc                    0x080026b0   Section        0  usbd_dfu.o(i.USBD_DFU_GetCfgDesc)
    USBD_DFU_GetCfgDesc                      0x080026b1   Thumb Code     8  usbd_dfu.o(i.USBD_DFU_GetCfgDesc)
    i.USBD_DFU_GetDeviceQualifierDesc        0x080026bc   Section        0  usbd_dfu.o(i.USBD_DFU_GetDeviceQualifierDesc)
    USBD_DFU_GetDeviceQualifierDesc          0x080026bd   Thumb Code     8  usbd_dfu.o(i.USBD_DFU_GetDeviceQualifierDesc)
    i.USBD_DFU_GetUsrStringDesc              0x080026c8   Section        0  usbd_dfu.o(i.USBD_DFU_GetUsrStringDesc)
    USBD_DFU_GetUsrStringDesc                0x080026c9   Thumb Code    30  usbd_dfu.o(i.USBD_DFU_GetUsrStringDesc)
    i.USBD_DFU_Init                          0x080026ec   Section        0  usbd_dfu.o(i.USBD_DFU_Init)
    USBD_DFU_Init                            0x080026ed   Thumb Code    74  usbd_dfu.o(i.USBD_DFU_Init)
    i.USBD_DFU_IsoINIncomplete               0x0800273c   Section        0  usbd_dfu.o(i.USBD_DFU_IsoINIncomplete)
    USBD_DFU_IsoINIncomplete                 0x0800273d   Thumb Code     4  usbd_dfu.o(i.USBD_DFU_IsoINIncomplete)
    i.USBD_DFU_IsoOutIncomplete              0x08002740   Section        0  usbd_dfu.o(i.USBD_DFU_IsoOutIncomplete)
    USBD_DFU_IsoOutIncomplete                0x08002741   Thumb Code     4  usbd_dfu.o(i.USBD_DFU_IsoOutIncomplete)
    i.USBD_DFU_RegisterMedia                 0x08002744   Section        0  usbd_dfu.o(i.USBD_DFU_RegisterMedia)
    i.USBD_DFU_SOF                           0x08002754   Section        0  usbd_dfu.o(i.USBD_DFU_SOF)
    USBD_DFU_SOF                             0x08002755   Thumb Code     4  usbd_dfu.o(i.USBD_DFU_SOF)
    i.USBD_DFU_Setup                         0x08002758   Section        0  usbd_dfu.o(i.USBD_DFU_Setup)
    USBD_DFU_Setup                           0x08002759   Thumb Code   238  usbd_dfu.o(i.USBD_DFU_Setup)
    i.USBD_FS_ConfigStrDescriptor            0x08002850   Section        0  usbd_desc.o(i.USBD_FS_ConfigStrDescriptor)
    i.USBD_FS_DeviceDescriptor               0x08002870   Section        0  usbd_desc.o(i.USBD_FS_DeviceDescriptor)
    i.USBD_FS_InterfaceStrDescriptor         0x0800287c   Section        0  usbd_desc.o(i.USBD_FS_InterfaceStrDescriptor)
    i.USBD_FS_LangIDStrDescriptor            0x080028a0   Section        0  usbd_desc.o(i.USBD_FS_LangIDStrDescriptor)
    i.USBD_FS_ManufacturerStrDescriptor      0x080028ac   Section        0  usbd_desc.o(i.USBD_FS_ManufacturerStrDescriptor)
    i.USBD_FS_ProductStrDescriptor           0x080028d4   Section        0  usbd_desc.o(i.USBD_FS_ProductStrDescriptor)
    i.USBD_FS_SerialStrDescriptor            0x08002908   Section        0  usbd_desc.o(i.USBD_FS_SerialStrDescriptor)
    i.USBD_GetDescriptor                     0x0800292c   Section        0  usbd_ctlreq.o(i.USBD_GetDescriptor)
    USBD_GetDescriptor                       0x0800292d   Thumb Code   238  usbd_ctlreq.o(i.USBD_GetDescriptor)
    i.USBD_GetString                         0x08002a1a   Section        0  usbd_ctlreq.o(i.USBD_GetString)
    i.USBD_Init                              0x08002a5e   Section        0  usbd_core.o(i.USBD_Init)
    i.USBD_LL_ClearStallEP                   0x08002a90   Section        0  usbd_conf.o(i.USBD_LL_ClearStallEP)
    i.USBD_LL_DataInStage                    0x08002aa2   Section        0  usbd_core.o(i.USBD_LL_DataInStage)
    i.USBD_LL_DataOutStage                   0x08002b58   Section        0  usbd_core.o(i.USBD_LL_DataOutStage)
    i.USBD_LL_Init                           0x08002bcc   Section        0  usbd_conf.o(i.USBD_LL_Init)
    i.USBD_LL_IsStallEP                      0x08002c24   Section        0  usbd_conf.o(i.USBD_LL_IsStallEP)
    i.USBD_LL_OpenEP                         0x08002c48   Section        0  usbd_conf.o(i.USBD_LL_OpenEP)
    i.USBD_LL_PrepareReceive                 0x08002c60   Section        0  usbd_conf.o(i.USBD_LL_PrepareReceive)
    i.USBD_LL_Reset                          0x08002c72   Section        0  usbd_core.o(i.USBD_LL_Reset)
    i.USBD_LL_Resume                         0x08002cb8   Section        0  usbd_core.o(i.USBD_LL_Resume)
    i.USBD_LL_SOF                            0x08002cc4   Section        0  usbd_core.o(i.USBD_LL_SOF)
    i.USBD_LL_SetSpeed                       0x08002ce2   Section        0  usbd_core.o(i.USBD_LL_SetSpeed)
    i.USBD_LL_SetUSBAddress                  0x08002ce8   Section        0  usbd_conf.o(i.USBD_LL_SetUSBAddress)
    i.USBD_LL_SetupStage                     0x08002cfa   Section        0  usbd_core.o(i.USBD_LL_SetupStage)
    i.USBD_LL_StallEP                        0x08002d58   Section        0  usbd_conf.o(i.USBD_LL_StallEP)
    i.USBD_LL_Start                          0x08002d6a   Section        0  usbd_conf.o(i.USBD_LL_Start)
    i.USBD_LL_Stop                           0x08002d7c   Section        0  usbd_conf.o(i.USBD_LL_Stop)
    i.USBD_LL_Suspend                        0x08002d8e   Section        0  usbd_core.o(i.USBD_LL_Suspend)
    i.USBD_LL_Transmit                       0x08002d9e   Section        0  usbd_conf.o(i.USBD_LL_Transmit)
    i.USBD_ParseSetupRequest                 0x08002db0   Section        0  usbd_ctlreq.o(i.USBD_ParseSetupRequest)
    i.USBD_RegisterClass                     0x08002dd8   Section        0  usbd_core.o(i.USBD_RegisterClass)
    i.USBD_SetClassConfig                    0x08002dee   Section        0  usbd_core.o(i.USBD_SetClassConfig)
    i.USBD_SetConfig                         0x08002e0c   Section        0  usbd_ctlreq.o(i.USBD_SetConfig)
    USBD_SetConfig                           0x08002e0d   Thumb Code   108  usbd_ctlreq.o(i.USBD_SetConfig)
    i.USBD_Start                             0x08002e7c   Section        0  usbd_core.o(i.USBD_Start)
    i.USBD_StdDevReq                         0x08002e86   Section        0  usbd_ctlreq.o(i.USBD_StdDevReq)
    i.USBD_StdEPReq                          0x08002f74   Section        0  usbd_ctlreq.o(i.USBD_StdEPReq)
    i.USBD_StdItfReq                         0x0800305e   Section        0  usbd_ctlreq.o(i.USBD_StdItfReq)
    i.USBD_Stop                              0x08003098   Section        0  usbd_core.o(i.USBD_Stop)
    i.USBD_static_free                       0x080030b6   Section        0  usbd_conf.o(i.USBD_static_free)
    i.USBD_static_malloc                     0x080030b8   Section        0  usbd_conf.o(i.USBD_static_malloc)
    i.USB_IRQHandler                         0x080030c0   Section        0  stm32l0xx_it.o(i.USB_IRQHandler)
    i.__ARM_common_switch8                   0x080030d0   Section        0  usbd_dfu.o(i.__ARM_common_switch8)
    i.__scatterload_copy                     0x080030ea   Section       14  handlers.o(i.__scatterload_copy)
    i.__scatterload_null                     0x080030f8   Section        2  handlers.o(i.__scatterload_null)
    i.__scatterload_zeroinit                 0x080030fa   Section       14  handlers.o(i.__scatterload_zeroinit)
    i.main                                   0x08003108   Section        0  main.o(i.main)
    i.setGrnLed                              0x08003178   Section        0  usbd_dfu_if.o(i.setGrnLed)
    i.setRedLed                              0x08003188   Section        0  usbd_dfu_if.o(i.setRedLed)
    .constdata                               0x08003198   Section       16  stm32l0xx_hal_rcc.o(.constdata)
    APBAHBPrescTable                         0x08003198   Data          16  stm32l0xx_hal_rcc.o(.constdata)
    .constdata                               0x080031a8   Section       25  system_stm32l0xx.o(.constdata)
    .conststring                             0x080031c4   Section       37  usbd_dfu_if.o(.conststring)
    .data                                    0x20000000   Section        4  stm32l0xx_hal.o(.data)
    uwTick                                   0x20000000   Data           4  stm32l0xx_hal.o(.data)
    .data                                    0x20000004   Section        4  main.o(.data)
    .data                                    0x20000008   Section       28  usbd_dfu_if.o(.data)
    .data                                    0x20000024   Section       28  usbd_desc.o(.data)
    .data                                    0x20000040   Section       22  usbd_desc.o(.data)
    .data                                    0x20000058   Section        4  system_stm32l0xx.o(.data)
    .data                                    0x2000005c   Section       60  usbd_dfu.o(.data)
    .data                                    0x20000098   Section       38  usbd_dfu.o(.data)
    USBD_DFU_CfgDesc                         0x20000098   Data          27  usbd_dfu.o(.data)
    USBD_DFU_DeviceQualifierDesc             0x200000b4   Data          10  usbd_dfu.o(.data)
    .data                                    0x200000be   Section        1  usbd_ctlreq.o(.data)
    cfgidx                                   0x200000be   Data           1  usbd_ctlreq.o(.data)
    .bss                                     0x200000c0   Section       24  stm32l0xx_hal_flash.o(.bss)
    .bss                                     0x200000d8   Section     1596  usbd_conf.o(.bss)
    mem                                      0x200000d8   Data        1052  usbd_conf.o(.bss)
    .bss                                     0x20000714   Section      548  usb_device.o(.bss)
    .bss                                     0x20000938   Section      512  usbd_desc.o(.bss)
    .bss                                     0x20000b38   Section       36  rtc.o(.bss)
    .bss                                     0x20000b5c   Section      255  usbd_dfu.o(.bss)
    USBD_StrDesc                             0x20000b5c   Data         255  usbd_dfu.o(.bss)
    STACK                                    0x20000c60   Section      512  startup_stm32l052xx.o(STACK)

    Global Symbols

    Symbol Name                              Value     Ov Type        Size  Object(Section)

    BuildAttributes$$THM_ISAv3M$S$PE$A:L22$X:L11$S22$IEEE1$IW$USESV6$~STKCKD$USESV7$~SHL$OSPACE$EBA8$MICROLIB$REQ8$PRES8$EABIv2 0x00000000   Number         0  anon$$obj.o ABSOLUTE
    __ARM_use_no_argv                        0x00000000   Number         0  main.o ABSOLUTE
    __cpp_initialize__aeabi_                  - Undefined Weak Reference
    __cxa_finalize                            - Undefined Weak Reference
    __decompress                              - Undefined Weak Reference
    _clock_init                               - Undefined Weak Reference
    _microlib_exit                            - Undefined Weak Reference
    __Vectors_Size                           0x000000c0   Number         0  startup_stm32l052xx.o ABSOLUTE
    __Vectors                                0x08000000   Data           4  startup_stm32l052xx.o(RESET)
    __Vectors_End                            0x080000c0   Data           0  startup_stm32l052xx.o(RESET)
    __main                                   0x080000c1   Thumb Code     0  entry.o(.ARM.Collect$$$$00000000)
    _main_stk                                0x080000c1   Thumb Code     0  entry2.o(.ARM.Collect$$$$00000001)
    _main_scatterload                        0x080000c5   Thumb Code     0  entry5.o(.ARM.Collect$$$$00000004)
    __main_after_scatterload                 0x080000c9   Thumb Code     0  entry5.o(.ARM.Collect$$$$00000004)
    _main_clock                              0x080000c9   Thumb Code     0  entry7b.o(.ARM.Collect$$$$00000008)
    _main_cpp_init                           0x080000c9   Thumb Code     0  entry8b.o(.ARM.Collect$$$$0000000A)
    _main_init                               0x080000c9   Thumb Code     0  entry9a.o(.ARM.Collect$$$$0000000B)
    __rt_final_cpp                           0x080000d1   Thumb Code     0  entry10a.o(.ARM.Collect$$$$0000000D)
    __rt_final_exit                          0x080000d1   Thumb Code     0  entry11a.o(.ARM.Collect$$$$0000000F)
    Reset_Handler                            0x080000d5   Thumb Code     8  startup_stm32l052xx.o(.text)
    NMI_Handler                              0x080000dd   Thumb Code     2  startup_stm32l052xx.o(.text)
    HardFault_Handler                        0x080000df   Thumb Code     2  startup_stm32l052xx.o(.text)
    SVC_Handler                              0x080000e1   Thumb Code     2  startup_stm32l052xx.o(.text)
    PendSV_Handler                           0x080000e3   Thumb Code     2  startup_stm32l052xx.o(.text)
    ADC1_COMP_IRQHandler                     0x080000e7   Thumb Code     0  startup_stm32l052xx.o(.text)
    DMA1_Channel1_IRQHandler                 0x080000e7   Thumb Code     0  startup_stm32l052xx.o(.text)
    DMA1_Channel2_3_IRQHandler               0x080000e7   Thumb Code     0  startup_stm32l052xx.o(.text)
    DMA1_Channel4_5_6_7_IRQHandler           0x080000e7   Thumb Code     0  startup_stm32l052xx.o(.text)
    EXTI0_1_IRQHandler                       0x080000e7   Thumb Code     0  startup_stm32l052xx.o(.text)
    EXTI2_3_IRQHandler                       0x080000e7   Thumb Code     0  startup_stm32l052xx.o(.text)
    EXTI4_15_IRQHandler                      0x080000e7   Thumb Code     0  startup_stm32l052xx.o(.text)
    FLASH_IRQHandler                         0x080000e7   Thumb Code     0  startup_stm32l052xx.o(.text)
    I2C1_IRQHandler                          0x080000e7   Thumb Code     0  startup_stm32l052xx.o(.text)
    I2C2_IRQHandler                          0x080000e7   Thumb Code     0  startup_stm32l052xx.o(.text)
    LPTIM1_IRQHandler                        0x080000e7   Thumb Code     0  startup_stm32l052xx.o(.text)
    PVD_IRQHandler                           0x080000e7   Thumb Code     0  startup_stm32l052xx.o(.text)
    RCC_CRS_IRQHandler                       0x080000e7   Thumb Code     0  startup_stm32l052xx.o(.text)
    RNG_LPUART1_IRQHandler                   0x080000e7   Thumb Code     0  startup_stm32l052xx.o(.text)
    SPI1_IRQHandler                          0x080000e7   Thumb Code     0  startup_stm32l052xx.o(.text)
    SPI2_IRQHandler                          0x080000e7   Thumb Code     0  startup_stm32l052xx.o(.text)
    TIM21_IRQHandler                         0x080000e7   Thumb Code     0  startup_stm32l052xx.o(.text)
    TIM22_IRQHandler                         0x080000e7   Thumb Code     0  startup_stm32l052xx.o(.text)
    TIM2_IRQHandler                          0x080000e7   Thumb Code     0  startup_stm32l052xx.o(.text)
    TIM6_DAC_IRQHandler                      0x080000e7   Thumb Code     0  startup_stm32l052xx.o(.text)
    TSC_IRQHandler                           0x080000e7   Thumb Code     0  startup_stm32l052xx.o(.text)
    USART1_IRQHandler                        0x080000e7   Thumb Code     0  startup_stm32l052xx.o(.text)
    USART2_IRQHandler                        0x080000e7   Thumb Code     0  startup_stm32l052xx.o(.text)
    WWDG_IRQHandler                          0x080000e7   Thumb Code     0  startup_stm32l052xx.o(.text)
    __aeabi_uidiv                            0x080000f1   Thumb Code     0  uidiv.o(.text)
    __aeabi_uidivmod                         0x080000f1   Thumb Code    44  uidiv.o(.text)
    __scatterload                            0x0800011d   Thumb Code    28  init.o(.text)
    __scatterload_rt2                        0x0800011d   Thumb Code     0  init.o(.text)
    FLASH_ErasePage                          0x080003a9   Thumb Code    30  stm32l0xx_hal_flash.o(i.FLASH_ErasePage)
    FLASH_WaitForLastOperation               0x08000449   Thumb Code   122  stm32l0xx_hal_flash.o(i.FLASH_WaitForLastOperation)
    HAL_Delay                                0x080004c9   Thumb Code    22  stm32l0xx_hal.o(i.HAL_Delay)
    HAL_FLASHEx_Erase                        0x080004e1   Thumb Code   108  stm32l0xx_hal_flash_ex.o(i.HAL_FLASHEx_Erase)
    HAL_FLASH_Lock                           0x08000559   Thumb Code    14  stm32l0xx_hal_flash.o(i.HAL_FLASH_Lock)
    HAL_FLASH_Program                        0x0800056d   Thumb Code    50  stm32l0xx_hal_flash.o(i.HAL_FLASH_Program)
    HAL_FLASH_Unlock                         0x080005a9   Thumb Code    38  stm32l0xx_hal_flash.o(i.HAL_FLASH_Unlock)
    HAL_GPIO_Init                            0x080005e5   Thumb Code   346  stm32l0xx_hal_gpio.o(i.HAL_GPIO_Init)
    HAL_GPIO_ReadPin                         0x0800075d   Thumb Code    10  stm32l0xx_hal_gpio.o(i.HAL_GPIO_ReadPin)
    HAL_GPIO_WritePin                        0x08000767   Thumb Code    12  stm32l0xx_hal_gpio.o(i.HAL_GPIO_WritePin)
    HAL_GetTick                              0x08000775   Thumb Code     6  stm32l0xx_hal.o(i.HAL_GetTick)
    HAL_IncTick                              0x08000781   Thumb Code    10  stm32l0xx_hal.o(i.HAL_IncTick)
    HAL_Init                                 0x08000791   Thumb Code    26  stm32l0xx_hal.o(i.HAL_Init)
    HAL_InitTick                             0x080007b1   Thumb Code    34  stm32l0xx_hal.o(i.HAL_InitTick)
    HAL_MspInit                              0x080007d5   Thumb Code    24  stm32l0xx_hal_msp.o(i.HAL_MspInit)
    HAL_NVIC_EnableIRQ                       0x080007f1   Thumb Code    14  stm32l0xx_hal_cortex.o(i.HAL_NVIC_EnableIRQ)
    HAL_NVIC_SetPriority                     0x08000805   Thumb Code     8  stm32l0xx_hal_cortex.o(i.HAL_NVIC_SetPriority)
    HAL_PCDEx_PMAConfig                      0x0800080d   Thumb Code    58  stm32l0xx_hal_pcd_ex.o(i.HAL_PCDEx_PMAConfig)
    HAL_PCD_DataInStageCallback              0x08000847   Thumb Code    24  usbd_conf.o(i.HAL_PCD_DataInStageCallback)
    HAL_PCD_DataOutStageCallback             0x0800085f   Thumb Code    28  usbd_conf.o(i.HAL_PCD_DataOutStageCallback)
    HAL_PCD_EP_ClrStall                      0x0800087d   Thumb Code   170  stm32l0xx_hal_pcd.o(i.HAL_PCD_EP_ClrStall)
    HAL_PCD_EP_Open                          0x08000935   Thumb Code   680  stm32l0xx_hal_pcd.o(i.HAL_PCD_EP_Open)
    HAL_PCD_EP_Receive                       0x08000bf5   Thumb Code   298  stm32l0xx_hal_pcd.o(i.HAL_PCD_EP_Receive)
    HAL_PCD_EP_SetStall                      0x08000d2d   Thumb Code   136  stm32l0xx_hal_pcd.o(i.HAL_PCD_EP_SetStall)
    HAL_PCD_EP_Transmit                      0x08000dc1   Thumb Code   390  stm32l0xx_hal_pcd.o(i.HAL_PCD_EP_Transmit)
    HAL_PCD_IRQHandler                       0x08000f59   Thumb Code   238  stm32l0xx_hal_pcd.o(i.HAL_PCD_IRQHandler)
    HAL_PCD_Init                             0x08001065   Thumb Code   154  stm32l0xx_hal_pcd.o(i.HAL_PCD_Init)
    HAL_PCD_MspInit                          0x08001101   Thumb Code    40  usbd_conf.o(i.HAL_PCD_MspInit)
    HAL_PCD_ResetCallback                    0x08001131   Thumb Code    24  usbd_conf.o(i.HAL_PCD_ResetCallback)
    HAL_PCD_ResumeCallback                   0x08001149   Thumb Code    38  usbd_conf.o(i.HAL_PCD_ResumeCallback)
    HAL_PCD_SOFCallback                      0x08001175   Thumb Code    16  usbd_conf.o(i.HAL_PCD_SOFCallback)
    HAL_PCD_SetAddress                       0x08001185   Thumb Code    44  stm32l0xx_hal_pcd.o(i.HAL_PCD_SetAddress)
    HAL_PCD_SetupStageCallback               0x080011b1   Thumb Code    22  usbd_conf.o(i.HAL_PCD_SetupStageCallback)
    HAL_PCD_Start                            0x080011c7   Thumb Code    18  stm32l0xx_hal_pcd.o(i.HAL_PCD_Start)
    HAL_PCD_Stop                             0x080011d9   Thumb Code    48  stm32l0xx_hal_pcd.o(i.HAL_PCD_Stop)
    HAL_PCD_SuspendCallback                  0x08001209   Thumb Code    34  usbd_conf.o(i.HAL_PCD_SuspendCallback)
    HAL_RCCEx_PeriphCLKConfig                0x08001231   Thumb Code   338  stm32l0xx_hal_rcc_ex.o(i.HAL_RCCEx_PeriphCLKConfig)
    HAL_RCC_ClockConfig                      0x08001391   Thumb Code   320  stm32l0xx_hal_rcc.o(i.HAL_RCC_ClockConfig)
    HAL_RCC_GetHCLKFreq                      0x080014dd   Thumb Code    26  stm32l0xx_hal_rcc.o(i.HAL_RCC_GetHCLKFreq)
    HAL_RCC_GetSysClockFreq                  0x08001505   Thumb Code   108  stm32l0xx_hal_rcc.o(i.HAL_RCC_GetSysClockFreq)
    HAL_RCC_OscConfig                        0x08001589   Thumb Code  1064  stm32l0xx_hal_rcc.o(i.HAL_RCC_OscConfig)
    HAL_RTCEx_SetWakeUpTimer_IT              0x080019b1   Thumb Code   224  stm32l0xx_hal_rtc_ex.o(i.HAL_RTCEx_SetWakeUpTimer_IT)
    HAL_RTCEx_WakeUpTimerEventCallback       0x08001a95   Thumb Code     2  stm32l0xx_hal_rtc_ex.o(i.HAL_RTCEx_WakeUpTimerEventCallback)
    HAL_RTCEx_WakeUpTimerIRQHandler          0x08001a99   Thumb Code    48  stm32l0xx_hal_rtc_ex.o(i.HAL_RTCEx_WakeUpTimerIRQHandler)
    HAL_RTC_Init                             0x08001ad1   Thumb Code   160  stm32l0xx_hal_rtc.o(i.HAL_RTC_Init)
    HAL_RTC_MspInit                          0x08001b75   Thumb Code    40  rtc.o(i.HAL_RTC_MspInit)
    HAL_RTC_SetDate                          0x08001ba5   Thumb Code   200  stm32l0xx_hal_rtc.o(i.HAL_RTC_SetDate)
    HAL_RTC_SetTime                          0x08001c71   Thumb Code   234  stm32l0xx_hal_rtc.o(i.HAL_RTC_SetTime)
    HAL_RTC_WaitForSynchro                   0x08001d61   Thumb Code    52  stm32l0xx_hal_rtc.o(i.HAL_RTC_WaitForSynchro)
    HAL_SYSTICK_CLKSourceConfig              0x08001d95   Thumb Code    20  stm32l0xx_hal_cortex.o(i.HAL_SYSTICK_CLKSourceConfig)
    HAL_SYSTICK_Callback                     0x08001dad   Thumb Code     2  stm32l0xx_hal_cortex.o(i.HAL_SYSTICK_Callback)
    HAL_SYSTICK_Config                       0x08001db1   Thumb Code    38  stm32l0xx_hal_cortex.o(i.HAL_SYSTICK_Config)
    HAL_SYSTICK_IRQHandler                   0x08001de1   Thumb Code     8  stm32l0xx_hal_cortex.o(i.HAL_SYSTICK_IRQHandler)
    MX_GPIO_Init                             0x08001ea1   Thumb Code   120  gpio.o(i.MX_GPIO_Init)
    MX_RTC_Init                              0x08001f25   Thumb Code    92  rtc.o(i.MX_RTC_Init)
    MX_USB_DEVICE_Init                       0x08001f8d   Thumb Code    36  usb_device.o(i.MX_USB_DEVICE_Init)
    PCD_ReadPMA                              0x08002341   Thumb Code    30  stm32l0xx_hal_pcd.o(i.PCD_ReadPMA)
    PCD_WritePMA                             0x0800235f   Thumb Code    38  stm32l0xx_hal_pcd.o(i.PCD_WritePMA)
    RTC_Bcd2ToByte                           0x08002385   Thumb Code    16  stm32l0xx_hal_rtc.o(i.RTC_Bcd2ToByte)
    RTC_ByteToBcd2                           0x08002395   Thumb Code    22  stm32l0xx_hal_rtc.o(i.RTC_ByteToBcd2)
    RTC_EnterInitMode                        0x080023ab   Thumb Code    56  stm32l0xx_hal_rtc.o(i.RTC_EnterInitMode)
    RTC_IRQHandler                           0x080023e5   Thumb Code    10  stm32l0xx_it.o(i.RTC_IRQHandler)
    SysTick_Handler                          0x080023f5   Thumb Code    12  stm32l0xx_it.o(i.SysTick_Handler)
    SystemClock_Config                       0x08002401   Thumb Code   144  main.o(i.SystemClock_Config)
    SystemInit                               0x08002499   Thumb Code    66  system_stm32l0xx.o(i.SystemInit)
    USBD_ClrClassConfig                      0x080024ed   Thumb Code    16  usbd_core.o(i.USBD_ClrClassConfig)
    USBD_CtlContinueRx                       0x080024fd   Thumb Code    16  usbd_ioreq.o(i.USBD_CtlContinueRx)
    USBD_CtlContinueSendData                 0x0800250d   Thumb Code    16  usbd_ioreq.o(i.USBD_CtlContinueSendData)
    USBD_CtlError                            0x0800251d   Thumb Code    20  usbd_ctlreq.o(i.USBD_CtlError)
    USBD_CtlPrepareRx                        0x08002531   Thumb Code    32  usbd_ioreq.o(i.USBD_CtlPrepareRx)
    USBD_CtlReceiveStatus                    0x08002551   Thumb Code    24  usbd_ioreq.o(i.USBD_CtlReceiveStatus)
    USBD_CtlSendData                         0x08002569   Thumb Code    28  usbd_ioreq.o(i.USBD_CtlSendData)
    USBD_CtlSendStatus                       0x08002585   Thumb Code    24  usbd_ioreq.o(i.USBD_CtlSendStatus)
    USBD_DFU_RegisterMedia                   0x08002745   Thumb Code    16  usbd_dfu.o(i.USBD_DFU_RegisterMedia)
    USBD_FS_ConfigStrDescriptor              0x08002851   Thumb Code    16  usbd_desc.o(i.USBD_FS_ConfigStrDescriptor)
    USBD_FS_DeviceDescriptor                 0x08002871   Thumb Code     8  usbd_desc.o(i.USBD_FS_DeviceDescriptor)
    USBD_FS_InterfaceStrDescriptor           0x0800287d   Thumb Code    16  usbd_desc.o(i.USBD_FS_InterfaceStrDescriptor)
    USBD_FS_LangIDStrDescriptor              0x080028a1   Thumb Code     8  usbd_desc.o(i.USBD_FS_LangIDStrDescriptor)
    USBD_FS_ManufacturerStrDescriptor        0x080028ad   Thumb Code    16  usbd_desc.o(i.USBD_FS_ManufacturerStrDescriptor)
    USBD_FS_ProductStrDescriptor             0x080028d5   Thumb Code    16  usbd_desc.o(i.USBD_FS_ProductStrDescriptor)
    USBD_FS_SerialStrDescriptor              0x08002909   Thumb Code    16  usbd_desc.o(i.USBD_FS_SerialStrDescriptor)
    USBD_GetString                           0x08002a1b   Thumb Code    68  usbd_ctlreq.o(i.USBD_GetString)
    USBD_Init                                0x08002a5f   Thumb Code    50  usbd_core.o(i.USBD_Init)
    USBD_LL_ClearStallEP                     0x08002a91   Thumb Code    18  usbd_conf.o(i.USBD_LL_ClearStallEP)
    USBD_LL_DataInStage                      0x08002aa3   Thumb Code   182  usbd_core.o(i.USBD_LL_DataInStage)
    USBD_LL_DataOutStage                     0x08002b59   Thumb Code   116  usbd_core.o(i.USBD_LL_DataOutStage)
    USBD_LL_Init                             0x08002bcd   Thumb Code    74  usbd_conf.o(i.USBD_LL_Init)
    USBD_LL_IsStallEP                        0x08002c25   Thumb Code    36  usbd_conf.o(i.USBD_LL_IsStallEP)
    USBD_LL_OpenEP                           0x08002c49   Thumb Code    24  usbd_conf.o(i.USBD_LL_OpenEP)
    USBD_LL_PrepareReceive                   0x08002c61   Thumb Code    18  usbd_conf.o(i.USBD_LL_PrepareReceive)
    USBD_LL_Reset                            0x08002c73   Thumb Code    70  usbd_core.o(i.USBD_LL_Reset)
    USBD_LL_Resume                           0x08002cb9   Thumb Code    12  usbd_core.o(i.USBD_LL_Resume)
    USBD_LL_SOF                              0x08002cc5   Thumb Code    30  usbd_core.o(i.USBD_LL_SOF)
    USBD_LL_SetSpeed                         0x08002ce3   Thumb Code     6  usbd_core.o(i.USBD_LL_SetSpeed)
    USBD_LL_SetUSBAddress                    0x08002ce9   Thumb Code    18  usbd_conf.o(i.USBD_LL_SetUSBAddress)
    USBD_LL_SetupStage                       0x08002cfb   Thumb Code    94  usbd_core.o(i.USBD_LL_SetupStage)
    USBD_LL_StallEP                          0x08002d59   Thumb Code    18  usbd_conf.o(i.USBD_LL_StallEP)
    USBD_LL_Start                            0x08002d6b   Thumb Code    18  usbd_conf.o(i.USBD_LL_Start)
    USBD_LL_Stop                             0x08002d7d   Thumb Code    18  usbd_conf.o(i.USBD_LL_Stop)
    USBD_LL_Suspend                          0x08002d8f   Thumb Code    16  usbd_core.o(i.USBD_LL_Suspend)
    USBD_LL_Transmit                         0x08002d9f   Thumb Code    18  usbd_conf.o(i.USBD_LL_Transmit)
    USBD_ParseSetupRequest                   0x08002db1   Thumb Code    40  usbd_ctlreq.o(i.USBD_ParseSetupRequest)
    USBD_RegisterClass                       0x08002dd9   Thumb Code    22  usbd_core.o(i.USBD_RegisterClass)
    USBD_SetClassConfig                      0x08002def   Thumb Code    28  usbd_core.o(i.USBD_SetClassConfig)
    USBD_Start                               0x08002e7d   Thumb Code    10  usbd_core.o(i.USBD_Start)
    USBD_StdDevReq                           0x08002e87   Thumb Code   238  usbd_ctlreq.o(i.USBD_StdDevReq)
    USBD_StdEPReq                            0x08002f75   Thumb Code   234  usbd_ctlreq.o(i.USBD_StdEPReq)
    USBD_StdItfReq                           0x0800305f   Thumb Code    58  usbd_ctlreq.o(i.USBD_StdItfReq)
    USBD_Stop                                0x08003099   Thumb Code    30  usbd_core.o(i.USBD_Stop)
    USBD_static_free                         0x080030b7   Thumb Code     2  usbd_conf.o(i.USBD_static_free)
    USBD_static_malloc                       0x080030b9   Thumb Code     4  usbd_conf.o(i.USBD_static_malloc)
    USB_IRQHandler                           0x080030c1   Thumb Code    10  stm32l0xx_it.o(i.USB_IRQHandler)
    __ARM_common_switch8                     0x080030d1   Thumb Code    26  usbd_dfu.o(i.__ARM_common_switch8)
    __scatterload_copy                       0x080030eb   Thumb Code    14  handlers.o(i.__scatterload_copy)
    __scatterload_null                       0x080030f9   Thumb Code     2  handlers.o(i.__scatterload_null)
    __scatterload_zeroinit                   0x080030fb   Thumb Code    14  handlers.o(i.__scatterload_zeroinit)
    main                                     0x08003109   Thumb Code   100  main.o(i.main)
    setGrnLed                                0x08003179   Thumb Code    16  usbd_dfu_if.o(i.setGrnLed)
    setRedLed                                0x08003189   Thumb Code    16  usbd_dfu_if.o(i.setRedLed)
    AHBPrescTable                            0x080031a8   Data          16  system_stm32l0xx.o(.constdata)
    PLLMulTable                              0x080031b8   Data           9  system_stm32l0xx.o(.constdata)
    Region$$Table$$Base                      0x080031ec   Number         0  anon$$obj.o(Region$$Table)
    Region$$Table$$Limit                     0x0800320c   Number         0  anon$$obj.o(Region$$Table)
    JumpToApplication                        0x20000004   Data           4  main.o(.data)
    USBD_DFU_fops_FS                         0x20000008   Data          28  usbd_dfu_if.o(.data)
    FS_Desc                                  0x20000024   Data          28  usbd_desc.o(.data)
    USBD_LangIDDesc                          0x20000040   Data           4  usbd_desc.o(.data)
    USBD_FS_DeviceDesc                       0x20000044   Data          18  usbd_desc.o(.data)
    SystemCoreClock                          0x20000058   Data           4  system_stm32l0xx.o(.data)
    USBD_DFU                                 0x2000005c   Data          60  usbd_dfu.o(.data)
    ProcFlash                                0x200000c0   Data          24  stm32l0xx_hal_flash.o(.bss)
    hpcd_USB_FS                              0x200004f4   Data         544  usbd_conf.o(.bss)
    hUsbDeviceFS                             0x20000714   Data         548  usb_device.o(.bss)
    USBD_StrDesc                             0x20000938   Data         512  usbd_desc.o(.bss)
    hrtc                                     0x20000b38   Data          36  rtc.o(.bss)
    __initial_sp                             0x20000e60   Data           0  startup_stm32l052xx.o(STACK)



==============================================================================

Memory Map of the image

  Image Entry point : 0x080000c1

  Load Region LR_IROM1 (Base: 0x08000000, Size: 0x000032cc, Max: 0x00008000, ABSOLUTE)

    Execution Region ER_IROM1 (Base: 0x08000000, Size: 0x0000320c, Max: 0x00008000, ABSOLUTE)

    Base Addr    Size         Type   Attr      Idx    E Section Name        Object

    0x08000000   0x000000c0   Data   RO         2181    RESET               startup_stm32l052xx.o
    0x080000c0   0x00000000   Code   RO         3148  * .ARM.Collect$$$$00000000  mc_p.l(entry.o)
    0x080000c0   0x00000004   Code   RO         3153    .ARM.Collect$$$$00000001  mc_p.l(entry2.o)
    0x080000c4   0x00000004   Code   RO         3156    .ARM.Collect$$$$00000004  mc_p.l(entry5.o)
    0x080000c8   0x00000000   Code   RO         3158    .ARM.Collect$$$$00000008  mc_p.l(entry7b.o)
    0x080000c8   0x00000000   Code   RO         3160    .ARM.Collect$$$$0000000A  mc_p.l(entry8b.o)
    0x080000c8   0x00000008   Code   RO         3161    .ARM.Collect$$$$0000000B  mc_p.l(entry9a.o)
    0x080000d0   0x00000000   Code   RO         3163    .ARM.Collect$$$$0000000D  mc_p.l(entry10a.o)
    0x080000d0   0x00000000   Code   RO         3165    .ARM.Collect$$$$0000000F  mc_p.l(entry11a.o)
    0x080000d0   0x00000004   Code   RO         3154    .ARM.Collect$$$$00002712  mc_p.l(entry2.o)
    0x080000d4   0x0000001c   Code   RO         2182    .text               startup_stm32l052xx.o
    0x080000f0   0x0000002c   Code   RO         3151    .text               mc_p.l(uidiv.o)
    0x0800011c   0x00000024   Code   RO         3167    .text               mc_p.l(init.o)
    0x08000140   0x00000060   Code   RO         2966    i.DFU_Detach        usbd_dfu.o
    0x080001a0   0x0000005c   Code   RO         2967    i.DFU_Download      usbd_dfu.o
    0x080001fc   0x0000009c   Code   RO         2968    i.DFU_GetStatus     usbd_dfu.o
    0x08000298   0x00000060   Code   RO         2969    i.DFU_Leave         usbd_dfu.o
    0x080002f8   0x000000b0   Code   RO         2970    i.DFU_Upload        usbd_dfu.o
    0x080003a8   0x00000028   Code   RO          463    i.FLASH_ErasePage   stm32l0xx_hal_flash.o
    0x080003d0   0x00000078   Code   RO          464    i.FLASH_SetErrorCode  stm32l0xx_hal_flash.o
    0x08000448   0x00000080   Code   RO          465    i.FLASH_WaitForLastOperation  stm32l0xx_hal_flash.o
    0x080004c8   0x00000016   Code   RO          294    i.HAL_Delay         stm32l0xx_hal.o
    0x080004de   0x00000002   PAD
    0x080004e0   0x00000078   Code   RO         1463    i.HAL_FLASHEx_Erase  stm32l0xx_hal_flash_ex.o
    0x08000558   0x00000014   Code   RO          469    i.HAL_FLASH_Lock    stm32l0xx_hal_flash.o
    0x0800056c   0x0000003c   Code   RO          474    i.HAL_FLASH_Program  stm32l0xx_hal_flash.o
    0x080005a8   0x0000003c   Code   RO          476    i.HAL_FLASH_Unlock  stm32l0xx_hal_flash.o
    0x080005e4   0x00000178   Code   RO          953    i.HAL_GPIO_Init     stm32l0xx_hal_gpio.o
    0x0800075c   0x0000000a   Code   RO          955    i.HAL_GPIO_ReadPin  stm32l0xx_hal_gpio.o
    0x08000766   0x0000000c   Code   RO          957    i.HAL_GPIO_WritePin  stm32l0xx_hal_gpio.o
    0x08000772   0x00000002   PAD
    0x08000774   0x0000000c   Code   RO          298    i.HAL_GetTick       stm32l0xx_hal.o
    0x08000780   0x00000010   Code   RO          299    i.HAL_IncTick       stm32l0xx_hal.o
    0x08000790   0x00000020   Code   RO          300    i.HAL_Init          stm32l0xx_hal.o
    0x080007b0   0x00000022   Code   RO          301    i.HAL_InitTick      stm32l0xx_hal.o
    0x080007d2   0x00000002   PAD
    0x080007d4   0x0000001c   Code   RO         2188    i.HAL_MspInit       stm32l0xx_hal_msp.o
    0x080007f0   0x00000014   Code   RO         1029    i.HAL_NVIC_EnableIRQ  stm32l0xx_hal_cortex.o
    0x08000804   0x00000008   Code   RO         1033    i.HAL_NVIC_SetPriority  stm32l0xx_hal_cortex.o
    0x0800080c   0x0000003a   Code   RO         1729    i.HAL_PCDEx_PMAConfig  stm32l0xx_hal_pcd_ex.o
    0x08000846   0x00000018   Code   RO         2321    i.HAL_PCD_DataInStageCallback  usbd_conf.o
    0x0800085e   0x0000001c   Code   RO         2322    i.HAL_PCD_DataOutStageCallback  usbd_conf.o
    0x0800087a   0x00000002   PAD
    0x0800087c   0x000000b8   Code   RO         1759    i.HAL_PCD_EP_ClrStall  stm32l0xx_hal_pcd.o
    0x08000934   0x000002c0   Code   RO         1762    i.HAL_PCD_EP_Open   stm32l0xx_hal_pcd.o
    0x08000bf4   0x00000138   Code   RO         1763    i.HAL_PCD_EP_Receive  stm32l0xx_hal_pcd.o
    0x08000d2c   0x00000094   Code   RO         1764    i.HAL_PCD_EP_SetStall  stm32l0xx_hal_pcd.o
    0x08000dc0   0x00000198   Code   RO         1765    i.HAL_PCD_EP_Transmit  stm32l0xx_hal_pcd.o
    0x08000f58   0x0000010c   Code   RO         1767    i.HAL_PCD_IRQHandler  stm32l0xx_hal_pcd.o
    0x08001064   0x0000009a   Code   RO         1770    i.HAL_PCD_Init      stm32l0xx_hal_pcd.o
    0x080010fe   0x00000002   PAD
    0x08001100   0x00000030   Code   RO         2327    i.HAL_PCD_MspInit   usbd_conf.o
    0x08001130   0x00000018   Code   RO         2328    i.HAL_PCD_ResetCallback  usbd_conf.o
    0x08001148   0x0000002c   Code   RO         2329    i.HAL_PCD_ResumeCallback  usbd_conf.o
    0x08001174   0x00000010   Code   RO         2330    i.HAL_PCD_SOFCallback  usbd_conf.o
    0x08001184   0x0000002c   Code   RO         1776    i.HAL_PCD_SetAddress  stm32l0xx_hal_pcd.o
    0x080011b0   0x00000016   Code   RO         2331    i.HAL_PCD_SetupStageCallback  usbd_conf.o
    0x080011c6   0x00000012   Code   RO         1778    i.HAL_PCD_Start     stm32l0xx_hal_pcd.o
    0x080011d8   0x00000030   Code   RO         1779    i.HAL_PCD_Stop      stm32l0xx_hal_pcd.o
    0x08001208   0x00000028   Code   RO         2332    i.HAL_PCD_SuspendCallback  usbd_conf.o
    0x08001230   0x00000160   Code   RO         1588    i.HAL_RCCEx_PeriphCLKConfig  stm32l0xx_hal_rcc_ex.o
    0x08001390   0x0000014c   Code   RO          114    i.HAL_RCC_ClockConfig  stm32l0xx_hal_rcc.o
    0x080014dc   0x00000028   Code   RO          118    i.HAL_RCC_GetHCLKFreq  stm32l0xx_hal_rcc.o
    0x08001504   0x00000084   Code   RO          122    i.HAL_RCC_GetSysClockFreq  stm32l0xx_hal_rcc.o
    0x08001588   0x00000428   Code   RO          125    i.HAL_RCC_OscConfig  stm32l0xx_hal_rcc.o
    0x080019b0   0x000000e4   Code   RO         1995    i.HAL_RTCEx_SetWakeUpTimer_IT  stm32l0xx_hal_rtc_ex.o
    0x08001a94   0x00000002   Code   RO         2000    i.HAL_RTCEx_WakeUpTimerEventCallback  stm32l0xx_hal_rtc_ex.o
    0x08001a96   0x00000002   PAD
    0x08001a98   0x00000038   Code   RO         2001    i.HAL_RTCEx_WakeUpTimerIRQHandler  stm32l0xx_hal_rtc_ex.o
    0x08001ad0   0x000000a4   Code   RO          825    i.HAL_RTC_Init      stm32l0xx_hal_rtc.o
    0x08001b74   0x00000030   Code   RO         2706    i.HAL_RTC_MspInit   rtc.o
    0x08001ba4   0x000000cc   Code   RO          831    i.HAL_RTC_SetDate   stm32l0xx_hal_rtc.o
    0x08001c70   0x000000f0   Code   RO          832    i.HAL_RTC_SetTime   stm32l0xx_hal_rtc.o
    0x08001d60   0x00000034   Code   RO          833    i.HAL_RTC_WaitForSynchro  stm32l0xx_hal_rtc.o
    0x08001d94   0x00000018   Code   RO         1035    i.HAL_SYSTICK_CLKSourceConfig  stm32l0xx_hal_cortex.o
    0x08001dac   0x00000002   Code   RO         1036    i.HAL_SYSTICK_Callback  stm32l0xx_hal_cortex.o
    0x08001dae   0x00000002   PAD
    0x08001db0   0x00000030   Code   RO         1037    i.HAL_SYSTICK_Config  stm32l0xx_hal_cortex.o
    0x08001de0   0x00000008   Code   RO         1038    i.HAL_SYSTICK_IRQHandler  stm32l0xx_hal_cortex.o
    0x08001de8   0x00000004   Code   RO         2535    i.MEM_If_DeInit_FS  usbd_dfu_if.o
    0x08001dec   0x0000003a   Code   RO         2536    i.MEM_If_Erase_FS   usbd_dfu_if.o
    0x08001e26   0x00000004   Code   RO         2537    i.MEM_If_GetStatus_FS  usbd_dfu_if.o
    0x08001e2a   0x00000004   Code   RO         2538    i.MEM_If_Init_FS    usbd_dfu_if.o
    0x08001e2e   0x00000026   Code   RO         2539    i.MEM_If_Read_FS    usbd_dfu_if.o
    0x08001e54   0x0000004c   Code   RO         2540    i.MEM_If_Write_FS   usbd_dfu_if.o
    0x08001ea0   0x00000084   Code   RO         2299    i.MX_GPIO_Init      gpio.o
    0x08001f24   0x00000068   Code   RO         2707    i.MX_RTC_Init       rtc.o
    0x08001f8c   0x00000034   Code   RO         2604    i.MX_USB_DEVICE_Init  usb_device.o
    0x08001fc0   0x00000044   Code   RO         1039    i.NVIC_SetPriority  stm32l0xx_hal_cortex.o
    0x08002004   0x0000033c   Code   RO         1781    i.PCD_EP_ISR_Handler  stm32l0xx_hal_pcd.o
    0x08002340   0x0000001e   Code   RO         1782    i.PCD_ReadPMA       stm32l0xx_hal_pcd.o
    0x0800235e   0x00000026   Code   RO         1783    i.PCD_WritePMA      stm32l0xx_hal_pcd.o
    0x08002384   0x00000010   Code   RO          834    i.RTC_Bcd2ToByte    stm32l0xx_hal_rtc.o
    0x08002394   0x00000016   Code   RO          835    i.RTC_ByteToBcd2    stm32l0xx_hal_rtc.o
    0x080023aa   0x00000038   Code   RO          836    i.RTC_EnterInitMode  stm32l0xx_hal_rtc.o
    0x080023e2   0x00000002   PAD
    0x080023e4   0x00000010   Code   RO         2263    i.RTC_IRQHandler    stm32l0xx_it.o
    0x080023f4   0x0000000c   Code   RO         2264    i.SysTick_Handler   stm32l0xx_it.o
    0x08002400   0x00000098   Code   RO         2208    i.SystemClock_Config  main.o
    0x08002498   0x00000054   Code   RO         2744    i.SystemInit        system_stm32l0xx.o
    0x080024ec   0x00000010   Code   RO         2832    i.USBD_ClrClassConfig  usbd_core.o
    0x080024fc   0x00000010   Code   RO         2776    i.USBD_CtlContinueRx  usbd_ioreq.o
    0x0800250c   0x00000010   Code   RO         2777    i.USBD_CtlContinueSendData  usbd_ioreq.o
    0x0800251c   0x00000014   Code   RO         3089    i.USBD_CtlError     usbd_ctlreq.o
    0x08002530   0x00000020   Code   RO         2778    i.USBD_CtlPrepareRx  usbd_ioreq.o
    0x08002550   0x00000018   Code   RO         2779    i.USBD_CtlReceiveStatus  usbd_ioreq.o
    0x08002568   0x0000001c   Code   RO         2780    i.USBD_CtlSendData  usbd_ioreq.o
    0x08002584   0x00000018   Code   RO         2781    i.USBD_CtlSendStatus  usbd_ioreq.o
    0x0800259c   0x00000004   Code   RO         2971    i.USBD_DFU_DataIn   usbd_dfu.o
    0x080025a0   0x00000004   Code   RO         2972    i.USBD_DFU_DataOut  usbd_dfu.o
    0x080025a4   0x00000036   Code   RO         2973    i.USBD_DFU_DeInit   usbd_dfu.o
    0x080025da   0x00000004   Code   RO         2974    i.USBD_DFU_EP0_RxReady  usbd_dfu.o
    0x080025de   0x00000002   PAD
    0x080025e0   0x000000d0   Code   RO         2975    i.USBD_DFU_EP0_TxReady  usbd_dfu.o
    0x080026b0   0x0000000c   Code   RO         2976    i.USBD_DFU_GetCfgDesc  usbd_dfu.o
    0x080026bc   0x0000000c   Code   RO         2977    i.USBD_DFU_GetDeviceQualifierDesc  usbd_dfu.o
    0x080026c8   0x00000024   Code   RO         2978    i.USBD_DFU_GetUsrStringDesc  usbd_dfu.o
    0x080026ec   0x00000050   Code   RO         2979    i.USBD_DFU_Init     usbd_dfu.o
    0x0800273c   0x00000004   Code   RO         2980    i.USBD_DFU_IsoINIncomplete  usbd_dfu.o
    0x08002740   0x00000004   Code   RO         2981    i.USBD_DFU_IsoOutIncomplete  usbd_dfu.o
    0x08002744   0x00000010   Code   RO         2982    i.USBD_DFU_RegisterMedia  usbd_dfu.o
    0x08002754   0x00000004   Code   RO         2983    i.USBD_DFU_SOF      usbd_dfu.o
    0x08002758   0x000000f8   Code   RO         2984    i.USBD_DFU_Setup    usbd_dfu.o
    0x08002850   0x00000020   Code   RO         2638    i.USBD_FS_ConfigStrDescriptor  usbd_desc.o
    0x08002870   0x0000000c   Code   RO         2639    i.USBD_FS_DeviceDescriptor  usbd_desc.o
    0x0800287c   0x00000024   Code   RO         2640    i.USBD_FS_InterfaceStrDescriptor  usbd_desc.o
    0x080028a0   0x0000000c   Code   RO         2641    i.USBD_FS_LangIDStrDescriptor  usbd_desc.o
    0x080028ac   0x00000028   Code   RO         2642    i.USBD_FS_ManufacturerStrDescriptor  usbd_desc.o
    0x080028d4   0x00000034   Code   RO         2643    i.USBD_FS_ProductStrDescriptor  usbd_desc.o
    0x08002908   0x00000024   Code   RO         2644    i.USBD_FS_SerialStrDescriptor  usbd_desc.o
    0x0800292c   0x000000ee   Code   RO         3090    i.USBD_GetDescriptor  usbd_ctlreq.o
    0x08002a1a   0x00000044   Code   RO         3091    i.USBD_GetString    usbd_ctlreq.o
    0x08002a5e   0x00000032   Code   RO         2834    i.USBD_Init         usbd_core.o
    0x08002a90   0x00000012   Code   RO         2333    i.USBD_LL_ClearStallEP  usbd_conf.o
    0x08002aa2   0x000000b6   Code   RO         2835    i.USBD_LL_DataInStage  usbd_core.o
    0x08002b58   0x00000074   Code   RO         2836    i.USBD_LL_DataOutStage  usbd_core.o
    0x08002bcc   0x00000058   Code   RO         2339    i.USBD_LL_Init      usbd_conf.o
    0x08002c24   0x00000024   Code   RO         2340    i.USBD_LL_IsStallEP  usbd_conf.o
    0x08002c48   0x00000018   Code   RO         2341    i.USBD_LL_OpenEP    usbd_conf.o
    0x08002c60   0x00000012   Code   RO         2342    i.USBD_LL_PrepareReceive  usbd_conf.o
    0x08002c72   0x00000046   Code   RO         2841    i.USBD_LL_Reset     usbd_core.o
    0x08002cb8   0x0000000c   Code   RO         2842    i.USBD_LL_Resume    usbd_core.o
    0x08002cc4   0x0000001e   Code   RO         2843    i.USBD_LL_SOF       usbd_core.o
    0x08002ce2   0x00000006   Code   RO         2844    i.USBD_LL_SetSpeed  usbd_core.o
    0x08002ce8   0x00000012   Code   RO         2343    i.USBD_LL_SetUSBAddress  usbd_conf.o
    0x08002cfa   0x0000005e   Code   RO         2845    i.USBD_LL_SetupStage  usbd_core.o
    0x08002d58   0x00000012   Code   RO         2344    i.USBD_LL_StallEP   usbd_conf.o
    0x08002d6a   0x00000012   Code   RO         2345    i.USBD_LL_Start     usbd_conf.o
    0x08002d7c   0x00000012   Code   RO         2346    i.USBD_LL_Stop      usbd_conf.o
    0x08002d8e   0x00000010   Code   RO         2846    i.USBD_LL_Suspend   usbd_core.o
    0x08002d9e   0x00000012   Code   RO         2347    i.USBD_LL_Transmit  usbd_conf.o
    0x08002db0   0x00000028   Code   RO         3092    i.USBD_ParseSetupRequest  usbd_ctlreq.o
    0x08002dd8   0x00000016   Code   RO         2847    i.USBD_RegisterClass  usbd_core.o
    0x08002dee   0x0000001c   Code   RO         2849    i.USBD_SetClassConfig  usbd_core.o
    0x08002e0a   0x00000002   PAD
    0x08002e0c   0x00000070   Code   RO         3093    i.USBD_SetConfig    usbd_ctlreq.o
    0x08002e7c   0x0000000a   Code   RO         2850    i.USBD_Start        usbd_core.o
    0x08002e86   0x000000ee   Code   RO         3094    i.USBD_StdDevReq    usbd_ctlreq.o
    0x08002f74   0x000000ea   Code   RO         3095    i.USBD_StdEPReq     usbd_ctlreq.o
    0x0800305e   0x0000003a   Code   RO         3096    i.USBD_StdItfReq    usbd_ctlreq.o
    0x08003098   0x0000001e   Code   RO         2851    i.USBD_Stop         usbd_core.o
    0x080030b6   0x00000002   Code   RO         2348    i.USBD_static_free  usbd_conf.o
    0x080030b8   0x00000008   Code   RO         2349    i.USBD_static_malloc  usbd_conf.o
    0x080030c0   0x00000010   Code   RO         2265    i.USB_IRQHandler    stm32l0xx_it.o
    0x080030d0   0x0000001a   Code   RO         3076    i.__ARM_common_switch8  usbd_dfu.o
    0x080030ea   0x0000000e   Code   RO         3171    i.__scatterload_copy  mc_p.l(handlers.o)
    0x080030f8   0x00000002   Code   RO         3172    i.__scatterload_null  mc_p.l(handlers.o)
    0x080030fa   0x0000000e   Code   RO         3173    i.__scatterload_zeroinit  mc_p.l(handlers.o)
    0x08003108   0x00000070   Code   RO         2209    i.main              main.o
    0x08003178   0x00000010   Code   RO         2542    i.setGrnLed         usbd_dfu_if.o
    0x08003188   0x00000010   Code   RO         2543    i.setRedLed         usbd_dfu_if.o
    0x08003198   0x00000010   Data   RO          126    .constdata          stm32l0xx_hal_rcc.o
    0x080031a8   0x00000019   Data   RO         2745    .constdata          system_stm32l0xx.o
    0x080031c1   0x00000003   PAD
    0x080031c4   0x00000025   Data   RO         2544    .conststring        usbd_dfu_if.o
    0x080031e9   0x00000003   PAD
    0x080031ec   0x00000020   Data   RO         3169    Region$$Table       anon$$obj.o


    Execution Region RW_IRAM1 (Base: 0x20000000, Size: 0x00000e60, Max: 0x00002000, ABSOLUTE)

    Base Addr    Size         Type   Attr      Idx    E Section Name        Object

    0x20000000   0x00000004   Data   RW          312    .data               stm32l0xx_hal.o
    0x20000004   0x00000004   Data   RW         2210    .data               main.o
    0x20000008   0x0000001c   Data   RW         2545    .data               usbd_dfu_if.o
    0x20000024   0x0000001c   Data   RW         2646    .data               usbd_desc.o
    0x20000040   0x00000016   Data   RW         2647    .data               usbd_desc.o
    0x20000056   0x00000002   PAD
    0x20000058   0x00000004   Data   RW         2746    .data               system_stm32l0xx.o
    0x2000005c   0x0000003c   Data   RW         2986    .data               usbd_dfu.o
    0x20000098   0x00000026   Data   RW         2987    .data               usbd_dfu.o
    0x200000be   0x00000001   Data   RW         3097    .data               usbd_ctlreq.o
    0x200000bf   0x00000001   PAD
    0x200000c0   0x00000018   Zero   RW          477    .bss                stm32l0xx_hal_flash.o
    0x200000d8   0x0000063c   Zero   RW         2350    .bss                usbd_conf.o
    0x20000714   0x00000224   Zero   RW         2605    .bss                usb_device.o
    0x20000938   0x00000200   Zero   RW         2645    .bss                usbd_desc.o
    0x20000b38   0x00000024   Zero   RW         2708    .bss                rtc.o
    0x20000b5c   0x000000ff   Zero   RW         2985    .bss                usbd_dfu.o
    0x20000c5b   0x00000005   PAD
    0x20000c60   0x00000200   Zero   RW         2179    STACK               startup_stm32l052xx.o


==============================================================================

Image component sizes


      Code (inc. data)   RO Data    RW Data    ZI Data      Debug   Object Name

       132         12          0          0          0        803   gpio.o
       264         20          0          4          0       7864   main.o
       152         20          0          0         36       1363   rtc.o
        28          8        192          0        512        568   startup_stm32l052xx.o
       116         18          0          4          0       3954   stm32l0xx_hal.o
       178         28          0          0          0      12807   stm32l0xx_hal_cortex.o
       428         66          0          0         24       7707   stm32l0xx_hal_flash.o
       120         12          0          0          0       2196   stm32l0xx_hal_flash_ex.o
       398         30          0          0          0       3247   stm32l0xx_hal_gpio.o
        28          4          0          0          0        418   stm32l0xx_hal_msp.o
      3184        134          0          0          0      13276   stm32l0xx_hal_pcd.o
        58          0          0          0          0       1406   stm32l0xx_hal_pcd_ex.o
      1568         80         16          0          0       5698   stm32l0xx_hal_rcc.o
       352         14          0          0          0       1652   stm32l0xx_hal_rcc_ex.o
       754         14          0          0          0       6140   stm32l0xx_hal_rtc.o
       286         12          0          0          0       2929   stm32l0xx_hal_rtc_ex.o
         0          0          0          0          0     223676   stm32l0xx_hal_tim_ex.o
        44         12          0          0          0       1232   stm32l0xx_it.o
        84         18         25          4          0       1541   system_stm32l0xx.o
        52         16          0          0        548        624   usb_device.o
       530         38          0          0       1596      13554   usbd_conf.o
       682          0          0          0          0      10664   usbd_core.o
      1008         34          0          1          0       8328   usbd_ctlreq.o
       220        124          0         50        512       9107   usbd_desc.o
      1332         74          0         98        255      17996   usbd_dfu.o
       216          0         37         28          0       4571   usbd_dfu_if.o
       140          0          0          0          0       4764   usbd_ioreq.o

    ----------------------------------------------------------------------
     12374        788        308        192       3488     368085   Object Totals
         0          0         32          0          0          0   (incl. Generated)
        20          0          6          3          5          0   (incl. Padding)

    ----------------------------------------------------------------------

      Code (inc. data)   RO Data    RW Data    ZI Data      Debug   Library Member Name

         0          0          0          0          0          0   entry.o
         0          0          0          0          0          0   entry10a.o
         0          0          0          0          0          0   entry11a.o
         8          4          0          0          0          0   entry2.o
         4          0          0          0          0          0   entry5.o
         0          0          0          0          0          0   entry7b.o
         0          0          0          0          0          0   entry8b.o
         8          4          0          0          0          0   entry9a.o
        30          0          0          0          0          0   handlers.o
        36          8          0          0          0         68   init.o
        44          0          0          0          0         72   uidiv.o

    ----------------------------------------------------------------------
       130         16          0          0          0        140   Library Totals
         0          0          0          0          0          0   (incl. Padding)

    ----------------------------------------------------------------------

      Code (inc. data)   RO Data    RW Data    ZI Data      Debug   Library Name

       130         16          0          0          0        140   mc_p.l

    ----------------------------------------------------------------------
       130         16          0          0          0        140   Library Totals

    ----------------------------------------------------------------------

==============================================================================


      Code (inc. data)   RO Data    RW Data    ZI Data      Debug   

     12504        804        308        192       3488     362173   Grand Totals
     12504        804        308        192       3488     362173   ELF Image Totals
     12504        804        308        192          0          0   ROM Totals

==============================================================================

    Total RO  Size (Code + RO Data)                12812 (  12.51kB)
    Total RW  Size (RW Data + ZI Data)              3680 (   3.59kB)
    Total ROM Size (Code + RO Data + RW Data)      13004 (  12.70kB)

==============================================================================

