<html>
<body>
<pre>
<h1>µVision Build Log</h1>
<h2>Tool Versions:</h2>
IDE-Version: µVision V5.18.0.0
Copyright (C) 2016 ARM Ltd and ARM Germany GmbH. All rights reserved.
License Information: Kevin Zhang, Fidus, LIC=U1E21-CNA8X-7HCQU-5DP18-HDEA0-BZKNV
 
Tool Versions:
Toolchain:       MDK-ARM Cortex-M0/M0+ 256K for ST  Version: 5.18
Toolchain Path:  C:\Keil_v5\ARM\ARMCC\Bin
C Compiler:      Armcc.exe V5.06 update 1 (build 61)
Assembler:       Armasm.exe V5.06 update 1 (build 61)
Linker/Locator:  ArmLink.exe V5.06 update 1 (build 61)
Library Manager: ArmAr.exe V5.06 update 1 (build 61)
Hex Converter:   FromElf.exe V5.06 update 1 (build 61)
CPU DLL:         SARMCM3.DLL V5.18
Dialog DLL:      DARMCM1.DLL V1.12.0.0
Target DLL:      STLink\ST-LINKIII-KEIL_SWO.dll V2.0.18.0
Dialog DLL:      TARMCM1.DLL V1.9.0.0
 
<h2>Project:</h2>
C:\zq\prj\stm32l052k6t6\MDK-ARM\stm32l052k6t6.uvprojx
Project File Date:  03/19/2016

<h2>Output:</h2>
*** Using Compiler 'V5.06 update 1 (build 61)', folder: 'C:\Keil_v5\ARM\ARMCC\Bin'
Rebuild target 'stm32l052k6t6'
compiling stm32l0xx_hal_tim_ex.c...
compiling stm32l0xx_hal_pwr_ex.c...
compiling stm32l0xx_hal_rcc.c...
compiling stm32l0xx_hal_adc_ex.c...
compiling stm32l0xx_hal_dac_ex.c...
compiling stm32l0xx_hal.c...
compiling stm32l0xx_hal_flash.c...
compiling stm32l0xx_hal_dma.c...
compiling stm32l0xx_hal_flash_ramfunc.c...
compiling stm32l0xx_hal_pwr.c...
compiling stm32l0xx_hal_dac.c...
compiling stm32l0xx_hal_rtc.c...
compiling stm32l0xx_hal_tim.c...
compiling stm32l0xx_hal_gpio.c...
compiling stm32l0xx_hal_cortex.c...
compiling stm32l0xx_hal_uart_ex.c...
compiling stm32l0xx_hal_flash_ex.c...
compiling stm32l0xx_hal_uart.c...
compiling stm32l0xx_hal_i2c.c...
compiling stm32l0xx_hal_i2c_ex.c...
compiling stm32l0xx_hal_rcc_ex.c...
compiling stm32l0xx_hal_pcd_ex.c...
assembling startup_stm32l052xx.s...
compiling stm32l0xx_hal_msp.c...
compiling stm32l0xx_hal_rtc_ex.c...
compiling stm32l0xx_hal_pcd.c...
compiling main.c...
compiling stm32l0xx_it.c...
compiling gpio.c...
compiling usbd_dfu_if.c...
compiling usb_device.c...
compiling usbd_conf.c...
compiling rtc.c...
compiling system_stm32l0xx.c...
compiling usbd_desc.c...
compiling usbd_ioreq.c...
compiling usbd_core.c...
compiling usbd_dfu.c...
compiling usbd_ctlreq.c...
linking...
Program Size: Code=12504 RO-data=308 RW-data=192 ZI-data=3488  
FromELF: creating hex file...
"stm32l052k6t6\stm32l052k6t6.axf" - 0 Error(s), 0 Warning(s).

<h2>Software Packages used:</h2>

Package Vendor: ARM
                http://www.keil.com/pack/ARM.CMSIS.4.5.0.pack
                ARM::CMSIS:CORE:4.3.0
                CMSIS (Cortex Microcontroller Software Interface Standard)
   * Component: CORE Version: 4.3.0

<h2>Collection of Component include folders:</h2>
  C:\zq\prj\stm32l052k6t6\MDK-ARM\RTE
  C:\Keil_v5\ARM\PACK\ARM\CMSIS\4.5.0\CMSIS\Include
  C:\Keil_v5\ARM\PACK\Keil\STM32L0xx_DFP\1.4.0\Device\Include

<h2>Collection of Component Files used:</h2>

   * Component: ARM::CMSIS:CORE:4.3.0
Build Time Elapsed:  00:00:15
</pre>
</body>
</html>
