Archive member included because of file (symbol)

C:/SiliconLabs/SimplicityStudio/v4/developer/sdks/gecko_sdk_suite/v1.1//protocol/bluetooth_2.4/lib/EFR32BG1B/GCC/bgapi.a(gecko_bgapi_hardware.c.obj)
                              ./main.o (gecko_bgapi_class_hardware_init)
C:/SiliconLabs/SimplicityStudio/v4/developer/sdks/gecko_sdk_suite/v1.1//protocol/bluetooth_2.4/lib/EFR32BG1B/GCC/bgapi.a(gecko_bgapi_test.c.obj)
                              ./main.o (gecko_bgapi_class_test_init)
C:/SiliconLabs/SimplicityStudio/v4/developer/sdks/gecko_sdk_suite/v1.1//protocol/bluetooth_2.4/lib/EFR32BG1B/GCC/bgapi.a(gecko_bgapi_dfu.c.obj)
                              ./main.o (gecko_bgapi_class_dfu_init)
C:/SiliconLabs/SimplicityStudio/v4/developer/sdks/gecko_sdk_suite/v1.1//protocol/bluetooth_2.4/lib/EFR32BG1B/GCC/bgapi.a(gecko_bgapi_gap.c.obj)
                              ./main.o (gecko_bgapi_class_le_gap_init)
C:/SiliconLabs/SimplicityStudio/v4/developer/sdks/gecko_sdk_suite/v1.1//protocol/bluetooth_2.4/lib/EFR32BG1B/GCC/bgapi.a(gecko_bgapi_gatt.c.obj)
                              ./main.o (gecko_bgapi_class_gatt_init)
C:/SiliconLabs/SimplicityStudio/v4/developer/sdks/gecko_sdk_suite/v1.1//protocol/bluetooth_2.4/lib/EFR32BG1B/GCC/bgapi.a(gecko_bgapi_gatt_server.c.obj)
                              ./main.o (gecko_bgapi_class_gatt_server_init)
C:/SiliconLabs/SimplicityStudio/v4/developer/sdks/gecko_sdk_suite/v1.1//protocol/bluetooth_2.4/lib/EFR32BG1B/GCC/bgapi.a(gecko_bgapi_flash.c.obj)
                              ./main.o (gecko_bgapi_class_flash_init)
C:/SiliconLabs/SimplicityStudio/v4/developer/sdks/gecko_sdk_suite/v1.1//protocol/bluetooth_2.4/lib/EFR32BG1B/GCC/bgapi.a(gecko_bgapi_sm.c.obj)
                              ./main.o (gecko_bgapi_class_sm_init)
C:/SiliconLabs/SimplicityStudio/v4/developer/sdks/gecko_sdk_suite/v1.1//protocol/bluetooth_2.4/lib/EFR32BG1B/GCC/bgapi.a(gecko_bgapi_system.c.obj)
                              ./main.o (gecko_bgapi_class_system_init)
C:/SiliconLabs/SimplicityStudio/v4/developer/sdks/gecko_sdk_suite/v1.1//protocol/bluetooth_2.4/lib/EFR32BG1B/GCC/bgapi.a(gecko_bgapi_endpoint.c.obj)
                              ./main.o (gecko_bgapi_class_endpoint_init)
C:/SiliconLabs/SimplicityStudio/v4/developer/sdks/gecko_sdk_suite/v1.1//protocol/bluetooth_2.4/lib/EFR32BG1B/GCC/bgapi.a(gecko_bgapi_le_connection.c.obj)
                              ./main.o (gecko_bgapi_class_le_connection_init)
C:/SiliconLabs/SimplicityStudio/v4/developer/sdks/gecko_sdk_suite/v1.1//protocol/bluetooth_2.4/lib/EFR32BG1B/GCC/bgapi.a(bgapi_hardware.c.obj)
                              C:/SiliconLabs/SimplicityStudio/v4/developer/sdks/gecko_sdk_suite/v1.1//protocol/bluetooth_2.4/lib/EFR32BG1B/GCC/bgapi.a(gecko_bgapi_hardware.c.obj) (lib_hardware_handler_init)
C:/SiliconLabs/SimplicityStudio/v4/developer/sdks/gecko_sdk_suite/v1.1//protocol/bluetooth_2.4/lib/EFR32BG1B/GCC/bgapi.a(bgapi_test_lib.c.obj)
                              C:/SiliconLabs/SimplicityStudio/v4/developer/sdks/gecko_sdk_suite/v1.1//protocol/bluetooth_2.4/lib/EFR32BG1B/GCC/bgapi.a(gecko_bgapi_test.c.obj) (lib_test_handler_init)
C:/SiliconLabs/SimplicityStudio/v4/developer/sdks/gecko_sdk_suite/v1.1//protocol/bluetooth_2.4/lib/EFR32BG1B/GCC/bgapi.a(bgapi_dfu.c.obj)
                              C:/SiliconLabs/SimplicityStudio/v4/developer/sdks/gecko_sdk_suite/v1.1//protocol/bluetooth_2.4/lib/EFR32BG1B/GCC/bgapi.a(gecko_bgapi_dfu.c.obj) (lib_dfu_handler_init)
C:/SiliconLabs/SimplicityStudio/v4/developer/sdks/gecko_sdk_suite/v1.1//protocol/bluetooth_2.4/lib/EFR32BG1B/GCC/bgapi.a(bgapi_gap.c.obj)
                              C:/SiliconLabs/SimplicityStudio/v4/developer/sdks/gecko_sdk_suite/v1.1//protocol/bluetooth_2.4/lib/EFR32BG1B/GCC/bgapi.a(gecko_bgapi_gap.c.obj) (lib_le_gap_handler_init)
C:/SiliconLabs/SimplicityStudio/v4/developer/sdks/gecko_sdk_suite/v1.1//protocol/bluetooth_2.4/lib/EFR32BG1B/GCC/bgapi.a(bgapi_gatt_lib.c.obj)
                              C:/SiliconLabs/SimplicityStudio/v4/developer/sdks/gecko_sdk_suite/v1.1//protocol/bluetooth_2.4/lib/EFR32BG1B/GCC/bgapi.a(gecko_bgapi_gatt.c.obj) (lib_gatt_handler_init)
C:/SiliconLabs/SimplicityStudio/v4/developer/sdks/gecko_sdk_suite/v1.1//protocol/bluetooth_2.4/lib/EFR32BG1B/GCC/bgapi.a(bgapi_ps.c.obj)
                              C:/SiliconLabs/SimplicityStudio/v4/developer/sdks/gecko_sdk_suite/v1.1//protocol/bluetooth_2.4/lib/EFR32BG1B/GCC/bgapi.a(gecko_bgapi_flash.c.obj) (lib_flash_handler_init)
C:/SiliconLabs/SimplicityStudio/v4/developer/sdks/gecko_sdk_suite/v1.1//protocol/bluetooth_2.4/lib/EFR32BG1B/GCC/bgapi.a(bgapi_sm.c.obj)
                              C:/SiliconLabs/SimplicityStudio/v4/developer/sdks/gecko_sdk_suite/v1.1//protocol/bluetooth_2.4/lib/EFR32BG1B/GCC/bgapi.a(gecko_bgapi_sm.c.obj) (lib_sm_handler_init)
C:/SiliconLabs/SimplicityStudio/v4/developer/sdks/gecko_sdk_suite/v1.1//protocol/bluetooth_2.4/lib/EFR32BG1B/GCC/bgapi.a(bgapi_system.c.obj)
[...]
Memory Configuration

Name             Origin             Length             Attributes
FLASH_BOOTLOADER 0x00000000         0x00004000         xr
FLASH            0x00004000         0x0003b000         xr
RAM              0x20003000         0x00004bfc         xrw
*default*        0x00000000         0xffffffff

Linker script and memory map

LOAD c:/siliconlabs/simplicitystudio/v4/developer/toolchains/gnu_arm/4.9_2015q3/bin/../lib/gcc/arm-none-eabi/4.9.3/armv7e-m/fpu/crti.o
LOAD c:/siliconlabs/simplicitystudio/v4/developer/toolchains/gnu_arm/4.9_2015q3/bin/../lib/gcc/arm-none-eabi/4.9.3/armv7e-m/fpu/crtbegin.o
LOAD c:/siliconlabs/simplicitystudio/v4/developer/toolchains/gnu_arm/4.9_2015q3/bin/../lib/gcc/arm-none-eabi/4.9.3/../../../../arm-none-eabi/lib/armv7e-m/fpu/crt0.o
LOAD ./application_properties.o
LOAD ./gatt_db.o
LOAD ./main.o
LOAD ./bgapi/dmadrv.o
LOAD ./bgapi/em_adc.o
LOAD ./bgapi/em_ldma.o
LOAD ./bgapi/em_leuart.o
LOAD ./device/EFR32_B_1_1_B/gcc/startup_efr32bg1b.o
LOAD ./emlib/em_cmu.o
LOAD ./emlib/em_cryotimer.o
LOAD ./emlib/em_gpio.o
LOAD ./emlib/em_i2c.o
LOAD ./emlib/em_msc.o
LOAD ./emlib/em_rtcc.o
LOAD ./emlib/em_system.o
LOAD ./emlib/em_timer.o
LOAD ./emlib/em_usart.o
LOAD ./src/InitDevice.o
LOAD C:/SiliconLabs/SimplicityStudio/v4/developer/sdks/gecko_sdk_suite/v1.1//protocol/bluetooth_2.4/lib/EFR32BG1B/EABI/stack.a
LOAD C:/SiliconLabs/SimplicityStudio/v4/developer/sdks/gecko_sdk_suite/v1.1//protocol/bluetooth_2.4/lib/EFR32BG1B/EABI/binstack.o
LOAD C:/SiliconLabs/SimplicityStudio/v4/developer/sdks/gecko_sdk_suite/v1.1//protocol/bluetooth_2.4/lib/EFR32BG1B/GCC/bgapi.a
LOAD C:/SiliconLabs/SimplicityStudio/v4/developer/sdks/gecko_sdk_suite/v1.1//protocol/bluetooth_2.4/lib/EFR32BG1B/EABI/binbootloader.o
LOAD c:/siliconlabs/simplicitystudio/v4/developer/toolchains/gnu_arm/4.9_2015q3/bin/../lib/gcc/arm-none-eabi/4.9.3/../../../../arm-none-eabi/lib/armv7e-m/fpu\libm.a
START GROUP
LOAD c:/siliconlabs/simplicitystudio/v4/developer/toolchains/gnu_arm/4.9_2015q3/bin/../lib/gcc/arm-none-eabi/4.9.3/armv7e-m/fpu\libgcc.a
LOAD c:/siliconlabs/simplicitystudio/v4/developer/toolchains/gnu_arm/4.9_2015q3/bin/../lib/gcc/arm-none-eabi/4.9.3/../../../../arm-none-eabi/lib/armv7e-m/fpu\libc.a
LOAD c:/siliconlabs/simplicitystudio/v4/developer/toolchains/gnu_arm/4.9_2015q3/bin/../lib/gcc/arm-none-eabi/4.9.3/../../../../arm-none-eabi/lib/armv7e-m/fpu\libnosys.a
END GROUP
START GROUP
LOAD c:/siliconlabs/simplicitystudio/v4/developer/toolchains/gnu_arm/4.9_2015q3/bin/../lib/gcc/arm-none-eabi/4.9.3/armv7e-m/fpu\libgcc.a
LOAD c:/siliconlabs/simplicitystudio/v4/developer/toolchains/gnu_arm/4.9_2015q3/bin/../lib/gcc/arm-none-eabi/4.9.3/../../../../arm-none-eabi/lib/armv7e-m/fpu\libg.a
LOAD c:/siliconlabs/simplicitystudio/v4/developer/toolchains/gnu_arm/4.9_2015q3/bin/../lib/gcc/arm-none-eabi/4.9.3/../../../../arm-none-eabi/lib/armv7e-m/fpu\libc.a
END GROUP
LOAD c:/siliconlabs/simplicitystudio/v4/developer/toolchains/gnu_arm/4.9_2015q3/bin/../lib/gcc/arm-none-eabi/4.9.3/armv7e-m/fpu/crtend.o
LOAD c:/siliconlabs/simplicitystudio/v4/developer/toolchains/gnu_arm/4.9_2015q3/bin/../lib/gcc/arm-none-eabi/4.9.3/armv7e-m/fpu/crtn.o

.text_bootloader
                0x00000000     0x4000
 *(.binbootloader*)
 .binbootloader
                0x00000000      0x31c C:/SiliconLabs/SimplicityStudio/v4/developer/sdks/gecko_sdk_suite/v1.1//protocol/bluetooth_2.4/lib/EFR32BG1B/EABI/binbootloader.o
                0x00004000                . = ALIGN (0x4000)
 *fill*         0x0000031c     0x3ce4 

.text_stack_bin
                0x00004000    0x1ce2f
 *(.binstack*)
 .binstack      0x00004000    0x1ce2f C:/SiliconLabs/SimplicityStudio/v4/developer/sdks/gecko_sdk_suite/v1.1//protocol/bluetooth_2.4/lib/EFR32BG1B/EABI/binstack.o

.text_signature
                0x00020e2f      0x1d1
                0x00020e6f                . = (. + 0x40)
 *fill*         0x00020e2f       0x40 
                0x00021000                . = ALIGN (0x800)
 *fill*         0x00020e6f      0x191 
                0x00021000                __text_start__ = .

.text_app       0x00021000     0x529c
 *(.AAT)
 .AAT           0x00021000       0x80 ./main.o
                0x00021000                AppAddressTable
 *(.vectors)
 .vectors       0x00021080       0xc8 ./device/EFR32_B_1_1_B/gcc/startup_efr32bg1b.o
                0x00021080                __Vectors
                0x00021148                __Vectors_End = .
                0x000000c8                __Vectors_Size = (__Vectors_End - __Vectors)
                0x00021148                __end__ = .
 *(.gecko_configuration)
 *(.xo_configuration)
 *(.gatt_header)
 .gatt_header   0x00021148       0x34 ./gatt_db.o
                0x00021148                bg_gattdb_data
 *(.gatt_data)
 .gatt_data     0x0002117c      0x2e0 ./gatt_db.o
                0x0002117c                bg_gattdb_data_adv_uuid128_map
                0x0002118c                bg_gattdb_data_adv_uuid16_map
                0x00021190                bg_gattdb_data_attributes_dynamic_mapping_map
                0x0002119c                bg_gattdb_data_attributes_map
                0x000212e0                bg_gattdb_data_attribute_field_0
                0x000212e4                bg_gattdb_data_attribute_field_1
                0x000212ec                bg_gattdb_data_attribute_field_2
                0x000212f4                bg_gattdb_data_attribute_field_4
                0x000212f8                bg_gattdb_data_attribute_field_5
                0x00021300                bg_gattdb_data_attribute_field_6
                0x00021308                bg_gattdb_data_attribute_field_7
                0x00021310                bg_gattdb_data_attribute_field_8
                0x00021314                bg_gattdb_data_attribute_field_9
                0x00021318                bg_gattdb_data_attribute_field_10
                0x00021320                bg_gattdb_data_attribute_field_11
                0x00021330                bg_gattdb_data_attribute_field_12
                0x00021338                bg_gattdb_data_attribute_field_13
                0x00021344                bg_gattdb_data_attribute_field_14
                0x0002134c                bg_gattdb_data_attribute_field_15
                0x00021354                bg_gattdb_data_attribute_field_16
                0x00021368                bg_gattdb_data_attribute_field_17
                0x00021380                bg_gattdb_data_attribute_field_18
                0x00021388                bg_gattdb_data_attribute_field_19
                0x0002139c                bg_gattdb_data_attribute_field_20
                0x000213b4                bg_gattdb_data_attribute_field_21
                0x000213bc                bg_gattdb_data_attribute_field_23
                0x000213d4                bg_gattdb_data_attribute_field_24
                0x000213dc                bg_gattdb_data_attribute_field_26
                0x000213f0                bg_gattdb_data_uuidtable_128_map
                0x00021440                bg_gattdb_data_uuidtable_16_map
 *(.application_properties)
 .application_properties
                0x0002145c       0x38 ./application_properties.o
                0x0002145c                applicationProperties
 *(.text*)
 .text          0x00021494       0x5c c:/siliconlabs/simplicitystudio/v4/developer/toolchains/gnu_arm/4.9_2015q3/bin/../lib/gcc/arm-none-eabi/4.9.3/armv7e-m/fpu/crtbegin.o
 .text          0x000214f0       0x74 c:/siliconlabs/simplicitystudio/v4/developer/toolchains/gnu_arm/4.9_2015q3/bin/../lib/gcc/arm-none-eabi/4.9.3/../../../../arm-none-eabi/lib/armv7e-m/fpu/crt0.o
                0x000214f0                _start
                0x000214f0                _mainCRTStartup
 .text.TIMER1_IRQHandler
                0x00021564       0x2c ./main.o
                0x00021564                TIMER1_IRQHandler
 .text.ADC0_IRQHandler
                0x00021590       0x24 ./main.o
                0x00021590                ADC0_IRQHandler
 .text.startup.main
                0x000215b4      0x228 ./main.o
                0x000215b4                main
 .text.LDMA_IRQHandler
                0x000217dc       0x7c ./bgapi/dmadrv.o
                0x000217dc                LDMA_IRQHandler
 .text.ADC_LoadDevinfoCal
                0x00021858       0xb8 ./bgapi/em_adc.o
 .text.ADC_InitSingle
                0x00021910       0xb8 ./bgapi/em_adc.o
                0x00021910                ADC_InitSingle
 .text.ADC_PrescaleCalc
                0x000219c8       0x4c ./bgapi/em_adc.o
                0x000219c8                ADC_PrescaleCalc
 .text.ADC_Init
                0x00021a14       0x68 ./bgapi/em_adc.o
                0x00021a14                ADC_Init
 .text.ADC_TimebaseCalc
                0x00021a7c       0x30 ./bgapi/em_adc.o
                0x00021a7c                ADC_TimebaseCalc
 .text.Default_Handler
                0x00021aac        0x4 ./device/EFR32_B_1_1_B/gcc/startup_efr32bg1b.o
                0x00021aac                DebugMon_Handler
                0x00021aac                USART0_TX_IRQHandler
                0x00021aac                I2C0_IRQHandler
                0x00021aac                HardFault_Handler
                0x00021aac                SysTick_Handler
                0x00021aac                USART1_RX_IRQHandler
                0x00021aac                PendSV_Handler
                0x00021aac                NMI_Handler
                0x00021aac                SYNTH_IRQHandler
                0x00021aac                WDOG0_IRQHandler
                0x00021aac                USART1_TX_IRQHandler
                0x00021aac                MSC_IRQHandler
                0x00021aac                UsageFault_Handler
                0x00021aac                LEUART0_IRQHandler
                0x00021aac                FPUEH_IRQHandler
                0x00021aac                GPIO_EVEN_IRQHandler
                0x00021aac                TIMER0_IRQHandler
                0x00021aac                LETIMER0_IRQHandler
                0x00021aac                RFSENSE_IRQHandler
                0x00021aac                BUFC_IRQHandler
                0x00021aac                MODEM_IRQHandler
                0x00021aac                Default_Handler
                0x00021aac                RAC_SEQ_IRQHandler
                0x00021aac                FRC_PRI_IRQHandler
                0x00021aac                FRC_IRQHandler
                0x00021aac                CRYOTIMER_IRQHandler
                0x00021aac                PCNT0_IRQHandler
                0x00021aac                AGC_IRQHandler
                0x00021aac                ACMP0_IRQHandler
                0x00021aac                USART0_RX_IRQHandler
                0x00021aac                MemManage_Handler
                0x00021aac                SVC_Handler
                0x00021aac                RTCC_IRQHandler
                0x00021aac                CRYPTO_IRQHandler
                0x00021aac                CMU_IRQHandler
                0x00021aac                RAC_RSM_IRQHandler
                0x00021aac                GPIO_ODD_IRQHandler
                0x00021aac                PROTIMER_IRQHandler
                0x00021aac                BusFault_Handler
                0x00021aac                IDAC0_IRQHandler
 .text.Reset_Handler
                0x00021ab0       0x34 ./device/EFR32_B_1_1_B/gcc/startup_efr32bg1b.o
                0x00021ab0                Reset_Handler
 .text.flashWaitStateControl.isra.0
                0x00021ae4       0x48 ./emlib/em_cmu.o
 .text.CMU_OscillatorTuningSet.part.3
                0x00021b2c       0x3c ./emlib/em_cmu.o
 .text.CMU_ClockEnable
                0x00021b68       0x8c ./emlib/em_cmu.o
                0x00021b68                CMU_ClockEnable
 .text.CMU_ClockSelectGet
                0x00021bf4       0xcc ./emlib/em_cmu.o
                0x00021bf4                CMU_ClockSelectGet
 .text.lfClkGet
                0x00021cc0       0x94 ./emlib/em_cmu.o
 .text.CMU_ClockFreqGet
                0x00021d54      0x160 ./emlib/em_cmu.o
                0x00021d54                CMU_ClockFreqGet
 .text.CMU_HFXOAutostartEnable
                0x00021eb4       0x74 ./emlib/em_cmu.o
                0x00021eb4                CMU_HFXOAutostartEnable
 .text.CMU_OscillatorTuningWait
                0x00021f28       0x5c ./emlib/em_cmu.o
                0x00021f28                CMU_OscillatorTuningWait
 .text.CMU_OscillatorEnable
                0x00021f84      0x110 ./emlib/em_cmu.o
                0x00021f84                CMU_OscillatorEnable
 .text.CMU_ClockSelectSet
                0x00022094      0x200 ./emlib/em_cmu.o
                0x00022094                CMU_ClockSelectSet
 .text.CMU_HFXOInit
                0x00022294       0x88 ./emlib/em_cmu.o
                0x00022294                CMU_HFXOInit
 .text.CMU_LFXOInit
                0x0002231c       0x40 ./emlib/em_cmu.o
                0x0002231c                CMU_LFXOInit
 .text.GPIO_PinModeSet
                0x0002235c       0x84 ./emlib/em_gpio.o
                0x0002235c                GPIO_PinModeSet
 .text.RTCC_Init
                0x000223e0       0x48 ./emlib/em_rtcc.o
                0x000223e0                RTCC_Init
 .text.SYSTEM_ChipRevisionGet
                0x00022428       0x34 ./emlib/em_system.o
                0x00022428                SYSTEM_ChipRevisionGet
 .text.TIMER_Init
                0x0002245c       0xb0 ./emlib/em_timer.o
                0x0002245c                TIMER_Init
 .text.TIMER_InitCC
                0x0002250c       0x84 ./emlib/em_timer.o
                0x0002250c                TIMER_InitCC
 .text.EMU_enter_DefaultMode_from_RESET
                0x00022590       0x74 ./src/InitDevice.o
                0x00022590                EMU_enter_DefaultMode_from_RESET
 .text.CMU_enter_DefaultMode_from_RESET
                0x00022604      0x134 ./src/InitDevice.o
                0x00022604                CMU_enter_DefaultMode_from_RESET
 .text.ADC0_enter_DefaultMode_from_RESET
                0x00022738       0x80 ./src/InitDevice.o
                0x00022738                ADC0_enter_DefaultMode_from_RESET
 .text.RTCC_enter_DefaultMode_from_RESET
                0x000227b8       0x44 ./src/InitDevice.o
                0x000227b8                RTCC_enter_DefaultMode_from_RESET
 .text.TIMER1_enter_DefaultMode_from_RESET
                0x000227fc      0x130 ./src/InitDevice.o
                0x000227fc                TIMER1_enter_DefaultMode_from_RESET
 .text.PORTIO_enter_DefaultMode_from_RESET
                0x0002292c       0x44 ./src/InitDevice.o
                0x0002292c                PORTIO_enter_DefaultMode_from_RESET
 .text.enter_DefaultMode_from_RESET
                0x00022970       0xac ./src/InitDevice.o
                0x00022970                enter_DefaultMode_from_RESET
 .text          0x00022a1c       0x18 C:/SiliconLabs/SimplicityStudio/v4/developer/sdks/gecko_sdk_suite/v1.1//protocol/bluetooth_2.4/lib/EFR32BG1B/GCC/bgapi.a(gecko_bgapi_hardware.c.obj)
                0x00022a1c                gecko_bgapi_class_hardware_init
 .text          0x00022a34       0x18 C:/SiliconLabs/SimplicityStudio/v4/developer/sdks/gecko_sdk_suite/v1.1//protocol/bluetooth_2.4/lib/EFR32BG1B/GCC/bgapi.a(gecko_bgapi_test.c.obj)
                0x00022a34                gecko_bgapi_class_test_init
 .text          0x00022a4c       0x18 C:/SiliconLabs/SimplicityStudio/v4/developer/sdks/gecko_sdk_suite/v1.1//protocol/bluetooth_2.4/lib/EFR32BG1B/GCC/bgapi.a(gecko_bgapi_dfu.c.obj)
                0x00022a4c                gecko_bgapi_class_dfu_init
 .text          0x00022a64       0x18 C:/SiliconLabs/SimplicityStudio/v4/developer/sdks/gecko_sdk_suite/v1.1//protocol/bluetooth_2.4/lib/EFR32BG1B/GCC/bgapi.a(gecko_bgapi_gap.c.obj)
                0x00022a64                gecko_bgapi_class_le_gap_init
 .text          0x00022a7c       0x18 C:/SiliconLabs/SimplicityStudio/v4/developer/sdks/gecko_sdk_suite/v1.1//protocol/bluetooth_2.4/lib/EFR32BG1B/GCC/bgapi.a(gecko_bgapi_gatt.c.obj)
                0x00022a7c                gecko_bgapi_class_gatt_init
 .text          0x00022a94       0x18 C:/SiliconLabs/SimplicityStudio/v4/developer/sdks/gecko_sdk_suite/v1.1//protocol/bluetooth_2.4/lib/EFR32BG1B/GCC/bgapi.a(gecko_bgapi_gatt_server.c.obj)
                0x00022a94                gecko_bgapi_class_gatt_server_init
 .text          0x00022aac       0x18 C:/SiliconLabs/SimplicityStudio/v4/developer/sdks/gecko_sdk_suite/v1.1//protocol/bluetooth_2.4/lib/EFR32BG1B/GCC/bgapi.a(gecko_bgapi_flash.c.obj)
                0x00022aac                gecko_bgapi_class_flash_init
 .text          0x00022ac4       0x18 C:/SiliconLabs/SimplicityStudio/v4/developer/sdks/gecko_sdk_suite/v1.1//protocol/bluetooth_2.4/lib/EFR32BG1B/GCC/bgapi.a(gecko_bgapi_sm.c.obj)
                0x00022ac4                gecko_bgapi_class_sm_init
 .text          0x00022adc       0x18 C:/SiliconLabs/SimplicityStudio/v4/developer/sdks/gecko_sdk_suite/v1.1//protocol/bluetooth_2.4/lib/EFR32BG1B/GCC/bgapi.a(gecko_bgapi_system.c.obj)
                0x00022adc                gecko_bgapi_class_system_init
 .text          0x00022af4       0x18 C:/SiliconLabs/SimplicityStudio/v4/developer/sdks/gecko_sdk_suite/v1.1//protocol/bluetooth_2.4/lib/EFR32BG1B/GCC/bgapi.a(gecko_bgapi_endpoint.c.obj)
                0x00022af4                gecko_bgapi_class_endpoint_init
 .text          0x00022b0c       0x18 C:/SiliconLabs/SimplicityStudio/v4/developer/sdks/gecko_sdk_suite/v1.1//protocol/bluetooth_2.4/lib/EFR32BG1B/GCC/bgapi.a(gecko_bgapi_le_connection.c.obj)
                0x00022b0c                gecko_bgapi_class_le_connection_init
 .text          0x00022b24      0x1d0 C:/SiliconLabs/SimplicityStudio/v4/developer/sdks/gecko_sdk_suite/v1.1//protocol/bluetooth_2.4/lib/EFR32BG1B/GCC/bgapi.a(bgapi_hardware.c.obj)
                0x00022b24                soft_timer_comparison
                0x00022bb8                bgapi_hardware_soft_timer_listener
                0x00022bf8                lib_hardware_handler_init
                0x00022c0c                gecko_cmd_hardware_set_soft_timer
                0x00022c4c                gecko_cmd_hardware_set_lazy_soft_timer
                0x00022c8c                gecko_cmd_hardware_get_time
                0x00022cc0                gecko_cmd_hardware_enable_dcdc
 .text          0x00022cf4      0x2f0 C:/SiliconLabs/SimplicityStudio/v4/developer/sdks/gecko_sdk_suite/v1.1//protocol/bluetooth_2.4/lib/EFR32BG1B/GCC/bgapi.a(bgapi_test_lib.c.obj)
                0x00022d20                lib_test_handler_init
                0x00022d34                disable_interrupts
                0x00022d58                gecko_cmd_test_dtm_tx
                0x00022de8                gecko_cmd_test_dtm_rx
                0x00022e34                gecko_cmd_test_dtm_end
                0x00022e98                gecko_cmd_test_debug_command
                0x00022f68                gecko_cmd_test_debug_counter
 .text          0x00022fe4       0x8c C:/SiliconLabs/SimplicityStudio/v4/developer/sdks/gecko_sdk_suite/v1.1//protocol/bluetooth_2.4/lib/EFR32BG1B/GCC/bgapi.a(bgapi_dfu.c.obj)
                0x00022fe4                lib_dfu_handler_init
                0x00022fe6                gecko_cmd_dfu_reset
                0x00022fec                gecko_cmd_dfu_flash_set_address
                0x00023018                gecko_cmd_dfu_flash_upload
                0x00023044                gecko_cmd_dfu_flash_upload_finish
 .text          0x00023070      0x338 C:/SiliconLabs/SimplicityStudio/v4/developer/sdks/gecko_sdk_suite/v1.1//protocol/bluetooth_2.4/lib/EFR32BG1B/GCC/bgapi.a(bgapi_gap.c.obj)
                0x00023070                lib_le_gap_handler_init
                0x00023072                gecko_cmd_le_gap_set_mode
                0x000230b8                gecko_cmd_le_gap_bt5_set_mode
                0x000230fc                gecko_cmd_le_gap_set_adv_data
                0x00023130                gecko_cmd_le_gap_bt5_set_adv_data
                0x00023164                gecko_cmd_le_gap_set_adv_timeout
                0x000231b8                gecko_cmd_le_gap_open
                0x0002321c                gecko_cmd_le_gap_discover
                0x00023248                gecko_cmd_le_gap_end_procedure
                0x00023274                gecko_cmd_le_gap_set_adv_parameters
                0x000232a8                gecko_cmd_le_gap_bt5_set_adv_parameters
                0x000232e4                gecko_cmd_le_gap_set_scan_parameters
                0x00023314                gecko_cmd_le_gap_set_conn_parameters
                0x0002334c                gecko_cmd_le_gap_set_phy
                0x00023378                gecko_cmd_le_gap_set_privacy_mode
 .text          0x000233a8      0x6c4 C:/SiliconLabs/SimplicityStudio/v4/developer/sdks/gecko_sdk_suite/v1.1//protocol/bluetooth_2.4/lib/EFR32BG1B/GCC/bgapi.a(bgapi_gatt_lib.c.obj)
                0x000233a8                lib_gatt_handler_init
                0x000233ac                lib_gatt_server_handler_init
                0x000233ae                gecko_cmd_gatt_set_max_mtu
                0x000233e8                gecko_cmd_gatt_discover_primary_services
                0x00023418                gecko_cmd_gatt_discover_primary_services_by_uuid
                0x00023454                gecko_cmd_gatt_find_included_services
                0x00023488                gecko_cmd_gatt_discover_characteristics
                0x000234bc                gecko_cmd_gatt_discover_characteristics_by_uuid
                0x000234fc                gecko_cmd_gatt_read_characteristic_value
                0x00023534                gecko_cmd_gatt_read_characteristic_value_from_offset
                0x00023570                gecko_cmd_gatt_read_characteristic_value_by_uuid
                0x000235b0                gecko_cmd_gatt_read_multiple_characteristic_values
                0x000235e4                gecko_cmd_gatt_write_characteristic_value
                0x0002361c                gecko_cmd_gatt_write_characteristic_value_without_response
                0x00023660                gecko_cmd_gatt_prepare_characteristic_value_write
                0x000236b0                gecko_cmd_gatt_execute_characteristic_value_write
                0x000236e4                gecko_cmd_gatt_set_characteristic_notification
                0x0002371c                gecko_cmd_gatt_discover_descriptors
                0x00023750                gecko_cmd_gatt_read_descriptor_value
                0x00023784                gecko_cmd_gatt_write_descriptor_value
                0x000237bc                gecko_cmd_gatt_server_read_attribute_value
                0x00023804                gecko_cmd_gatt_server_read_attribute_type
                0x00023848                gecko_cmd_gatt_server_find_attribute
                0x00023884                gecko_cmd_gatt_server_write_attribute_value
                0x000238b8                gecko_cmd_gatt_server_send_user_read_response
                0x00023908                gecko_cmd_gatt_server_send_user_write_response
                0x00023940                gecko_cmd_gatt_server_send_characteristic_notification
                0x0002398c                gecko_cmd_gatt_send_characteristic_confirmation
                0x000239bc                gecko_cmd_gatt_server_set_database
                0x000239ec                gecko_cmd_gatt_server_set_capabilities
                0x00023a1c                gecko_cmd_gatt_prepare_characteristic_value_reliable_write
 .text          0x00023a6c      0x1d0 C:/SiliconLabs/SimplicityStudio/v4/developer/sdks/gecko_sdk_suite/v1.1//protocol/bluetooth_2.4/lib/EFR32BG1B/GCC/bgapi.a(bgapi_ps.c.obj)
                0x00023a6c                bgapi_ps_dump_listener
                0x00023aac                lib_flash_handler_init
                0x00023ac0                gecko_cmd_flash_ps_dump
                0x00023b58                gecko_cmd_flash_ps_erase_all
                0x00023b88                gecko_cmd_flash_ps_save
                0x00023bc4                gecko_cmd_flash_ps_load
                0x00023c08                gecko_cmd_flash_ps_erase
 .text          0x00023c3c      0x3cc C:/SiliconLabs/SimplicityStudio/v4/developer/sdks/gecko_sdk_suite/v1.1//protocol/bluetooth_2.4/lib/EFR32BG1B/GCC/bgapi.a(bgapi_sm.c.obj)
                0x00023d04                lib_sm_handler_init
                0x00023d18                gecko_cmd_sm_list_all_bondings
                0x00023d50                gecko_cmd_sm_increase_security
                0x00023d80                gecko_cmd_sm_set_bondable_mode
                0x00023dac                gecko_cmd_sm_delete_bonding
                0x00023ddc                gecko_cmd_sm_delete_bondings
                0x00023e0c                gecko_cmd_sm_configure
                0x00023e3c                gecko_cmd_sm_enter_passkey
                0x00023e70                gecko_cmd_sm_set_passkey
                0x00023e9c                gecko_cmd_sm_passkey_confirm
                0x00023ed0                gecko_cmd_sm_set_oob_data
                0x00023f00                gecko_cmd_sm_set_sc_remote_oob_data
                0x00023f30                gecko_cmd_sm_use_sc_oob
                0x00023f70                gecko_cmd_sm_store_bonding_configuration
                0x00023fa4                gecko_cmd_sm_bonding_confirm
                0x00023fd8                gecko_cmd_sm_set_debug_mode
 .text          0x00024008      0x1d8 C:/SiliconLabs/SimplicityStudio/v4/developer/sdks/gecko_sdk_suite/v1.1//protocol/bluetooth_2.4/lib/EFR32BG1B/GCC/bgapi.a(bgapi_system.c.obj)
                0x00024008                bgapi_system_listener
                0x00024038                lib_system_handler_init
                0x0002404c                gecko_cmd_system_get_bt_address
                0x00024084                gecko_cmd_system_set_bt_address
                0x000240b8                gecko_cmd_system_set_device_name
                0x000240f4                gecko_cmd_system_get_random_data
                0x0002413c                gecko_cmd_system_halt
                0x00024170                gecko_cmd_system_set_tx_power
                0x000241a0                gecko_cmd_system_hello
                0x000241c8                gecko_cmd_system_reset
                0x000241ce                gecko_send_system_awake
 .text          0x000241e0      0x1ac C:/SiliconLabs/SimplicityStudio/v4/developer/sdks/gecko_sdk_suite/v1.1//protocol/bluetooth_2.4/lib/EFR32BG1B/GCC/bgapi.a(bgapi_endpoint.c.obj)
                0x000241e0                lib_endpoint_handler_init
                0x000241e2                gecko_cmd_endpoint_send
                0x0002428c                gecko_cmd_endpoint_set_streaming_destination
                0x000242e4                gecko_cmd_endpoint_close
                0x00024340                gecko_cmd_endpoint_set_flags
                0x00024342                gecko_cmd_endpoint_clr_flags
                0x00024344                gecko_cmd_endpoint_read_counters
 .text          0x0002438c      0x104 C:/SiliconLabs/SimplicityStudio/v4/developer/sdks/gecko_sdk_suite/v1.1//protocol/bluetooth_2.4/lib/EFR32BG1B/GCC/bgapi.a(bgapi_le_connection.c.obj)
                0x0002438c                lib_le_connection_handler_init
                0x0002438e                gecko_cmd_le_connection_set_parameters
                0x000243dc                gecko_cmd_le_connection_get_rssi
                0x0002440c                gecko_cmd_le_connection_disable_slave_latency
                0x00024454                gecko_cmd_le_connection_set_phy
 .text          0x00024490      0xdf0 C:/SiliconLabs/SimplicityStudio/v4/developer/sdks/gecko_sdk_suite/v1.1//protocol/bluetooth_2.4/lib/EFR32BG1B/GCC/bgapi.a(gatt_client.c.obj)
                0x000246f8                gatt_discover_primary_services
                0x00024736                gatt_discover_primary_services_by_uuid
                0x0002478c                gatt_find_included_services
                0x000247dc                gatt_find_included_services_handler
                0x0002488c                gatt_discover_characteristics
                0x000248ae                gatt_discover_characteristics_by_uuid
                0x000248f0                gatt_discover_descriptors
                0x0002492c                gatt_read_characteristic_value
                0x00024964                gatt_read_characteristic_value_by_uuid
                0x0002499e                gatt_read_multiple_characteristic_values
                0x000249c2                gatt_write_characteristic_value
                0x000249e8                gatt_write_characteristic_value_without_response
                0x00024a02                gatt_prepare_characteristic_value_write
                0x00024a78                gatt_execute_characteristic_value_write
                0x00024a9a                gatt_set_characteristic_notification
                0x00024ada                gatt_read_descriptor_value
                0x00024b02                gatt_write_descriptor_value
                0x00024b28                gatt_handle_exchange_mtu_rsp
                0x00024b44                gatt_handle_find_information_response
                0x00024c96                gatt_handle_find_by_type_value_response
                0x00024d32                gatt_handle_read_response
                0x00024e90                gatt_handle_read_blob_response
                0x00024ec6                gatt_handle_read_multiple_response
                0x00024f02                gatt_handle_read_by_type_response
                0x0002504c                gatt_handle_read_by_group_type_response
                0x000250f4                gatt_handle_write_response
                0x00025108                gatt_handle_prepare_write_response
                0x000251fa                gatt_handle_execute_write_response
                0x00025232                gatt_client_handle_value_notification
                0x00025244                gatt_client_handle_value_indication
                0x00025258                gatt_send_characteristic_confirmation
                0x00025276                gatt_client_init
 .text          0x00025280      0x250 C:/SiliconLabs/SimplicityStudio/v4/developer/sdks/gecko_sdk_suite/v1.1//protocol/bluetooth_2.4/lib/EFR32BG1B/GCC/bgapi.a(ubt_gatt_client.c.obj)
                0x00025280                ubt_gatt_discover_primary_services
                0x00025296                ubt_gatt_discover_primary_services_by_uuid
                0x000252c2                ubt_gatt_find_included_services
                0x000252dc                ubt_gatt_discover_characteristics
                0x000252f6                ubt_gatt_discover_characteristics_by_uuid
                0x00025326                ubt_gatt_discover_descriptors
                0x00025340                ubt_gatt_read_characteristic_value
                0x00025362                ubt_gatt_read_characteristic_value_by_uuid
                0x00025392                ubt_gatt_read_multiple_characteristic_values
                0x000253b0                ubt_gatt_write_characteristic_value
                0x000253d2                ubt_gatt_write_characteristic_value_without_response
                0x0002540c                ubt_gatt_prepare_characteristic_value_write
                0x00025446                ubt_gatt_execute_characteristic_value_write
                0x00025460                ubt_gatt_send_characteristic_confirmation
                0x00025476                ubt_gatt_read_descriptor_value
                0x00025490                ubt_gatt_write_descriptor_value
                0x000254b2                ubt_gatt_set_characteristic_notification
 .text          0x000254d0      0x4ec C:/SiliconLabs/SimplicityStudio/v4/developer/sdks/gecko_sdk_suite/v1.1//protocol/bluetooth_2.4/lib/EFR32BG1B/GCC/bgapi.a(att_client.c.obj)
                0x000254d0                att_send_find_information_request
                0x000254f6                att_send_find_by_type_value_request
                0x00025528                att_send_read_by_type_request
                0x00025554                att_send_read_request
                0x00025574                att_send_read_blob_request
                0x0002559a                att_send_read_multiple_request
                0x000255c6                att_send_read_by_group_type_request
                0x000255f2                att_send_write_request
                0x0002561e                att_send_write_command
                0x0002564a                att_send_signed_write_command
                0x00025684                att_send_prepare_write_request
                0x000256c0                att_send_execute_write_request
                0x000256de                att_send_handle_value_confirmation
                0x000256f6                validate_gatt_client_pdu_len
                0x000257b0                att_gatt_client_handler
 .text.exit     0x000259bc       0x20 c:/siliconlabs/simplicitystudio/v4/developer/toolchains/gnu_arm/4.9_2015q3/bin/../lib/gcc/arm-none-eabi/4.9.3/../../../../arm-none-eabi/lib/armv7e-m/fpu\libc.a(lib_a-exit.o)
                0x000259bc                exit
 .text.__libc_init_array
                0x000259dc       0x50 c:/siliconlabs/simplicitystudio/v4/developer/toolchains/gnu_arm/4.9_2015q3/bin/../lib/gcc/arm-none-eabi/4.9.3/../../../../arm-none-eabi/lib/armv7e-m/fpu\libc.a(lib_a-init.o)
                0x000259dc                __libc_init_array
 .text.memcmp   0x00025a2c       0x64 c:/siliconlabs/simplicitystudio/v4/developer/toolchains/gnu_arm/4.9_2015q3/bin/../lib/gcc/arm-none-eabi/4.9.3/../../../../arm-none-eabi/lib/armv7e-m/fpu\libc.a(lib_a-memcmp.o)
                0x00025a2c                memcmp
 .text          0x00025a90      0x134 c:/siliconlabs/simplicitystudio/v4/developer/toolchains/gnu_arm/4.9_2015q3/bin/../lib/gcc/arm-none-eabi/4.9.3/../../../../arm-none-eabi/lib/armv7e-m/fpu\libc.a(lib_a-memcpy.o)
                0x00025a90                memcpy
 .text.memset   0x00025bc4       0x9c c:/siliconlabs/simplicitystudio/v4/developer/toolchains/gnu_arm/4.9_2015q3/bin/../lib/gcc/arm-none-eabi/4.9.3/../../../../arm-none-eabi/lib/armv7e-m/fpu\libc.a(lib_a-memset.o)
                0x00025bc4                memset
 .text.startup.register_fini
                0x00025c60       0x14 c:/siliconlabs/simplicitystudio/v4/developer/toolchains/gnu_arm/4.9_2015q3/bin/../lib/gcc/arm-none-eabi/4.9.3/../../../../arm-none-eabi/lib/armv7e-m/fpu\libc.a(lib_a-__call_atexit.o)
 .text.__call_exitprocs
                0x00025c74       0xd4 c:/siliconlabs/simplicitystudio/v4/developer/toolchains/gnu_arm/4.9_2015q3/bin/../lib/gcc/arm-none-eabi/4.9.3/../../../../arm-none-eabi/lib/armv7e-m/fpu\libc.a(lib_a-__call_atexit.o)
                0x00025c74                __call_exitprocs
 .text.atexit   0x00025d48        0xc c:/siliconlabs/simplicitystudio/v4/developer/toolchains/gnu_arm/4.9_2015q3/bin/../lib/gcc/arm-none-eabi/4.9.3/../../../../arm-none-eabi/lib/armv7e-m/fpu\libc.a(lib_a-atexit.o)
                0x00025d48                atexit
 .text.__libc_fini_array
                0x00025d54       0x2c c:/siliconlabs/simplicitystudio/v4/developer/toolchains/gnu_arm/4.9_2015q3/bin/../lib/gcc/arm-none-eabi/4.9.3/../../../../arm-none-eabi/lib/armv7e-m/fpu\libc.a(lib_a-fini.o)
                0x00025d54                __libc_fini_array
 .text.__register_exitproc
                0x00025d80       0xa4 c:/siliconlabs/simplicitystudio/v4/developer/toolchains/gnu_arm/4.9_2015q3/bin/../lib/gcc/arm-none-eabi/4.9.3/../../../../arm-none-eabi/lib/armv7e-m/fpu\libc.a(lib_a-__atexit.o)
                0x00025d80                __register_exitproc
 .text._exit    0x00025e24        0x4 c:/siliconlabs/simplicitystudio/v4/developer/toolchains/gnu_arm/4.9_2015q3/bin/../lib/gcc/arm-none-eabi/4.9.3/../../../../arm-none-eabi/lib/armv7e-m/fpu\libnosys.a(_exit.o)
                0x00025e24                _exit
 *(.init)
 .init          0x00025e28        0x4 c:/siliconlabs/simplicitystudio/v4/developer/toolchains/gnu_arm/4.9_2015q3/bin/../lib/gcc/arm-none-eabi/4.9.3/armv7e-m/fpu/crti.o
                0x00025e28                _init
 .init          0x00025e2c        0x8 c:/siliconlabs/simplicitystudio/v4/developer/toolchains/gnu_arm/4.9_2015q3/bin/../lib/gcc/arm-none-eabi/4.9.3/armv7e-m/fpu/crtn.o
 *(.fini)
 .fini          0x00025e34        0x4 c:/siliconlabs/simplicitystudio/v4/developer/toolchains/gnu_arm/4.9_2015q3/bin/../lib/gcc/arm-none-eabi/4.9.3/armv7e-m/fpu/crti.o
                0x00025e34                _fini
 .fini          0x00025e38        0x8 c:/siliconlabs/simplicitystudio/v4/developer/toolchains/gnu_arm/4.9_2015q3/bin/../lib/gcc/arm-none-eabi/4.9.3/armv7e-m/fpu/crtn.o
 *crtbegin.o(.ctors)
 *crtbegin?.o(.ctors)
 *(EXCLUDE_FILE(*crtend.o *crtend?.o) .ctors)
 *(SORT(.ctors.*))
 *(.ctors)
 *crtbegin.o(.dtors)
 *crtbegin?.o(.dtors)
 *(EXCLUDE_FILE(*crtend.o *crtend?.o) .dtors)
 *(SORT(.dtors.*))
 *(.dtors)
 *(.rodata*)
 .rodata.ptiInit
                0x00025e40       0x24 ./main.o
 .rodata.config
                0x00025e64       0x38 ./main.o
 .rodata.str1.4
                0x00025e9c        0x4 ./main.o
 .rodata.CSWTCH.45
                0x00025ea0        0xc ./emlib/em_cmu.o
 .rodata.CSWTCH.46
                0x00025eac       0x10 ./emlib/em_cmu.o
 .rodata.CSWTCH.47
                0x00025ebc       0x10 ./emlib/em_cmu.o
 .rodata.CSWTCH.48
                0x00025ecc       0x10 ./emlib/em_cmu.o
 .rodata        0x00025edc       0x50 ./src/InitDevice.o
 .rodata        0x00025f2c       0x28 C:/SiliconLabs/SimplicityStudio/v4/developer/sdks/gecko_sdk_suite/v1.1//protocol/bluetooth_2.4/lib/EFR32BG1B/GCC/bgapi.a(gecko_bgapi_hardware.c.obj)
 .rodata        0x00025f54       0x30 C:/SiliconLabs/SimplicityStudio/v4/developer/sdks/gecko_sdk_suite/v1.1//protocol/bluetooth_2.4/lib/EFR32BG1B/GCC/bgapi.a(gecko_bgapi_test.c.obj)
 .rodata        0x00025f84       0x28 C:/SiliconLabs/SimplicityStudio/v4/developer/sdks/gecko_sdk_suite/v1.1//protocol/bluetooth_2.4/lib/EFR32BG1B/GCC/bgapi.a(gecko_bgapi_dfu.c.obj)
 .rodata        0x00025fac       0x78 C:/SiliconLabs/SimplicityStudio/v4/developer/sdks/gecko_sdk_suite/v1.1//protocol/bluetooth_2.4/lib/EFR32BG1B/GCC/bgapi.a(gecko_bgapi_gap.c.obj)
 .rodata        0x00026024       0xa8 C:/SiliconLabs/SimplicityStudio/v4/developer/sdks/gecko_sdk_suite/v1.1//protocol/bluetooth_2.4/lib/EFR32BG1B/GCC/bgapi.a(gecko_bgapi_gatt.c.obj)
 .rodata        0x000260cc       0x50 C:/SiliconLabs/SimplicityStudio/v4/developer/sdks/gecko_sdk_suite/v1.1//protocol/bluetooth_2.4/lib/EFR32BG1B/GCC/bgapi.a(gecko_bgapi_gatt_server.c.obj)
 .rodata        0x0002611c       0x30 C:/SiliconLabs/SimplicityStudio/v4/developer/sdks/gecko_sdk_suite/v1.1//protocol/bluetooth_2.4/lib/EFR32BG1B/GCC/bgapi.a(gecko_bgapi_flash.c.obj)
 .rodata        0x0002614c       0x80 C:/SiliconLabs/SimplicityStudio/v4/developer/sdks/gecko_sdk_suite/v1.1//protocol/bluetooth_2.4/lib/EFR32BG1B/GCC/bgapi.a(gecko_bgapi_sm.c.obj)
 .rodata        0x000261cc       0x48 C:/SiliconLabs/SimplicityStudio/v4/developer/sdks/gecko_sdk_suite/v1.1//protocol/bluetooth_2.4/lib/EFR32BG1B/GCC/bgapi.a(gecko_bgapi_system.c.obj)
 .rodata        0x00026214       0x38 C:/SiliconLabs/SimplicityStudio/v4/developer/sdks/gecko_sdk_suite/v1.1//protocol/bluetooth_2.4/lib/EFR32BG1B/GCC/bgapi.a(gecko_bgapi_endpoint.c.obj)
 .rodata        0x0002624c       0x28 C:/SiliconLabs/SimplicityStudio/v4/developer/sdks/gecko_sdk_suite/v1.1//protocol/bluetooth_2.4/lib/EFR32BG1B/GCC/bgapi.a(gecko_bgapi_le_connection.c.obj)
 .rodata        0x00026274       0x18 C:/SiliconLabs/SimplicityStudio/v4/developer/sdks/gecko_sdk_suite/v1.1//protocol/bluetooth_2.4/lib/EFR32BG1B/GCC/bgapi.a(bgapi_sm.c.obj)
 .rodata        0x0002628c        0x4 C:/SiliconLabs/SimplicityStudio/v4/developer/sdks/gecko_sdk_suite/v1.1//protocol/bluetooth_2.4/lib/EFR32BG1B/GCC/bgapi.a(gatt_client.c.obj)
 .rodata.str1.4
                0x00026290        0x4 c:/siliconlabs/simplicitystudio/v4/developer/toolchains/gnu_arm/4.9_2015q3/bin/../lib/gcc/arm-none-eabi/4.9.3/../../../../arm-none-eabi/lib/armv7e-m/fpu\libc.a(lib_a-impure.o)
                                  0x2 (size before relaxing)
 .rodata._global_impure_ptr
                0x00026294        0x4 c:/siliconlabs/simplicitystudio/v4/developer/toolchains/gnu_arm/4.9_2015q3/bin/../lib/gcc/arm-none-eabi/4.9.3/../../../../arm-none-eabi/lib/armv7e-m/fpu\libc.a(lib_a-impure.o)
                0x00026294                _global_impure_ptr
 *(.eh_frame*)
 .eh_frame      0x00026298        0x0 c:/siliconlabs/simplicitystudio/v4/developer/toolchains/gnu_arm/4.9_2015q3/bin/../lib/gcc/arm-none-eabi/4.9.3/armv7e-m/fpu/crtbegin.o
 .eh_frame      0x00026298        0x4 c:/siliconlabs/simplicitystudio/v4/developer/toolchains/gnu_arm/4.9_2015q3/bin/../lib/gcc/arm-none-eabi/4.9.3/armv7e-m/fpu/crtend.o
                0x0002629c                . = ALIGN (0x4)

.glue_7         0x0002629c        0x0
 .glue_7        0x00000000        0x0 linker stubs

.glue_7t        0x0002629c        0x0
 .glue_7t       0x00000000        0x0 linker stubs

.vfp11_veneer   0x0002629c        0x0
 .vfp11_veneer  0x00000000        0x0 linker stubs

.v4_bx          0x0002629c        0x0
 .v4_bx         0x00000000        0x0 linker stubs

.iplt           0x0002629c        0x0
 .iplt          0x00000000        0x0 c:/siliconlabs/simplicitystudio/v4/developer/toolchains/gnu_arm/4.9_2015q3/bin/../lib/gcc/arm-none-eabi/4.9.3/armv7e-m/fpu/crtbegin.o

.igot.plt       0x0002629c        0x0
 .igot.plt      0x00000000        0x0 c:/siliconlabs/simplicitystudio/v4/developer/toolchains/gnu_arm/4.9_2015q3/bin/../lib/gcc/arm-none-eabi/4.9.3/armv7e-m/fpu/crtbegin.o

.text_app_ARM.extab
 *(.ARM.extab* .gnu.linkonce.armextab.*)
                0x0002629c                __exidx_start = .

.text_app_ARM.exidx
                0x0002629c        0x8
 *(.ARM.exidx* .gnu.linkonce.armexidx.*)
 .ARM.exidx     0x0002629c        0x8 c:/siliconlabs/simplicitystudio/v4/developer/toolchains/gnu_arm/4.9_2015q3/bin/../lib/gcc/arm-none-eabi/4.9.3/../../../../arm-none-eabi/lib/armv7e-m/fpu/crt0.o
                0x000262a4                __exidx_end = .
                0x000262a4                __etext = .

.rel.dyn        0x000262a4        0x0
 .rel.iplt      0x00000000        0x0 c:/siliconlabs/simplicitystudio/v4/developer/toolchains/gnu_arm/4.9_2015q3/bin/../lib/gcc/arm-none-eabi/4.9.3/armv7e-m/fpu/crtbegin.o

.text_app_data  0x20003000      0x458 load address 0x000262a4
                0x20003000                __data_start__ = .
 *(vtable)
 *(.data*)
 .data.bg_gattdb_data_attribute_field_21_data
                0x20003000        0x1 ./gatt_db.o
                0x20003000                bg_gattdb_data_attribute_field_21_data
 *fill*         0x20003001        0x3 
 .data.bg_gattdb_data_attribute_field_6_data
                0x20003004        0xd ./gatt_db.o
                0x20003004                bg_gattdb_data_attribute_field_6_data
 *fill*         0x20003011        0x3 
 .data.bg_gattdb_data_attribute_field_24_data
                0x20003014        0x1 ./gatt_db.o
                0x20003014                bg_gattdb_data_attribute_field_24_data
 *fill*         0x20003015        0x3 
 .data.auxHfrcoFreq
                0x20003018        0x4 ./emlib/em_cmu.o
 *fill*         0x2000301c        0x4 
 .data.impure_data
                0x20003020      0x428 c:/siliconlabs/simplicitystudio/v4/developer/toolchains/gnu_arm/4.9_2015q3/bin/../lib/gcc/arm-none-eabi/4.9.3/../../../../arm-none-eabi/lib/armv7e-m/fpu\libc.a(lib_a-impure.o)
                0x20003448                . = ALIGN (0x4)
 *(.ram)
                0x20003448                . = ALIGN (0x4)
                0x20003448                PROVIDE (__preinit_array_start, .)
 *(.preinit_array)
                0x20003448                PROVIDE (__preinit_array_end, .)
                0x20003448                . = ALIGN (0x4)
                0x20003448                PROVIDE (__init_array_start, .)
 *(SORT(.init_array.*))
 .init_array.00000
                0x20003448        0x4 c:/siliconlabs/simplicitystudio/v4/developer/toolchains/gnu_arm/4.9_2015q3/bin/../lib/gcc/arm-none-eabi/4.9.3/../../../../arm-none-eabi/lib/armv7e-m/fpu\libc.a(lib_a-__call_atexit.o)
 *(.init_array)
 .init_array    0x2000344c        0x4 c:/siliconlabs/simplicitystudio/v4/developer/toolchains/gnu_arm/4.9_2015q3/bin/../lib/gcc/arm-none-eabi/4.9.3/armv7e-m/fpu/crtbegin.o
                0x20003450                PROVIDE (__init_array_end, .)
                0x20003450                . = ALIGN (0x4)
                0x20003450                PROVIDE (__fini_array_start, .)
 *(SORT(.fini_array.*))
 *(.fini_array)
 .fini_array    0x20003450        0x4 c:/siliconlabs/simplicitystudio/v4/developer/toolchains/gnu_arm/4.9_2015q3/bin/../lib/gcc/arm-none-eabi/4.9.3/armv7e-m/fpu/crtbegin.o
                0x20003454                PROVIDE (__fini_array_end, .)
 *(.jcr*)
 .jcr           0x20003454        0x0 c:/siliconlabs/simplicitystudio/v4/developer/toolchains/gnu_arm/4.9_2015q3/bin/../lib/gcc/arm-none-eabi/4.9.3/armv7e-m/fpu/crtbegin.o
 .jcr           0x20003454        0x4 c:/siliconlabs/simplicitystudio/v4/developer/toolchains/gnu_arm/4.9_2015q3/bin/../lib/gcc/arm-none-eabi/4.9.3/armv7e-m/fpu/crtend.o
                0x20003458                . = ALIGN (0x4)
                0x20003458                __data_end__ = .

.bss            0x20003458     0x1ac4 load address 0x000266fc
                0x20003458                . = ALIGN (0x4)
                0x20003458                __bss_start__ = .
 *(.bss*)
 .bss           0x20003458       0x1c c:/siliconlabs/simplicitystudio/v4/developer/toolchains/gnu_arm/4.9_2015q3/bin/../lib/gcc/arm-none-eabi/4.9.3/armv7e-m/fpu/crtbegin.o
 .bss.bg_gattdb_data_attribute_field_2_data
                0x20003474        0x4 ./gatt_db.o
                0x20003474                bg_gattdb_data_attribute_field_2_data
 .bss.timerCount
                0x20003478       0x10 ./main.o
                0x20003478                timerCount
 .bss.adcValue  0x20003488        0x4 ./main.o
 .bss.boot_to_dfu
                0x2000348c        0x1 ./main.o
                0x2000348c                boot_to_dfu
 *fill*         0x2000348d        0x3 
 .bss.chTable   0x20003490       0xa0 ./bgapi/dmadrv.o
 .bss.dmaXfer   0x20003530      0x100 ./bgapi/dmadrv.o
 .bss           0x20003630        0x4 C:/SiliconLabs/SimplicityStudio/v4/developer/sdks/gecko_sdk_suite/v1.1//protocol/bluetooth_2.4/lib/EFR32BG1B/GCC/bgapi.a(bgapi_hardware.c.obj)
 .bss           0x20003634        0x8 C:/SiliconLabs/SimplicityStudio/v4/developer/sdks/gecko_sdk_suite/v1.1//protocol/bluetooth_2.4/lib/EFR32BG1B/GCC/bgapi.a(bgapi_test_lib.c.obj)
 .bss           0x2000363c        0x2 C:/SiliconLabs/SimplicityStudio/v4/developer/sdks/gecko_sdk_suite/v1.1//protocol/bluetooth_2.4/lib/EFR32BG1B/GCC/bgapi.a(bgapi_gap.c.obj)
                0x2000363c                legacy_maxadv_events
 *fill*         0x2000363e        0x2 
 .bss           0x20003640        0x4 C:/SiliconLabs/SimplicityStudio/v4/developer/sdks/gecko_sdk_suite/v1.1//protocol/bluetooth_2.4/lib/EFR32BG1B/GCC/bgapi.a(bgapi_ps.c.obj)
 .bss           0x20003644        0x4 C:/SiliconLabs/SimplicityStudio/v4/developer/sdks/gecko_sdk_suite/v1.1//protocol/bluetooth_2.4/lib/EFR32BG1B/GCC/bgapi.a(bgapi_sm.c.obj)
 .bss           0x20003648        0x4 C:/SiliconLabs/SimplicityStudio/v4/developer/sdks/gecko_sdk_suite/v1.1//protocol/bluetooth_2.4/lib/EFR32BG1B/GCC/bgapi.a(bgapi_system.c.obj)
 *(COMMON)
 COMMON         0x2000364c     0x18d0 ./main.o
                0x2000364c                bluetooth_stack_heap
                0x20004f1c                . = ALIGN (0x4)
                0x20004f1c                __bss_end__ = .

.heap           0x20004f20      0xc00
                0x20004f20                __HeapBase = .
                0x20004f20                __end__ = .
                0x20004f20                end = __end__
                0x20004f20                _end = __end__
 *(.heap*)
 .heap          0x20004f20      0xc00 ./device/EFR32_B_1_1_B/gcc/startup_efr32bg1b.o
                0x20005b20                __HeapLimit = .

.stack_dummy    0x20005b20      0x400
 *(.stack*)
 .stack         0x20005b20      0x400 ./device/EFR32_B_1_1_B/gcc/startup_efr32bg1b.o
                0x20007bfc                __StackTop = (ORIGIN (RAM) + 0x4bfc)
                0x200077fc                __StackLimit = (__StackTop - SIZEOF (.stack_dummy))
                0x20007bfc                PROVIDE (__stack, __StackTop)
                0x00000001                ASSERT ((__StackLimit >= __HeapLimit), region RAM overflowed with stack)
OUTPUT(soc-pwm4.axf elf32-littlearm)

.ARM.attributes
                0x00000000       0x30
 .ARM.attributes
                0x00000000       0x22 c:/siliconlabs/simplicitystudio/v4/developer/toolchains/gnu_arm/4.9_2015q3/bin/../lib/gcc/arm-none-eabi/4.9.3/armv7e-m/fpu/crti.o
 .ARM.attributes
                0x00000022       0x34 c:/siliconlabs/simplicitystudio/v4/developer/toolchains/gnu_arm/4.9_2015q3/bin/../lib/gcc/arm-none-eabi/4.9.3/armv7e-m/fpu/crtbegin.o
 .ARM.attributes
                0x00000056       0x20 c:/siliconlabs/simplicitystudio/v4/developer/toolchains/gnu_arm/4.9_2015q3/bin/../lib/gcc/arm-none-eabi/4.9.3/../../../../arm-none-eabi/lib/armv7e-m/fpu/crt0.o
 .ARM.attributes
                0x00000076       0x39 ./application_properties.o
 .ARM.attributes
                0x000000af       0x39 ./gatt_db.o
 .ARM.attributes
                0x000000e8       0x39 ./main.o
 .ARM.attributes
                0x00000121       0x39 ./bgapi/dmadrv.o
 .ARM.attributes
                0x0000015a       0x39 ./bgapi/em_adc.o
 .ARM.attributes
                0x00000193       0x39 ./device/EFR32_B_1_1_B/gcc/startup_efr32bg1b.o
 .ARM.attributes
                0x000001cc       0x39 ./emlib/em_cmu.o
 .ARM.attributes
                0x00000205       0x39 ./emlib/em_gpio.o
 .ARM.attributes
                0x0000023e       0x39 ./emlib/em_rtcc.o
 .ARM.attributes
                0x00000277       0x39 ./emlib/em_system.o
 .ARM.attributes
                0x000002b0       0x39 ./emlib/em_timer.o
 .ARM.attributes
                0x000002e9       0x39 ./src/InitDevice.o
 .ARM.attributes
                0x00000322       0x1c C:/SiliconLabs/SimplicityStudio/v4/developer/sdks/gecko_sdk_suite/v1.1//protocol/bluetooth_2.4/lib/EFR32BG1B/EABI/binstack.o
 .ARM.attributes
                0x0000033e       0x39 C:/SiliconLabs/SimplicityStudio/v4/developer/sdks/gecko_sdk_suite/v1.1//protocol/bluetooth_2.4/lib/EFR32BG1B/GCC/bgapi.a(gecko_bgapi_hardware.c.obj)
 .ARM.attributes
                0x00000377       0x39 C:/SiliconLabs/SimplicityStudio/v4/developer/sdks/gecko_sdk_suite/v1.1//protocol/bluetooth_2.4/lib/EFR32BG1B/GCC/bgapi.a(gecko_bgapi_test.c.obj)
 .ARM.attributes
                0x000003b0       0x39 C:/SiliconLabs/SimplicityStudio/v4/developer/sdks/gecko_sdk_suite/v1.1//protocol/bluetooth_2.4/lib/EFR32BG1B/GCC/bgapi.a(gecko_bgapi_dfu.c.obj)
 .ARM.attributes
                0x000003e9       0x39 C:/SiliconLabs/SimplicityStudio/v4/developer/sdks/gecko_sdk_suite/v1.1//protocol/bluetooth_2.4/lib/EFR32BG1B/GCC/bgapi.a(gecko_bgapi_gap.c.obj)
 .ARM.attributes
                0x00000422       0x39 C:/SiliconLabs/SimplicityStudio/v4/developer/sdks/gecko_sdk_suite/v1.1//protocol/bluetooth_2.4/lib/EFR32BG1B/GCC/bgapi.a(gecko_bgapi_gatt.c.obj)
 .ARM.attributes
                0x0000045b       0x39 C:/SiliconLabs/SimplicityStudio/v4/developer/sdks/gecko_sdk_suite/v1.1//protocol/bluetooth_2.4/lib/EFR32BG1B/GCC/bgapi.a(gecko_bgapi_gatt_server.c.obj)
 .ARM.attributes
                0x00000494       0x39 C:/SiliconLabs/SimplicityStudio/v4/developer/sdks/gecko_sdk_suite/v1.1//protocol/bluetooth_2.4/lib/EFR32BG1B/GCC/bgapi.a(gecko_bgapi_flash.c.obj)
 .ARM.attributes
                0x000004cd       0x39 C:/SiliconLabs/SimplicityStudio/v4/developer/sdks/gecko_sdk_suite/v1.1//protocol/bluetooth_2.4/lib/EFR32BG1B/GCC/bgapi.a(gecko_bgapi_sm.c.obj)
 .ARM.attributes
                0x00000506       0x39 C:/SiliconLabs/SimplicityStudio/v4/developer/sdks/gecko_sdk_suite/v1.1//protocol/bluetooth_2.4/lib/EFR32BG1B/GCC/bgapi.a(gecko_bgapi_system.c.obj)
 .ARM.attributes
                0x0000053f       0x39 C:/SiliconLabs/SimplicityStudio/v4/developer/sdks/gecko_sdk_suite/v1.1//protocol/bluetooth_2.4/lib/EFR32BG1B/GCC/bgapi.a(gecko_bgapi_endpoint.c.obj)
 .ARM.attributes
                0x00000578       0x39 C:/SiliconLabs/SimplicityStudio/v4/developer/sdks/gecko_sdk_suite/v1.1//protocol/bluetooth_2.4/lib/EFR32BG1B/GCC/bgapi.a(gecko_bgapi_le_connection.c.obj)
 .ARM.attributes
                0x000005b1       0x39 C:/SiliconLabs/SimplicityStudio/v4/developer/sdks/gecko_sdk_suite/v1.1//protocol/bluetooth_2.4/lib/EFR32BG1B/GCC/bgapi.a(bgapi_hardware.c.obj)
 .ARM.attributes
                0x000005ea       0x39 C:/SiliconLabs/SimplicityStudio/v4/developer/sdks/gecko_sdk_suite/v1.1//protocol/bluetooth_2.4/lib/EFR32BG1B/GCC/bgapi.a(bgapi_test_lib.c.obj)
 .ARM.attributes
                0x00000623       0x39 C:/SiliconLabs/SimplicityStudio/v4/developer/sdks/gecko_sdk_suite/v1.1//protocol/bluetooth_2.4/lib/EFR32BG1B/GCC/bgapi.a(bgapi_dfu.c.obj)
 .ARM.attributes
                0x0000065c       0x39 C:/SiliconLabs/SimplicityStudio/v4/developer/sdks/gecko_sdk_suite/v1.1//protocol/bluetooth_2.4/lib/EFR32BG1B/GCC/bgapi.a(bgapi_gap.c.obj)
 .ARM.attributes
                0x00000695       0x39 C:/SiliconLabs/SimplicityStudio/v4/developer/sdks/gecko_sdk_suite/v1.1//protocol/bluetooth_2.4/lib/EFR32BG1B/GCC/bgapi.a(bgapi_gatt_lib.c.obj)
 .ARM.attributes
                0x000006ce       0x39 C:/SiliconLabs/SimplicityStudio/v4/developer/sdks/gecko_sdk_suite/v1.1//protocol/bluetooth_2.4/lib/EFR32BG1B/GCC/bgapi.a(bgapi_ps.c.obj)
 .ARM.attributes
                0x00000707       0x39 C:/SiliconLabs/SimplicityStudio/v4/developer/sdks/gecko_sdk_suite/v1.1//protocol/bluetooth_2.4/lib/EFR32BG1B/GCC/bgapi.a(bgapi_sm.c.obj)
 .ARM.attributes
                0x00000740       0x39 C:/SiliconLabs/SimplicityStudio/v4/developer/sdks/gecko_sdk_suite/v1.1//protocol/bluetooth_2.4/lib/EFR32BG1B/GCC/bgapi.a(bgapi_system.c.obj)
 .ARM.attributes
                0x00000779       0x39 C:/SiliconLabs/SimplicityStudio/v4/developer/sdks/gecko_sdk_suite/v1.1//protocol/bluetooth_2.4/lib/EFR32BG1B/GCC/bgapi.a(bgapi_endpoint.c.obj)
 .ARM.attributes
                0x000007b2       0x39 C:/SiliconLabs/SimplicityStudio/v4/developer/sdks/gecko_sdk_suite/v1.1//protocol/bluetooth_2.4/lib/EFR32BG1B/GCC/bgapi.a(bgapi_le_connection.c.obj)
 .ARM.attributes
                0x000007eb       0x39 C:/SiliconLabs/SimplicityStudio/v4/developer/sdks/gecko_sdk_suite/v1.1//protocol/bluetooth_2.4/lib/EFR32BG1B/GCC/bgapi.a(gatt_client.c.obj)
 .ARM.attributes
                0x00000824       0x39 C:/SiliconLabs/SimplicityStudio/v4/developer/sdks/gecko_sdk_suite/v1.1//protocol/bluetooth_2.4/lib/EFR32BG1B/GCC/bgapi.a(ubt_gatt_client.c.obj)
 .ARM.attributes
                0x0000085d       0x39 C:/SiliconLabs/SimplicityStudio/v4/developer/sdks/gecko_sdk_suite/v1.1//protocol/bluetooth_2.4/lib/EFR32BG1B/GCC/bgapi.a(att_client.c.obj)
 .ARM.attributes
                0x00000896       0x1c C:/SiliconLabs/SimplicityStudio/v4/developer/sdks/gecko_sdk_suite/v1.1//protocol/bluetooth_2.4/lib/EFR32BG1B/EABI/binbootloader.o
 .ARM.attributes
                0x000008b2       0x34 c:/siliconlabs/simplicitystudio/v4/developer/toolchains/gnu_arm/4.9_2015q3/bin/../lib/gcc/arm-none-eabi/4.9.3/../../../../arm-none-eabi/lib/armv7e-m/fpu\libc.a(lib_a-exit.o)
 .ARM.attributes
                0x000008e6       0x34 c:/siliconlabs/simplicitystudio/v4/developer/toolchains/gnu_arm/4.9_2015q3/bin/../lib/gcc/arm-none-eabi/4.9.3/../../../../arm-none-eabi/lib/armv7e-m/fpu\libc.a(lib_a-impure.o)
 .ARM.attributes
                0x0000091a       0x34 c:/siliconlabs/simplicitystudio/v4/developer/toolchains/gnu_arm/4.9_2015q3/bin/../lib/gcc/arm-none-eabi/4.9.3/../../../../arm-none-eabi/lib/armv7e-m/fpu\libc.a(lib_a-init.o)
 .ARM.attributes
                0x0000094e       0x34 c:/siliconlabs/simplicitystudio/v4/developer/toolchains/gnu_arm/4.9_2015q3/bin/../lib/gcc/arm-none-eabi/4.9.3/../../../../arm-none-eabi/lib/armv7e-m/fpu\libc.a(lib_a-memcmp.o)
 .ARM.attributes
                0x00000982       0x20 c:/siliconlabs/simplicitystudio/v4/developer/toolchains/gnu_arm/4.9_2015q3/bin/../lib/gcc/arm-none-eabi/4.9.3/../../../../arm-none-eabi/lib/armv7e-m/fpu\libc.a(lib_a-memcpy.o)
 .ARM.attributes
                0x000009a2       0x34 c:/siliconlabs/simplicitystudio/v4/developer/toolchains/gnu_arm/4.9_2015q3/bin/../lib/gcc/arm-none-eabi/4.9.3/../../../../arm-none-eabi/lib/armv7e-m/fpu\libc.a(lib_a-memset.o)
 .ARM.attributes
                0x000009d6       0x34 c:/siliconlabs/simplicitystudio/v4/developer/toolchains/gnu_arm/4.9_2015q3/bin/../lib/gcc/arm-none-eabi/4.9.3/../../../../arm-none-eabi/lib/armv7e-m/fpu\libc.a(lib_a-__call_atexit.o)
 .ARM.attributes
                0x00000a0a       0x34 c:/siliconlabs/simplicitystudio/v4/developer/toolchains/gnu_arm/4.9_2015q3/bin/../lib/gcc/arm-none-eabi/4.9.3/../../../../arm-none-eabi/lib/armv7e-m/fpu\libc.a(lib_a-atexit.o)
 .ARM.attributes
                0x00000a3e       0x34 c:/siliconlabs/simplicitystudio/v4/developer/toolchains/gnu_arm/4.9_2015q3/bin/../lib/gcc/arm-none-eabi/4.9.3/../../../../arm-none-eabi/lib/armv7e-m/fpu\libc.a(lib_a-fini.o)
 .ARM.attributes
                0x00000a72       0x34 c:/siliconlabs/simplicitystudio/v4/developer/toolchains/gnu_arm/4.9_2015q3/bin/../lib/gcc/arm-none-eabi/4.9.3/../../../../arm-none-eabi/lib/armv7e-m/fpu\libc.a(lib_a-__atexit.o)
 .ARM.attributes
                0x00000aa6       0x34 c:/siliconlabs/simplicitystudio/v4/developer/toolchains/gnu_arm/4.9_2015q3/bin/../lib/gcc/arm-none-eabi/4.9.3/../../../../arm-none-eabi/lib/armv7e-m/fpu\libnosys.a(_exit.o)
 .ARM.attributes
                0x00000ada       0x34 c:/siliconlabs/simplicitystudio/v4/developer/toolchains/gnu_arm/4.9_2015q3/bin/../lib/gcc/arm-none-eabi/4.9.3/armv7e-m/fpu/crtend.o
 .ARM.attributes
                0x00000b0e       0x22 c:/siliconlabs/simplicitystudio/v4/developer/toolchains/gnu_arm/4.9_2015q3/bin/../lib/gcc/arm-none-eabi/4.9.3/armv7e-m/fpu/crtn.o

.comment        0x00000000       0xde
 .comment       0x00000000       0x70 ./application_properties.o
                                 0x71 (size before relaxing)
 .comment       0x00000000       0x71 ./gatt_db.o
 .comment       0x00000000       0x71 ./main.o
 .comment       0x00000000       0x71 ./bgapi/dmadrv.o
 .comment       0x00000000       0x71 ./bgapi/em_adc.o
 .comment       0x00000000       0x71 ./device/EFR32_B_1_1_B/gcc/startup_efr32bg1b.o
 .comment       0x00000000       0x71 ./emlib/em_cmu.o
 .comment       0x00000000       0x71 ./emlib/em_gpio.o
 .comment       0x00000000       0x71 ./emlib/em_rtcc.o
 .comment       0x00000000       0x71 ./emlib/em_system.o
 .comment       0x00000000       0x71 ./emlib/em_timer.o
 .comment       0x00000000       0x71 ./src/InitDevice.o
 .comment       0x00000070       0x6e C:/SiliconLabs/SimplicityStudio/v4/developer/sdks/gecko_sdk_suite/v1.1//protocol/bluetooth_2.4/lib/EFR32BG1B/GCC/bgapi.a(gecko_bgapi_hardware.c.obj)
                                 0x6f (size before relaxing)
 .comment       0x00000000       0x6f C:/SiliconLabs/SimplicityStudio/v4/developer/sdks/gecko_sdk_suite/v1.1//protocol/bluetooth_2.4/lib/EFR32BG1B/GCC/bgapi.a(gecko_bgapi_test.c.obj)
 .comment       0x00000000       0x6f C:/SiliconLabs/SimplicityStudio/v4/developer/sdks/gecko_sdk_suite/v1.1//protocol/bluetooth_2.4/lib/EFR32BG1B/GCC/bgapi.a(gecko_bgapi_dfu.c.obj)
 .comment       0x00000000       0x6f C:/SiliconLabs/SimplicityStudio/v4/developer/sdks/gecko_sdk_suite/v1.1//protocol/bluetooth_2.4/lib/EFR32BG1B/GCC/bgapi.a(gecko_bgapi_gap.c.obj)
 .comment       0x00000000       0x6f C:/SiliconLabs/SimplicityStudio/v4/developer/sdks/gecko_sdk_suite/v1.1//protocol/bluetooth_2.4/lib/EFR32BG1B/GCC/bgapi.a(gecko_bgapi_gatt.c.obj)
 .comment       0x00000000       0x6f C:/SiliconLabs/SimplicityStudio/v4/developer/sdks/gecko_sdk_suite/v1.1//protocol/bluetooth_2.4/lib/EFR32BG1B/GCC/bgapi.a(gecko_bgapi_gatt_server.c.obj)
 .comment       0x00000000       0x6f C:/SiliconLabs/SimplicityStudio/v4/developer/sdks/gecko_sdk_suite/v1.1//protocol/bluetooth_2.4/lib/EFR32BG1B/GCC/bgapi.a(gecko_bgapi_flash.c.obj)
 .comment       0x00000000       0x6f C:/SiliconLabs/SimplicityStudio/v4/developer/sdks/gecko_sdk_suite/v1.1//protocol/bluetooth_2.4/lib/EFR32BG1B/GCC/bgapi.a(gecko_bgapi_sm.c.obj)
 .comment       0x00000000       0x6f C:/SiliconLabs/SimplicityStudio/v4/developer/sdks/gecko_sdk_suite/v1.1//protocol/bluetooth_2.4/lib/EFR32BG1B/GCC/bgapi.a(gecko_bgapi_system.c.obj)
 .comment       0x00000000       0x6f C:/SiliconLabs/SimplicityStudio/v4/developer/sdks/gecko_sdk_suite/v1.1//protocol/bluetooth_2.4/lib/EFR32BG1B/GCC/bgapi.a(gecko_bgapi_endpoint.c.obj)
 .comment       0x00000000       0x6f C:/SiliconLabs/SimplicityStudio/v4/developer/sdks/gecko_sdk_suite/v1.1//protocol/bluetooth_2.4/lib/EFR32BG1B/GCC/bgapi.a(gecko_bgapi_le_connection.c.obj)
 .comment       0x00000000       0x6f C:/SiliconLabs/SimplicityStudio/v4/developer/sdks/gecko_sdk_suite/v1.1//protocol/bluetooth_2.4/lib/EFR32BG1B/GCC/bgapi.a(bgapi_hardware.c.obj)
 .comment       0x00000000       0x6f C:/SiliconLabs/SimplicityStudio/v4/developer/sdks/gecko_sdk_suite/v1.1//protocol/bluetooth_2.4/lib/EFR32BG1B/GCC/bgapi.a(bgapi_test_lib.c.obj)
 .comment       0x00000000       0x6f C:/SiliconLabs/SimplicityStudio/v4/developer/sdks/gecko_sdk_suite/v1.1//protocol/bluetooth_2.4/lib/EFR32BG1B/GCC/bgapi.a(bgapi_dfu.c.obj)
 .comment       0x00000000       0x6f C:/SiliconLabs/SimplicityStudio/v4/developer/sdks/gecko_sdk_suite/v1.1//protocol/bluetooth_2.4/lib/EFR32BG1B/GCC/bgapi.a(bgapi_gap.c.obj)
 .comment       0x00000000       0x6f C:/SiliconLabs/SimplicityStudio/v4/developer/sdks/gecko_sdk_suite/v1.1//protocol/bluetooth_2.4/lib/EFR32BG1B/GCC/bgapi.a(bgapi_gatt_lib.c.obj)
 .comment       0x00000000       0x6f C:/SiliconLabs/SimplicityStudio/v4/developer/sdks/gecko_sdk_suite/v1.1//protocol/bluetooth_2.4/lib/EFR32BG1B/GCC/bgapi.a(bgapi_ps.c.obj)
 .comment       0x00000000       0x6f C:/SiliconLabs/SimplicityStudio/v4/developer/sdks/gecko_sdk_suite/v1.1//protocol/bluetooth_2.4/lib/EFR32BG1B/GCC/bgapi.a(bgapi_sm.c.obj)
 .comment       0x00000000       0x6f C:/SiliconLabs/SimplicityStudio/v4/developer/sdks/gecko_sdk_suite/v1.1//protocol/bluetooth_2.4/lib/EFR32BG1B/GCC/bgapi.a(bgapi_system.c.obj)
 .comment       0x00000000       0x6f C:/SiliconLabs/SimplicityStudio/v4/developer/sdks/gecko_sdk_suite/v1.1//protocol/bluetooth_2.4/lib/EFR32BG1B/GCC/bgapi.a(bgapi_endpoint.c.obj)
 .comment       0x00000000       0x6f C:/SiliconLabs/SimplicityStudio/v4/developer/sdks/gecko_sdk_suite/v1.1//protocol/bluetooth_2.4/lib/EFR32BG1B/GCC/bgapi.a(bgapi_le_connection.c.obj)
 .comment       0x00000000       0x6f C:/SiliconLabs/SimplicityStudio/v4/developer/sdks/gecko_sdk_suite/v1.1//protocol/bluetooth_2.4/lib/EFR32BG1B/GCC/bgapi.a(gatt_client.c.obj)
 .comment       0x00000000       0x6f C:/SiliconLabs/SimplicityStudio/v4/developer/sdks/gecko_sdk_suite/v1.1//protocol/bluetooth_2.4/lib/EFR32BG1B/GCC/bgapi.a(ubt_gatt_client.c.obj)
 .comment       0x00000000       0x6f C:/SiliconLabs/SimplicityStudio/v4/developer/sdks/gecko_sdk_suite/v1.1//protocol/bluetooth_2.4/lib/EFR32BG1B/GCC/bgapi.a(att_client.c.obj)

.debug_info     0x00000000    0x116f1
 .debug_info    0x00000000      0x168 ./application_properties.o
 .debug_info    0x00000168      0x62e ./gatt_db.o
 .debug_info    0x00000796     0x554f ./main.o
 .debug_info    0x00005ce5     0x184d ./bgapi/dmadrv.o
 .debug_info    0x00007532     0x1cb2 ./bgapi/em_adc.o
 .debug_info    0x000091e4      0x1c0 ./device/EFR32_B_1_1_B/gcc/startup_efr32bg1b.o
 .debug_info    0x000093a4     0x2ddd ./emlib/em_cmu.o
 .debug_info    0x0000c181      0xe6a ./emlib/em_gpio.o
 .debug_info    0x0000cfeb      0x6ec ./emlib/em_rtcc.o
 .debug_info    0x0000d6d7      0x273 ./emlib/em_system.o
 .debug_info    0x0000d94a      0x988 ./emlib/em_timer.o
 .debug_info    0x0000e2d2     0x341f ./src/InitDevice.o

.debug_abbrev   0x00000000     0x1bb0
 .debug_abbrev  0x00000000       0x97 ./application_properties.o
 .debug_abbrev  0x00000097       0xbd ./gatt_db.o
 .debug_abbrev  0x00000154      0x3f1 ./main.o
 .debug_abbrev  0x00000545      0x380 ./bgapi/dmadrv.o
 .debug_abbrev  0x000008c5      0x306 ./bgapi/em_adc.o
 .debug_abbrev  0x00000bcb      0x104 ./device/EFR32_B_1_1_B/gcc/startup_efr32bg1b.o
 .debug_abbrev  0x00000ccf      0x452 ./emlib/em_cmu.o
 .debug_abbrev  0x00001121      0x2d6 ./emlib/em_gpio.o
 .debug_abbrev  0x000013f7      0x1e2 ./emlib/em_rtcc.o
 .debug_abbrev  0x000015d9      0x116 ./emlib/em_system.o
 .debug_abbrev  0x000016ef      0x1bb ./emlib/em_timer.o
 .debug_abbrev  0x000018aa      0x306 ./src/InitDevice.o

.debug_aranges  0x00000000      0x468
 .debug_aranges
                0x00000000       0x18 ./application_properties.o
 .debug_aranges
                0x00000018       0x18 ./gatt_db.o
 .debug_aranges
                0x00000030       0x30 ./main.o
 .debug_aranges
                0x00000060       0xa0 ./bgapi/dmadrv.o
 .debug_aranges
                0x00000100       0x70 ./bgapi/em_adc.o
 .debug_aranges
                0x00000170       0x28 ./device/EFR32_B_1_1_B/gcc/startup_efr32bg1b.o
 .debug_aranges
                0x00000198      0x118 ./emlib/em_cmu.o
 .debug_aranges
                0x000002b0       0x48 ./emlib/em_gpio.o
 .debug_aranges
                0x000002f8       0x40 ./emlib/em_rtcc.o
 .debug_aranges
                0x00000338       0x28 ./emlib/em_system.o
 .debug_aranges
                0x00000360       0x38 ./emlib/em_timer.o
 .debug_aranges
                0x00000398       0xd0 ./src/InitDevice.o

.debug_line     0x00000000     0x3b77
 .debug_line    0x00000000      0x1a6 ./application_properties.o
 .debug_line    0x000001a6      0x1a2 ./gatt_db.o
 .debug_line    0x00000348      0x741 ./main.o
 .debug_line    0x00000a89      0x66c ./bgapi/dmadrv.o
 .debug_line    0x000010f5      0x564 ./bgapi/em_adc.o
 .debug_line    0x00001659      0x1c8 ./device/EFR32_B_1_1_B/gcc/startup_efr32bg1b.o
 .debug_line    0x00001821      0xd2a ./emlib/em_cmu.o
 .debug_line    0x0000254b      0x494 ./emlib/em_gpio.o
 .debug_line    0x000029df      0x3ef ./emlib/em_rtcc.o
 .debug_line    0x00002dce      0x30e ./emlib/em_system.o
 .debug_line    0x000030dc      0x43d ./emlib/em_timer.o
 .debug_line    0x00003519      0x65e ./src/InitDevice.o

.debug_str      0x00000000     0xcbd7
 .debug_str     0x00000000      0x244 ./application_properties.o
                                0x29b (size before relaxing)
 .debug_str     0x00000244      0x67e ./gatt_db.o
                                0x865 (size before relaxing)
 .debug_str     0x000008c2     0x6694 ./main.o
                               0x6cb2 (size before relaxing)
 .debug_str     0x00006f56      0xf2a ./bgapi/dmadrv.o
                               0x1168 (size before relaxing)
 .debug_str     0x00007e80     0x2512 ./bgapi/em_adc.o
                               0x2a94 (size before relaxing)
 .debug_str     0x0000a392       0xf3 ./device/EFR32_B_1_1_B/gcc/startup_efr32bg1b.o
                                0x2a6 (size before relaxing)
 .debug_str     0x0000a485      0xd75 ./emlib/em_cmu.o
                               0x1464 (size before relaxing)
 .debug_str     0x0000b1fa      0x4a3 ./emlib/em_gpio.o
                                0x82c (size before relaxing)
 .debug_str     0x0000b69d      0x5cd ./emlib/em_rtcc.o
                                0x7f4 (size before relaxing)
 .debug_str     0x0000bc6a      0x127 ./emlib/em_system.o
                                0x2f9 (size before relaxing)
 .debug_str     0x0000bd91      0x73c ./emlib/em_timer.o
                                0x9cf (size before relaxing)
 .debug_str     0x0000c4cd      0x70a ./src/InitDevice.o
                               0x3f3e (size before relaxing)

.debug_loc      0x00000000     0x4f87
 .debug_loc     0x00000000      0x222 ./main.o
 .debug_loc     0x00000222     0x10da ./bgapi/dmadrv.o
 .debug_loc     0x000012fc      0xc10 ./bgapi/em_adc.o
 .debug_loc     0x00001f0c       0x4b ./device/EFR32_B_1_1_B/gcc/startup_efr32bg1b.o
 .debug_loc     0x00001f57     0x24af ./emlib/em_cmu.o
 .debug_loc     0x00004406      0x636 ./emlib/em_gpio.o
 .debug_loc     0x00004a3c       0xdc ./emlib/em_rtcc.o
 .debug_loc     0x00004b18       0x91 ./emlib/em_system.o
 .debug_loc     0x00004ba9      0x18c ./emlib/em_timer.o
 .debug_loc     0x00004d35      0x252 ./src/InitDevice.o

.debug_ranges   0x00000000      0xd08
 .debug_ranges  0x00000000      0x1d8 ./main.o
 .debug_ranges  0x000001d8       0xa8 ./bgapi/dmadrv.o
 .debug_ranges  0x00000280      0x128 ./bgapi/em_adc.o
 .debug_ranges  0x000003a8       0x18 ./device/EFR32_B_1_1_B/gcc/startup_efr32bg1b.o
 .debug_ranges  0x000003c0      0x5c0 ./emlib/em_cmu.o
 .debug_ranges  0x00000980      0x1a8 ./emlib/em_gpio.o
 .debug_ranges  0x00000b28       0x70 ./emlib/em_rtcc.o
 .debug_ranges  0x00000b98       0x18 ./emlib/em_system.o
 .debug_ranges  0x00000bb0       0x60 ./emlib/em_timer.o
 .debug_ranges  0x00000c10       0xf8 ./src/InitDevice.o

.debug_frame    0x00000000      0xce8
 .debug_frame   0x00000000       0x64 ./main.o
 .debug_frame   0x00000064      0x22c ./bgapi/dmadrv.o
 .debug_frame   0x00000290      0x148 ./bgapi/em_adc.o
 .debug_frame   0x000003d8       0x38 ./device/EFR32_B_1_1_B/gcc/startup_efr32bg1b.o
 .debug_frame   0x00000410      0x314 ./emlib/em_cmu.o
 .debug_frame   0x00000724       0xa0 ./emlib/em_gpio.o
 .debug_frame   0x000007c4       0x8c ./emlib/em_rtcc.o
 .debug_frame   0x00000850       0x30 ./emlib/em_system.o
 .debug_frame   0x00000880       0xb0 ./emlib/em_timer.o
 .debug_frame   0x00000930      0x200 ./src/InitDevice.o
 .debug_frame   0x00000b30       0x28 c:/siliconlabs/simplicitystudio/v4/developer/toolchains/gnu_arm/4.9_2015q3/bin/../lib/gcc/arm-none-eabi/4.9.3/../../../../arm-none-eabi/lib/armv7e-m/fpu\libc.a(lib_a-exit.o)
 .debug_frame   0x00000b58       0x2c c:/siliconlabs/simplicitystudio/v4/developer/toolchains/gnu_arm/4.9_2015q3/bin/../lib/gcc/arm-none-eabi/4.9.3/../../../../arm-none-eabi/lib/armv7e-m/fpu\libc.a(lib_a-init.o)
 .debug_frame   0x00000b84       0x38 c:/siliconlabs/simplicitystudio/v4/developer/toolchains/gnu_arm/4.9_2015q3/bin/../lib/gcc/arm-none-eabi/4.9.3/../../../../arm-none-eabi/lib/armv7e-m/fpu\libc.a(lib_a-memcmp.o)
 .debug_frame   0x00000bbc       0x34 c:/siliconlabs/simplicitystudio/v4/developer/toolchains/gnu_arm/4.9_2015q3/bin/../lib/gcc/arm-none-eabi/4.9.3/../../../../arm-none-eabi/lib/armv7e-m/fpu\libc.a(lib_a-memset.o)
 .debug_frame   0x00000bf0       0x50 c:/siliconlabs/simplicitystudio/v4/developer/toolchains/gnu_arm/4.9_2015q3/bin/../lib/gcc/arm-none-eabi/4.9.3/../../../../arm-none-eabi/lib/armv7e-m/fpu\libc.a(lib_a-__call_atexit.o)
 .debug_frame   0x00000c40       0x20 c:/siliconlabs/simplicitystudio/v4/developer/toolchains/gnu_arm/4.9_2015q3/bin/../lib/gcc/arm-none-eabi/4.9.3/../../../../arm-none-eabi/lib/armv7e-m/fpu\libc.a(lib_a-atexit.o)
 .debug_frame   0x00000c60       0x34 c:/siliconlabs/simplicitystudio/v4/developer/toolchains/gnu_arm/4.9_2015q3/bin/../lib/gcc/arm-none-eabi/4.9.3/../../../../arm-none-eabi/lib/armv7e-m/fpu\libc.a(lib_a-fini.o)
 .debug_frame   0x00000c94       0x34 c:/siliconlabs/simplicitystudio/v4/developer/toolchains/gnu_arm/4.9_2015q3/bin/../lib/gcc/arm-none-eabi/4.9.3/../../../../arm-none-eabi/lib/armv7e-m/fpu\libc.a(lib_a-__atexit.o)
 .debug_frame   0x00000cc8       0x20 c:/siliconlabs/simplicitystudio/v4/developer/toolchains/gnu_arm/4.9_2015q3/bin/../lib/gcc/arm-none-eabi/4.9.3/../../../../arm-none-eabi/lib/armv7e-m/fpu\libnosys.a(_exit.o)
