Archive member included because of file (symbol)

C:/SiliconLabs/SimplicityStudio/v4/developer/sdks/gecko_sdk_suite/v1.1//protocol/bluetooth_2.4/lib/EFR32BG1B/GCC/bgapi.a(gecko_bgapi_hardware.c.obj)
                              ./main.o (gecko_bgapi_class_hardware_init)
C:/SiliconLabs/SimplicityStudio/v4/developer/sdks/gecko_sdk_suite/v1.1//protocol/bluetooth_2.4/lib/EFR32BG1B/GCC/bgapi.a(gecko_bgapi_test.c.obj)
                              ./main.o (gecko_bgapi_class_test_init)
C:/SiliconLabs/SimplicityStudio/v4/developer/sdks/gecko_sdk_suite/v1.1//protocol/bluetooth_2.4/lib/EFR32BG1B/GCC/bgapi.a(gecko_bgapi_dfu.c.obj)
                              ./main.o (gecko_bgapi_class_dfu_init)
C:/SiliconLabs/SimplicityStudio/v4/developer/sdks/gecko_sdk_suite/v1.1//protocol/bluetooth_2.4/lib/EFR32BG1B/GCC/bgapi.a(gecko_bgapi_gap.c.obj)
                              ./main.o (gecko_bgapi_class_le_gap_init)
C:/SiliconLabs/SimplicityStudio/v4/developer/sdks/gecko_sdk_suite/v1.1//protocol/bluetooth_2.4/lib/EFR32BG1B/GCC/bgapi.a(gecko_bgapi_gatt.c.obj)
                              ./main.o (gecko_bgapi_class_gatt_init)
C:/SiliconLabs/SimplicityStudio/v4/developer/sdks/gecko_sdk_suite/v1.1//protocol/bluetooth_2.4/lib/EFR32BG1B/GCC/bgapi.a(gecko_bgapi_gatt_server.c.obj)
                              ./main.o (gecko_bgapi_class_gatt_server_init)
C:/SiliconLabs/SimplicityStudio/v4/developer/sdks/gecko_sdk_suite/v1.1//protocol/bluetooth_2.4/lib/EFR32BG1B/GCC/bgapi.a(gecko_bgapi_flash.c.obj)
                              ./main.o (gecko_bgapi_class_flash_init)
C:/SiliconLabs/SimplicityStudio/v4/developer/sdks/gecko_sdk_suite/v1.1//protocol/bluetooth_2.4/lib/EFR32BG1B/GCC/bgapi.a(gecko_bgapi_sm.c.obj)
                              ./main.o (gecko_bgapi_class_sm_init)
C:/SiliconLabs/SimplicityStudio/v4/developer/sdks/gecko_sdk_suite/v1.1//protocol/bluetooth_2.4/lib/EFR32BG1B/GCC/bgapi.a(gecko_bgapi_system.c.obj)
                              ./main.o (gecko_bgapi_class_system_init)
C:/SiliconLabs/SimplicityStudio/v4/developer/sdks/gecko_sdk_suite/v1.1//protocol/bluetooth_2.4/lib/EFR32BG1B/GCC/bgapi.a(gecko_bgapi_endpoint.c.obj)
                              ./main.o (gecko_bgapi_class_endpoint_init)
C:/SiliconLabs/SimplicityStudio/v4/developer/sdks/gecko_sdk_suite/v1.1//protocol/bluetooth_2.4/lib/EFR32BG1B/GCC/bgapi.a(gecko_bgapi_le_connection.c.obj)
                              ./main.o (gecko_bgapi_class_le_connection_init)
C:/SiliconLabs/SimplicityStudio/v4/developer/sdks/gecko_sdk_suite/v1.1//protocol/bluetooth_2.4/lib/EFR32BG1B/GCC/bgapi.a(bgapi_hardware.c.obj)
                              C:/SiliconLabs/SimplicityStudio/v4/developer/sdks/gecko_sdk_suite/v1.1//protocol/bluetooth_2.4/lib/EFR32BG1B/GCC/bgapi.a(gecko_bgapi_hardware.c.obj) (lib_hardware_handler_init)
C:/SiliconLabs/SimplicityStudio/v4/developer/sdks/gecko_sdk_suite/v1.1//protocol/bluetooth_2.4/lib/EFR32BG1B/GCC/bgapi.a(bgapi_test_lib.c.obj)
                              C:/SiliconLabs/SimplicityStudio/v4/developer/sdks/gecko_sdk_suite/v1.1//protocol/bluetooth_2.4/lib/EFR32BG1B/GCC/bgapi.a(gecko_bgapi_test.c.obj) (lib_test_handler_init)
C:/SiliconLabs/SimplicityStudio/v4/developer/sdks/gecko_sdk_suite/v1.1//protocol/bluetooth_2.4/lib/EFR32BG1B/GCC/bgapi.a(bgapi_dfu.c.obj)
                              C:/SiliconLabs/SimplicityStudio/v4/developer/sdks/gecko_sdk_suite/v1.1//protocol/bluetooth_2.4/lib/EFR32BG1B/GCC/bgapi.a(gecko_bgapi_dfu.c.obj) (lib_dfu_handler_init)
C:/SiliconLabs/SimplicityStudio/v4/developer/sdks/gecko_sdk_suite/v1.1//protocol/bluetooth_2.4/lib/EFR32BG1B/GCC/bgapi.a(bgapi_gap.c.obj)
                              C:/SiliconLabs/SimplicityStudio/v4/developer/sdks/gecko_sdk_suite/v1.1//protocol/bluetooth_2.4/lib/EFR32BG1B/GCC/bgapi.a(gecko_bgapi_gap.c.obj) (lib_le_gap_handler_init)
C:/SiliconLabs/SimplicityStudio/v4/developer/sdks/gecko_sdk_suite/v1.1//protocol/bluetooth_2.4/lib/EFR32BG1B/GCC/bgapi.a(bgapi_gatt_lib.c.obj)
                              C:/SiliconLabs/SimplicityStudio/v4/developer/sdks/gecko_sdk_suite/v1.1//protocol/bluetooth_2.4/lib/EFR32BG1B/GCC/bgapi.a(gecko_bgapi_gatt.c.obj) (lib_gatt_handler_init)
C:/SiliconLabs/SimplicityStudio/v4/developer/sdks/gecko_sdk_suite/v1.1//protocol/bluetooth_2.4/lib/EFR32BG1B/GCC/bgapi.a(bgapi_ps.c.obj)
                              C:/SiliconLabs/SimplicityStudio/v4/developer/sdks/gecko_sdk_suite/v1.1//protocol/bluetooth_2.4/lib/EFR32BG1B/GCC/bgapi.a(gecko_bgapi_flash.c.obj) (lib_flash_handler_init)
C:/SiliconLabs/SimplicityStudio/v4/developer/sdks/gecko_sdk_suite/v1.1//protocol/bluetooth_2.4/lib/EFR32BG1B/GCC/bgapi.a(bgapi_sm.c.obj)
                              C:/SiliconLabs/SimplicityStudio/v4/developer/sdks/gecko_sdk_suite/v1.1//protocol/bluetooth_2.4/lib/EFR32BG1B/GCC/bgapi.a(gecko_bgapi_sm.c.obj) (lib_sm_handler_init)
C:/SiliconLabs/SimplicityStudio/v4/developer/sdks/gecko_sdk_suite/v1.1//protocol/bluetooth_2.4/lib/EFR32BG1B/GCC/bgapi.a(bgapi_system.c.obj)
[...]
Memory Configuration

Name             Origin             Length             Attributes
FLASH_BOOTLOADER 0x00000000         0x00004000         xr
FLASH            0x00004000         0x0003b000         xr
RAM              0x20003000         0x00004bfc         xrw
*default*        0x00000000         0xffffffff

Linker script and memory map

LOAD c:/siliconlabs/simplicitystudio/v4/developer/toolchains/gnu_arm/4.9_2015q3/bin/../lib/gcc/arm-none-eabi/4.9.3/armv7e-m/fpu/crti.o
LOAD c:/siliconlabs/simplicitystudio/v4/developer/toolchains/gnu_arm/4.9_2015q3/bin/../lib/gcc/arm-none-eabi/4.9.3/armv7e-m/fpu/crtbegin.o
LOAD c:/siliconlabs/simplicitystudio/v4/developer/toolchains/gnu_arm/4.9_2015q3/bin/../lib/gcc/arm-none-eabi/4.9.3/../../../../arm-none-eabi/lib/armv7e-m/fpu/crt0.o
LOAD ./application_properties.o
LOAD ./gatt_db.o
LOAD ./main.o
LOAD ./bgapi/dmadrv.o
LOAD ./bgapi/em_adc.o
LOAD ./bgapi/em_ldma.o
LOAD ./bgapi/em_leuart.o
LOAD ./device/EFR32_B_1_1_B/gcc/startup_efr32bg1b.o
LOAD ./emlib/em_cmu.o
LOAD ./emlib/em_cryotimer.o
LOAD ./emlib/em_gpio.o
LOAD ./emlib/em_i2c.o
LOAD ./emlib/em_msc.o
LOAD ./emlib/em_rtcc.o
LOAD ./emlib/em_system.o
LOAD ./emlib/em_timer.o
LOAD ./emlib/em_usart.o
LOAD ./src/InitDevice.o
LOAD C:/SiliconLabs/SimplicityStudio/v4/developer/sdks/gecko_sdk_suite/v1.1//protocol/bluetooth_2.4/lib/EFR32BG1B/EABI/stack.a
LOAD C:/SiliconLabs/SimplicityStudio/v4/developer/sdks/gecko_sdk_suite/v1.1//protocol/bluetooth_2.4/lib/EFR32BG1B/EABI/binstack.o
LOAD C:/SiliconLabs/SimplicityStudio/v4/developer/sdks/gecko_sdk_suite/v1.1//protocol/bluetooth_2.4/lib/EFR32BG1B/GCC/bgapi.a
LOAD C:/SiliconLabs/SimplicityStudio/v4/developer/sdks/gecko_sdk_suite/v1.1//protocol/bluetooth_2.4/lib/EFR32BG1B/EABI/binbootloader.o
LOAD c:/siliconlabs/simplicitystudio/v4/developer/toolchains/gnu_arm/4.9_2015q3/bin/../lib/gcc/arm-none-eabi/4.9.3/../../../../arm-none-eabi/lib/armv7e-m/fpu\libm.a
START GROUP
LOAD c:/siliconlabs/simplicitystudio/v4/developer/toolchains/gnu_arm/4.9_2015q3/bin/../lib/gcc/arm-none-eabi/4.9.3/armv7e-m/fpu\libgcc.a
LOAD c:/siliconlabs/simplicitystudio/v4/developer/toolchains/gnu_arm/4.9_2015q3/bin/../lib/gcc/arm-none-eabi/4.9.3/../../../../arm-none-eabi/lib/armv7e-m/fpu\libc.a
LOAD c:/siliconlabs/simplicitystudio/v4/developer/toolchains/gnu_arm/4.9_2015q3/bin/../lib/gcc/arm-none-eabi/4.9.3/../../../../arm-none-eabi/lib/armv7e-m/fpu\libnosys.a
END GROUP
START GROUP
LOAD c:/siliconlabs/simplicitystudio/v4/developer/toolchains/gnu_arm/4.9_2015q3/bin/../lib/gcc/arm-none-eabi/4.9.3/armv7e-m/fpu\libgcc.a
LOAD c:/siliconlabs/simplicitystudio/v4/developer/toolchains/gnu_arm/4.9_2015q3/bin/../lib/gcc/arm-none-eabi/4.9.3/../../../../arm-none-eabi/lib/armv7e-m/fpu\libg.a
LOAD c:/siliconlabs/simplicitystudio/v4/developer/toolchains/gnu_arm/4.9_2015q3/bin/../lib/gcc/arm-none-eabi/4.9.3/../../../../arm-none-eabi/lib/armv7e-m/fpu\libc.a
END GROUP
LOAD c:/siliconlabs/simplicitystudio/v4/developer/toolchains/gnu_arm/4.9_2015q3/bin/../lib/gcc/arm-none-eabi/4.9.3/armv7e-m/fpu/crtend.o
LOAD c:/siliconlabs/simplicitystudio/v4/developer/toolchains/gnu_arm/4.9_2015q3/bin/../lib/gcc/arm-none-eabi/4.9.3/armv7e-m/fpu/crtn.o

.text_bootloader
                0x00000000     0x4000
 *(.binbootloader*)
 .binbootloader
                0x00000000      0x31c C:/SiliconLabs/SimplicityStudio/v4/developer/sdks/gecko_sdk_suite/v1.1//protocol/bluetooth_2.4/lib/EFR32BG1B/EABI/binbootloader.o
                0x00004000                . = ALIGN (0x4000)
 *fill*         0x0000031c     0x3ce4 

.text_stack_bin
                0x00004000    0x1ce2f
 *(.binstack*)
 .binstack      0x00004000    0x1ce2f C:/SiliconLabs/SimplicityStudio/v4/developer/sdks/gecko_sdk_suite/v1.1//protocol/bluetooth_2.4/lib/EFR32BG1B/EABI/binstack.o

.text_signature
                0x00020e2f      0x1d1
                0x00020e6f                . = (. + 0x40)
 *fill*         0x00020e2f       0x40 
                0x00021000                . = ALIGN (0x800)
 *fill*         0x00020e6f      0x191 
                0x00021000                __text_start__ = .

.text_app       0x00021000     0x5224
 *(.AAT)
 .AAT           0x00021000       0x80 ./main.o
                0x00021000                AppAddressTable
 *(.vectors)
 .vectors       0x00021080       0xc8 ./device/EFR32_B_1_1_B/gcc/startup_efr32bg1b.o
                0x00021080                __Vectors
                0x00021148                __Vectors_End = .
                0x000000c8                __Vectors_Size = (__Vectors_End - __Vectors)
                0x00021148                __end__ = .
 *(.gecko_configuration)
 *(.xo_configuration)
 *(.gatt_header)
 .gatt_header   0x00021148       0x34 ./gatt_db.o
                0x00021148                bg_gattdb_data
 *(.gatt_data)
 .gatt_data     0x0002117c      0x2e0 ./gatt_db.o
                0x0002117c                bg_gattdb_data_adv_uuid128_map
                0x0002118c                bg_gattdb_data_adv_uuid16_map
                0x00021190                bg_gattdb_data_attributes_dynamic_mapping_map
                0x0002119c                bg_gattdb_data_attributes_map
                0x000212e0                bg_gattdb_data_attribute_field_0
                0x000212e4                bg_gattdb_data_attribute_field_1
                0x000212ec                bg_gattdb_data_attribute_field_2
                0x000212f4                bg_gattdb_data_attribute_field_4
                0x000212f8                bg_gattdb_data_attribute_field_5
                0x00021300                bg_gattdb_data_attribute_field_6
                0x00021308                bg_gattdb_data_attribute_field_7
                0x00021310                bg_gattdb_data_attribute_field_8
                0x00021314                bg_gattdb_data_attribute_field_9
                0x00021318                bg_gattdb_data_attribute_field_10
                0x00021320                bg_gattdb_data_attribute_field_11
                0x00021330                bg_gattdb_data_attribute_field_12
                0x00021338                bg_gattdb_data_attribute_field_13
                0x00021344                bg_gattdb_data_attribute_field_14
                0x0002134c                bg_gattdb_data_attribute_field_15
                0x00021354                bg_gattdb_data_attribute_field_16
                0x00021368                bg_gattdb_data_attribute_field_17
                0x00021380                bg_gattdb_data_attribute_field_18
                0x00021388                bg_gattdb_data_attribute_field_19
                0x0002139c                bg_gattdb_data_attribute_field_20
                0x000213b4                bg_gattdb_data_attribute_field_21
                0x000213bc                bg_gattdb_data_attribute_field_23
                0x000213d4                bg_gattdb_data_attribute_field_24
                0x000213dc                bg_gattdb_data_attribute_field_26
                0x000213f0                bg_gattdb_data_uuidtable_128_map
                0x00021440                bg_gattdb_data_uuidtable_16_map
 *(.application_properties)
 .application_properties
                0x0002145c       0x38 ./application_properties.o
                0x0002145c                applicationProperties
 *(.text*)
 .text          0x00021494       0x5c c:/siliconlabs/simplicitystudio/v4/developer/toolchains/gnu_arm/4.9_2015q3/bin/../lib/gcc/arm-none-eabi/4.9.3/armv7e-m/fpu/crtbegin.o
 .text          0x000214f0       0x74 c:/siliconlabs/simplicitystudio/v4/developer/toolchains/gnu_arm/4.9_2015q3/bin/../lib/gcc/arm-none-eabi/4.9.3/../../../../arm-none-eabi/lib/armv7e-m/fpu/crt0.o
                0x000214f0                _start
                0x000214f0                _mainCRTStartup
 .text.TIMER1_IRQHandler
                0x00021564        0xc ./main.o
                0x00021564                TIMER1_IRQHandler
 .text.ADC0_IRQHandler
                0x00021570       0x24 ./main.o
                0x00021570                ADC0_IRQHandler
 .text.startup.main
                0x00021594      0x1d0 ./main.o
                0x00021594                main
 .text.LDMA_IRQHandler
                0x00021764       0x7c ./bgapi/dmadrv.o
                0x00021764                LDMA_IRQHandler
 .text.ADC_LoadDevinfoCal
                0x000217e0       0xb8 ./bgapi/em_adc.o
 .text.ADC_InitSingle
                0x00021898       0xb8 ./bgapi/em_adc.o
                0x00021898                ADC_InitSingle
 .text.ADC_PrescaleCalc
                0x00021950       0x4c ./bgapi/em_adc.o
                0x00021950                ADC_PrescaleCalc
 .text.ADC_Init
                0x0002199c       0x68 ./bgapi/em_adc.o
                0x0002199c                ADC_Init
 .text.ADC_TimebaseCalc
                0x00021a04       0x30 ./bgapi/em_adc.o
                0x00021a04                ADC_TimebaseCalc
 .text.Default_Handler
                0x00021a34        0x4 ./device/EFR32_B_1_1_B/gcc/startup_efr32bg1b.o
                0x00021a34                DebugMon_Handler
                0x00021a34                USART0_TX_IRQHandler
                0x00021a34                I2C0_IRQHandler
                0x00021a34                HardFault_Handler
                0x00021a34                SysTick_Handler
                0x00021a34                USART1_RX_IRQHandler
                0x00021a34                PendSV_Handler
                0x00021a34                NMI_Handler
                0x00021a34                SYNTH_IRQHandler
                0x00021a34                WDOG0_IRQHandler
                0x00021a34                USART1_TX_IRQHandler
                0x00021a34                MSC_IRQHandler
                0x00021a34                UsageFault_Handler
                0x00021a34                LEUART0_IRQHandler
                0x00021a34                FPUEH_IRQHandler
                0x00021a34                GPIO_EVEN_IRQHandler
                0x00021a34                TIMER0_IRQHandler
                0x00021a34                LETIMER0_IRQHandler
                0x00021a34                RFSENSE_IRQHandler
                0x00021a34                BUFC_IRQHandler
                0x00021a34                MODEM_IRQHandler
                0x00021a34                Default_Handler
                0x00021a34                RAC_SEQ_IRQHandler
                0x00021a34                FRC_PRI_IRQHandler
                0x00021a34                FRC_IRQHandler
                0x00021a34                CRYOTIMER_IRQHandler
                0x00021a34                PCNT0_IRQHandler
                0x00021a34                AGC_IRQHandler
                0x00021a34                ACMP0_IRQHandler
                0x00021a34                USART0_RX_IRQHandler
                0x00021a34                MemManage_Handler
                0x00021a34                SVC_Handler
                0x00021a34                RTCC_IRQHandler
                0x00021a34                CRYPTO_IRQHandler
                0x00021a34                CMU_IRQHandler
                0x00021a34                RAC_RSM_IRQHandler
                0x00021a34                GPIO_ODD_IRQHandler
                0x00021a34                PROTIMER_IRQHandler
                0x00021a34                BusFault_Handler
                0x00021a34                IDAC0_IRQHandler
 .text.Reset_Handler
                0x00021a38       0x34 ./device/EFR32_B_1_1_B/gcc/startup_efr32bg1b.o
                0x00021a38                Reset_Handler
 .text.flashWaitStateControl.isra.0
                0x00021a6c       0x48 ./emlib/em_cmu.o
 .text.CMU_OscillatorTuningSet.part.3
                0x00021ab4       0x3c ./emlib/em_cmu.o
 .text.CMU_ClockEnable
                0x00021af0       0x8c ./emlib/em_cmu.o
                0x00021af0                CMU_ClockEnable
 .text.CMU_ClockSelectGet
                0x00021b7c       0xcc ./emlib/em_cmu.o
                0x00021b7c                CMU_ClockSelectGet
 .text.lfClkGet
                0x00021c48       0x94 ./emlib/em_cmu.o
 .text.CMU_ClockFreqGet
                0x00021cdc      0x160 ./emlib/em_cmu.o
                0x00021cdc                CMU_ClockFreqGet
 .text.CMU_HFXOAutostartEnable
                0x00021e3c       0x74 ./emlib/em_cmu.o
                0x00021e3c                CMU_HFXOAutostartEnable
 .text.CMU_OscillatorTuningWait
                0x00021eb0       0x5c ./emlib/em_cmu.o
                0x00021eb0                CMU_OscillatorTuningWait
 .text.CMU_OscillatorEnable
                0x00021f0c      0x110 ./emlib/em_cmu.o
                0x00021f0c                CMU_OscillatorEnable
 .text.CMU_ClockSelectSet
                0x0002201c      0x200 ./emlib/em_cmu.o
                0x0002201c                CMU_ClockSelectSet
 .text.CMU_HFXOInit
                0x0002221c       0x88 ./emlib/em_cmu.o
                0x0002221c                CMU_HFXOInit
 .text.CMU_LFXOInit
                0x000222a4       0x40 ./emlib/em_cmu.o
                0x000222a4                CMU_LFXOInit
 .text.GPIO_PinModeSet
                0x000222e4       0x84 ./emlib/em_gpio.o
                0x000222e4                GPIO_PinModeSet
 .text.RTCC_Init
                0x00022368       0x48 ./emlib/em_rtcc.o
                0x00022368                RTCC_Init
 .text.SYSTEM_ChipRevisionGet
                0x000223b0       0x34 ./emlib/em_system.o
                0x000223b0                SYSTEM_ChipRevisionGet
 .text.TIMER_Init
                0x000223e4       0xb0 ./emlib/em_timer.o
                0x000223e4                TIMER_Init
 .text.TIMER_InitCC
                0x00022494       0x84 ./emlib/em_timer.o
                0x00022494                TIMER_InitCC
 .text.EMU_enter_DefaultMode_from_RESET
                0x00022518       0x74 ./src/InitDevice.o
                0x00022518                EMU_enter_DefaultMode_from_RESET
 .text.CMU_enter_DefaultMode_from_RESET
                0x0002258c      0x134 ./src/InitDevice.o
                0x0002258c                CMU_enter_DefaultMode_from_RESET
 .text.ADC0_enter_DefaultMode_from_RESET
                0x000226c0       0x80 ./src/InitDevice.o
                0x000226c0                ADC0_enter_DefaultMode_from_RESET
 .text.RTCC_enter_DefaultMode_from_RESET
                0x00022740       0x44 ./src/InitDevice.o
                0x00022740                RTCC_enter_DefaultMode_from_RESET
 .text.TIMER1_enter_DefaultMode_from_RESET
                0x00022784      0x130 ./src/InitDevice.o
                0x00022784                TIMER1_enter_DefaultMode_from_RESET
 .text.PORTIO_enter_DefaultMode_from_RESET
                0x000228b4       0x44 ./src/InitDevice.o
                0x000228b4                PORTIO_enter_DefaultMode_from_RESET
 .text.enter_DefaultMode_from_RESET
                0x000228f8       0xac ./src/InitDevice.o
                0x000228f8                enter_DefaultMode_from_RESET
 .text          0x000229a4       0x18 C:/SiliconLabs/SimplicityStudio/v4/developer/sdks/gecko_sdk_suite/v1.1//protocol/bluetooth_2.4/lib/EFR32BG1B/GCC/bgapi.a(gecko_bgapi_hardware.c.obj)
                0x000229a4                gecko_bgapi_class_hardware_init
 .text          0x000229bc       0x18 C:/SiliconLabs/SimplicityStudio/v4/developer/sdks/gecko_sdk_suite/v1.1//protocol/bluetooth_2.4/lib/EFR32BG1B/GCC/bgapi.a(gecko_bgapi_test.c.obj)
                0x000229bc                gecko_bgapi_class_test_init
 .text          0x000229d4       0x18 C:/SiliconLabs/SimplicityStudio/v4/developer/sdks/gecko_sdk_suite/v1.1//protocol/bluetooth_2.4/lib/EFR32BG1B/GCC/bgapi.a(gecko_bgapi_dfu.c.obj)
                0x000229d4                gecko_bgapi_class_dfu_init
 .text          0x000229ec       0x18 C:/SiliconLabs/SimplicityStudio/v4/developer/sdks/gecko_sdk_suite/v1.1//protocol/bluetooth_2.4/lib/EFR32BG1B/GCC/bgapi.a(gecko_bgapi_gap.c.obj)
                0x000229ec                gecko_bgapi_class_le_gap_init
 .text          0x00022a04       0x18 C:/SiliconLabs/SimplicityStudio/v4/developer/sdks/gecko_sdk_suite/v1.1//protocol/bluetooth_2.4/lib/EFR32BG1B/GCC/bgapi.a(gecko_bgapi_gatt.c.obj)
                0x00022a04                gecko_bgapi_class_gatt_init
 .text          0x00022a1c       0x18 C:/SiliconLabs/SimplicityStudio/v4/developer/sdks/gecko_sdk_suite/v1.1//protocol/bluetooth_2.4/lib/EFR32BG1B/GCC/bgapi.a(gecko_bgapi_gatt_server.c.obj)
                0x00022a1c                gecko_bgapi_class_gatt_server_init
 .text          0x00022a34       0x18 C:/SiliconLabs/SimplicityStudio/v4/developer/sdks/gecko_sdk_suite/v1.1//protocol/bluetooth_2.4/lib/EFR32BG1B/GCC/bgapi.a(gecko_bgapi_flash.c.obj)
                0x00022a34                gecko_bgapi_class_flash_init
 .text          0x00022a4c       0x18 C:/SiliconLabs/SimplicityStudio/v4/developer/sdks/gecko_sdk_suite/v1.1//protocol/bluetooth_2.4/lib/EFR32BG1B/GCC/bgapi.a(gecko_bgapi_sm.c.obj)
                0x00022a4c                gecko_bgapi_class_sm_init
 .text          0x00022a64       0x18 C:/SiliconLabs/SimplicityStudio/v4/developer/sdks/gecko_sdk_suite/v1.1//protocol/bluetooth_2.4/lib/EFR32BG1B/GCC/bgapi.a(gecko_bgapi_system.c.obj)
                0x00022a64                gecko_bgapi_class_system_init
 .text          0x00022a7c       0x18 C:/SiliconLabs/SimplicityStudio/v4/developer/sdks/gecko_sdk_suite/v1.1//protocol/bluetooth_2.4/lib/EFR32BG1B/GCC/bgapi.a(gecko_bgapi_endpoint.c.obj)
                0x00022a7c                gecko_bgapi_class_endpoint_init
 .text          0x00022a94       0x18 C:/SiliconLabs/SimplicityStudio/v4/developer/sdks/gecko_sdk_suite/v1.1//protocol/bluetooth_2.4/lib/EFR32BG1B/GCC/bgapi.a(gecko_bgapi_le_connection.c.obj)
                0x00022a94                gecko_bgapi_class_le_connection_init
 .text          0x00022aac      0x1d0 C:/SiliconLabs/SimplicityStudio/v4/developer/sdks/gecko_sdk_suite/v1.1//protocol/bluetooth_2.4/lib/EFR32BG1B/GCC/bgapi.a(bgapi_hardware.c.obj)
                0x00022aac                soft_timer_comparison
                0x00022b40                bgapi_hardware_soft_timer_listener
                0x00022b80                lib_hardware_handler_init
                0x00022b94                gecko_cmd_hardware_set_soft_timer
                0x00022bd4                gecko_cmd_hardware_set_lazy_soft_timer
                0x00022c14                gecko_cmd_hardware_get_time
                0x00022c48                gecko_cmd_hardware_enable_dcdc
 .text          0x00022c7c      0x2f0 C:/SiliconLabs/SimplicityStudio/v4/developer/sdks/gecko_sdk_suite/v1.1//protocol/bluetooth_2.4/lib/EFR32BG1B/GCC/bgapi.a(bgapi_test_lib.c.obj)
                0x00022ca8                lib_test_handler_init
                0x00022cbc                disable_interrupts
                0x00022ce0                gecko_cmd_test_dtm_tx
                0x00022d70                gecko_cmd_test_dtm_rx
                0x00022dbc                gecko_cmd_test_dtm_end
                0x00022e20                gecko_cmd_test_debug_command
                0x00022ef0                gecko_cmd_test_debug_counter
 .text          0x00022f6c       0x8c C:/SiliconLabs/SimplicityStudio/v4/developer/sdks/gecko_sdk_suite/v1.1//protocol/bluetooth_2.4/lib/EFR32BG1B/GCC/bgapi.a(bgapi_dfu.c.obj)
                0x00022f6c                lib_dfu_handler_init
                0x00022f6e                gecko_cmd_dfu_reset
                0x00022f74                gecko_cmd_dfu_flash_set_address
                0x00022fa0                gecko_cmd_dfu_flash_upload
                0x00022fcc                gecko_cmd_dfu_flash_upload_finish
 .text          0x00022ff8      0x338 C:/SiliconLabs/SimplicityStudio/v4/developer/sdks/gecko_sdk_suite/v1.1//protocol/bluetooth_2.4/lib/EFR32BG1B/GCC/bgapi.a(bgapi_gap.c.obj)
                0x00022ff8                lib_le_gap_handler_init
                0x00022ffa                gecko_cmd_le_gap_set_mode
                0x00023040                gecko_cmd_le_gap_bt5_set_mode
                0x00023084                gecko_cmd_le_gap_set_adv_data
                0x000230b8                gecko_cmd_le_gap_bt5_set_adv_data
                0x000230ec                gecko_cmd_le_gap_set_adv_timeout
                0x00023140                gecko_cmd_le_gap_open
                0x000231a4                gecko_cmd_le_gap_discover
                0x000231d0                gecko_cmd_le_gap_end_procedure
                0x000231fc                gecko_cmd_le_gap_set_adv_parameters
                0x00023230                gecko_cmd_le_gap_bt5_set_adv_parameters
                0x0002326c                gecko_cmd_le_gap_set_scan_parameters
                0x0002329c                gecko_cmd_le_gap_set_conn_parameters
                0x000232d4                gecko_cmd_le_gap_set_phy
                0x00023300                gecko_cmd_le_gap_set_privacy_mode
 .text          0x00023330      0x6c4 C:/SiliconLabs/SimplicityStudio/v4/developer/sdks/gecko_sdk_suite/v1.1//protocol/bluetooth_2.4/lib/EFR32BG1B/GCC/bgapi.a(bgapi_gatt_lib.c.obj)
                0x00023330                lib_gatt_handler_init
                0x00023334                lib_gatt_server_handler_init
                0x00023336                gecko_cmd_gatt_set_max_mtu
                0x00023370                gecko_cmd_gatt_discover_primary_services
                0x000233a0                gecko_cmd_gatt_discover_primary_services_by_uuid
                0x000233dc                gecko_cmd_gatt_find_included_services
                0x00023410                gecko_cmd_gatt_discover_characteristics
                0x00023444                gecko_cmd_gatt_discover_characteristics_by_uuid
                0x00023484                gecko_cmd_gatt_read_characteristic_value
                0x000234bc                gecko_cmd_gatt_read_characteristic_value_from_offset
                0x000234f8                gecko_cmd_gatt_read_characteristic_value_by_uuid
                0x00023538                gecko_cmd_gatt_read_multiple_characteristic_values
                0x0002356c                gecko_cmd_gatt_write_characteristic_value
                0x000235a4                gecko_cmd_gatt_write_characteristic_value_without_response
                0x000235e8                gecko_cmd_gatt_prepare_characteristic_value_write
                0x00023638                gecko_cmd_gatt_execute_characteristic_value_write
                0x0002366c                gecko_cmd_gatt_set_characteristic_notification
                0x000236a4                gecko_cmd_gatt_discover_descriptors
                0x000236d8                gecko_cmd_gatt_read_descriptor_value
                0x0002370c                gecko_cmd_gatt_write_descriptor_value
                0x00023744                gecko_cmd_gatt_server_read_attribute_value
                0x0002378c                gecko_cmd_gatt_server_read_attribute_type
                0x000237d0                gecko_cmd_gatt_server_find_attribute
                0x0002380c                gecko_cmd_gatt_server_write_attribute_value
                0x00023840                gecko_cmd_gatt_server_send_user_read_response
                0x00023890                gecko_cmd_gatt_server_send_user_write_response
                0x000238c8                gecko_cmd_gatt_server_send_characteristic_notification
                0x00023914                gecko_cmd_gatt_send_characteristic_confirmation
                0x00023944                gecko_cmd_gatt_server_set_database
                0x00023974                gecko_cmd_gatt_server_set_capabilities
                0x000239a4                gecko_cmd_gatt_prepare_characteristic_value_reliable_write
 .text          0x000239f4      0x1d0 C:/SiliconLabs/SimplicityStudio/v4/developer/sdks/gecko_sdk_suite/v1.1//protocol/bluetooth_2.4/lib/EFR32BG1B/GCC/bgapi.a(bgapi_ps.c.obj)
                0x000239f4                bgapi_ps_dump_listener
                0x00023a34                lib_flash_handler_init
                0x00023a48                gecko_cmd_flash_ps_dump
                0x00023ae0                gecko_cmd_flash_ps_erase_all
                0x00023b10                gecko_cmd_flash_ps_save
                0x00023b4c                gecko_cmd_flash_ps_load
                0x00023b90                gecko_cmd_flash_ps_erase
 .text          0x00023bc4      0x3cc C:/SiliconLabs/SimplicityStudio/v4/developer/sdks/gecko_sdk_suite/v1.1//protocol/bluetooth_2.4/lib/EFR32BG1B/GCC/bgapi.a(bgapi_sm.c.obj)
                0x00023c8c                lib_sm_handler_init
                0x00023ca0                gecko_cmd_sm_list_all_bondings
                0x00023cd8                gecko_cmd_sm_increase_security
                0x00023d08                gecko_cmd_sm_set_bondable_mode
                0x00023d34                gecko_cmd_sm_delete_bonding
                0x00023d64                gecko_cmd_sm_delete_bondings
                0x00023d94                gecko_cmd_sm_configure
                0x00023dc4                gecko_cmd_sm_enter_passkey
                0x00023df8                gecko_cmd_sm_set_passkey
                0x00023e24                gecko_cmd_sm_passkey_confirm
                0x00023e58                gecko_cmd_sm_set_oob_data
                0x00023e88                gecko_cmd_sm_set_sc_remote_oob_data
                0x00023eb8                gecko_cmd_sm_use_sc_oob
                0x00023ef8                gecko_cmd_sm_store_bonding_configuration
                0x00023f2c                gecko_cmd_sm_bonding_confirm
                0x00023f60                gecko_cmd_sm_set_debug_mode
 .text          0x00023f90      0x1d8 C:/SiliconLabs/SimplicityStudio/v4/developer/sdks/gecko_sdk_suite/v1.1//protocol/bluetooth_2.4/lib/EFR32BG1B/GCC/bgapi.a(bgapi_system.c.obj)
                0x00023f90                bgapi_system_listener
                0x00023fc0                lib_system_handler_init
                0x00023fd4                gecko_cmd_system_get_bt_address
                0x0002400c                gecko_cmd_system_set_bt_address
                0x00024040                gecko_cmd_system_set_device_name
                0x0002407c                gecko_cmd_system_get_random_data
                0x000240c4                gecko_cmd_system_halt
                0x000240f8                gecko_cmd_system_set_tx_power
                0x00024128                gecko_cmd_system_hello
                0x00024150                gecko_cmd_system_reset
                0x00024156                gecko_send_system_awake
 .text          0x00024168      0x1ac C:/SiliconLabs/SimplicityStudio/v4/developer/sdks/gecko_sdk_suite/v1.1//protocol/bluetooth_2.4/lib/EFR32BG1B/GCC/bgapi.a(bgapi_endpoint.c.obj)
                0x00024168                lib_endpoint_handler_init
                0x0002416a                gecko_cmd_endpoint_send
                0x00024214                gecko_cmd_endpoint_set_streaming_destination
                0x0002426c                gecko_cmd_endpoint_close
                0x000242c8                gecko_cmd_endpoint_set_flags
                0x000242ca                gecko_cmd_endpoint_clr_flags
                0x000242cc                gecko_cmd_endpoint_read_counters
 .text          0x00024314      0x104 C:/SiliconLabs/SimplicityStudio/v4/developer/sdks/gecko_sdk_suite/v1.1//protocol/bluetooth_2.4/lib/EFR32BG1B/GCC/bgapi.a(bgapi_le_connection.c.obj)
                0x00024314                lib_le_connection_handler_init
                0x00024316                gecko_cmd_le_connection_set_parameters
                0x00024364                gecko_cmd_le_connection_get_rssi
                0x00024394                gecko_cmd_le_connection_disable_slave_latency
                0x000243dc                gecko_cmd_le_connection_set_phy
 .text          0x00024418      0xdf0 C:/SiliconLabs/SimplicityStudio/v4/developer/sdks/gecko_sdk_suite/v1.1//protocol/bluetooth_2.4/lib/EFR32BG1B/GCC/bgapi.a(gatt_client.c.obj)
                0x00024680                gatt_discover_primary_services
                0x000246be                gatt_discover_primary_services_by_uuid
                0x00024714                gatt_find_included_services
                0x00024764                gatt_find_included_services_handler
                0x00024814                gatt_discover_characteristics
                0x00024836                gatt_discover_characteristics_by_uuid
                0x00024878                gatt_discover_descriptors
                0x000248b4                gatt_read_characteristic_value
                0x000248ec                gatt_read_characteristic_value_by_uuid
                0x00024926                gatt_read_multiple_characteristic_values
                0x0002494a                gatt_write_characteristic_value
                0x00024970                gatt_write_characteristic_value_without_response
                0x0002498a                gatt_prepare_characteristic_value_write
                0x00024a00                gatt_execute_characteristic_value_write
                0x00024a22                gatt_set_characteristic_notification
                0x00024a62                gatt_read_descriptor_value
                0x00024a8a                gatt_write_descriptor_value
                0x00024ab0                gatt_handle_exchange_mtu_rsp
                0x00024acc                gatt_handle_find_information_response
                0x00024c1e                gatt_handle_find_by_type_value_response
                0x00024cba                gatt_handle_read_response
                0x00024e18                gatt_handle_read_blob_response
                0x00024e4e                gatt_handle_read_multiple_response
                0x00024e8a                gatt_handle_read_by_type_response
                0x00024fd4                gatt_handle_read_by_group_type_response
                0x0002507c                gatt_handle_write_response
                0x00025090                gatt_handle_prepare_write_response
                0x00025182                gatt_handle_execute_write_response
                0x000251ba                gatt_client_handle_value_notification
                0x000251cc                gatt_client_handle_value_indication
                0x000251e0                gatt_send_characteristic_confirmation
                0x000251fe                gatt_client_init
 .text          0x00025208      0x250 C:/SiliconLabs/SimplicityStudio/v4/developer/sdks/gecko_sdk_suite/v1.1//protocol/bluetooth_2.4/lib/EFR32BG1B/GCC/bgapi.a(ubt_gatt_client.c.obj)
                0x00025208                ubt_gatt_discover_primary_services
                0x0002521e                ubt_gatt_discover_primary_services_by_uuid
                0x0002524a                ubt_gatt_find_included_services
                0x00025264                ubt_gatt_discover_characteristics
                0x0002527e                ubt_gatt_discover_characteristics_by_uuid
                0x000252ae                ubt_gatt_discover_descriptors
                0x000252c8                ubt_gatt_read_characteristic_value
                0x000252ea                ubt_gatt_read_characteristic_value_by_uuid
                0x0002531a                ubt_gatt_read_multiple_characteristic_values
                0x00025338                ubt_gatt_write_characteristic_value
                0x0002535a                ubt_gatt_write_characteristic_value_without_response
                0x00025394                ubt_gatt_prepare_characteristic_value_write
                0x000253ce                ubt_gatt_execute_characteristic_value_write
                0x000253e8                ubt_gatt_send_characteristic_confirmation
                0x000253fe                ubt_gatt_read_descriptor_value
                0x00025418                ubt_gatt_write_descriptor_value
                0x0002543a                ubt_gatt_set_characteristic_notification
 .text          0x00025458      0x4ec C:/SiliconLabs/SimplicityStudio/v4/developer/sdks/gecko_sdk_suite/v1.1//protocol/bluetooth_2.4/lib/EFR32BG1B/GCC/bgapi.a(att_client.c.obj)
                0x00025458                att_send_find_information_request
                0x0002547e                att_send_find_by_type_value_request
                0x000254b0                att_send_read_by_type_request
                0x000254dc                att_send_read_request
                0x000254fc                att_send_read_blob_request
                0x00025522                att_send_read_multiple_request
                0x0002554e                att_send_read_by_group_type_request
                0x0002557a                att_send_write_request
                0x000255a6                att_send_write_command
                0x000255d2                att_send_signed_write_command
                0x0002560c                att_send_prepare_write_request
                0x00025648                att_send_execute_write_request
                0x00025666                att_send_handle_value_confirmation
                0x0002567e                validate_gatt_client_pdu_len
                0x00025738                att_gatt_client_handler
 .text.exit     0x00025944       0x20 c:/siliconlabs/simplicitystudio/v4/developer/toolchains/gnu_arm/4.9_2015q3/bin/../lib/gcc/arm-none-eabi/4.9.3/../../../../arm-none-eabi/lib/armv7e-m/fpu\libc.a(lib_a-exit.o)
                0x00025944                exit
 .text.__libc_init_array
                0x00025964       0x50 c:/siliconlabs/simplicitystudio/v4/developer/toolchains/gnu_arm/4.9_2015q3/bin/../lib/gcc/arm-none-eabi/4.9.3/../../../../arm-none-eabi/lib/armv7e-m/fpu\libc.a(lib_a-init.o)
                0x00025964                __libc_init_array
 .text.memcmp   0x000259b4       0x64 c:/siliconlabs/simplicitystudio/v4/developer/toolchains/gnu_arm/4.9_2015q3/bin/../lib/gcc/arm-none-eabi/4.9.3/../../../../arm-none-eabi/lib/armv7e-m/fpu\libc.a(lib_a-memcmp.o)
                0x000259b4                memcmp
 .text          0x00025a18      0x134 c:/siliconlabs/simplicitystudio/v4/developer/toolchains/gnu_arm/4.9_2015q3/bin/../lib/gcc/arm-none-eabi/4.9.3/../../../../arm-none-eabi/lib/armv7e-m/fpu\libc.a(lib_a-memcpy.o)
                0x00025a18                memcpy
 .text.memset   0x00025b4c       0x9c c:/siliconlabs/simplicitystudio/v4/developer/toolchains/gnu_arm/4.9_2015q3/bin/../lib/gcc/arm-none-eabi/4.9.3/../../../../arm-none-eabi/lib/armv7e-m/fpu\libc.a(lib_a-memset.o)
                0x00025b4c                memset
 .text.startup.register_fini
                0x00025be8       0x14 c:/siliconlabs/simplicitystudio/v4/developer/toolchains/gnu_arm/4.9_2015q3/bin/../lib/gcc/arm-none-eabi/4.9.3/../../../../arm-none-eabi/lib/armv7e-m/fpu\libc.a(lib_a-__call_atexit.o)
 .text.__call_exitprocs
                0x00025bfc       0xd4 c:/siliconlabs/simplicitystudio/v4/developer/toolchains/gnu_arm/4.9_2015q3/bin/../lib/gcc/arm-none-eabi/4.9.3/../../../../arm-none-eabi/lib/armv7e-m/fpu\libc.a(lib_a-__call_atexit.o)
                0x00025bfc                __call_exitprocs
 .text.atexit   0x00025cd0        0xc c:/siliconlabs/simplicitystudio/v4/developer/toolchains/gnu_arm/4.9_2015q3/bin/../lib/gcc/arm-none-eabi/4.9.3/../../../../arm-none-eabi/lib/armv7e-m/fpu\libc.a(lib_a-atexit.o)
                0x00025cd0                atexit
 .text.__libc_fini_array
                0x00025cdc       0x2c c:/siliconlabs/simplicitystudio/v4/developer/toolchains/gnu_arm/4.9_2015q3/bin/../lib/gcc/arm-none-eabi/4.9.3/../../../../arm-none-eabi/lib/armv7e-m/fpu\libc.a(lib_a-fini.o)
                0x00025cdc                __libc_fini_array
 .text.__register_exitproc
                0x00025d08       0xa4 c:/siliconlabs/simplicitystudio/v4/developer/toolchains/gnu_arm/4.9_2015q3/bin/../lib/gcc/arm-none-eabi/4.9.3/../../../../arm-none-eabi/lib/armv7e-m/fpu\libc.a(lib_a-__atexit.o)
                0x00025d08                __register_exitproc
 .text._exit    0x00025dac        0x4 c:/siliconlabs/simplicitystudio/v4/developer/toolchains/gnu_arm/4.9_2015q3/bin/../lib/gcc/arm-none-eabi/4.9.3/../../../../arm-none-eabi/lib/armv7e-m/fpu\libnosys.a(_exit.o)
                0x00025dac                _exit
 *(.init)
 .init          0x00025db0        0x4 c:/siliconlabs/simplicitystudio/v4/developer/toolchains/gnu_arm/4.9_2015q3/bin/../lib/gcc/arm-none-eabi/4.9.3/armv7e-m/fpu/crti.o
                0x00025db0                _init
 .init          0x00025db4        0x8 c:/siliconlabs/simplicitystudio/v4/developer/toolchains/gnu_arm/4.9_2015q3/bin/../lib/gcc/arm-none-eabi/4.9.3/armv7e-m/fpu/crtn.o
 *(.fini)
 .fini          0x00025dbc        0x4 c:/siliconlabs/simplicitystudio/v4/developer/toolchains/gnu_arm/4.9_2015q3/bin/../lib/gcc/arm-none-eabi/4.9.3/armv7e-m/fpu/crti.o
                0x00025dbc                _fini
 .fini          0x00025dc0        0x8 c:/siliconlabs/simplicitystudio/v4/developer/toolchains/gnu_arm/4.9_2015q3/bin/../lib/gcc/arm-none-eabi/4.9.3/armv7e-m/fpu/crtn.o
 *crtbegin.o(.ctors)
 *crtbegin?.o(.ctors)
 *(EXCLUDE_FILE(*crtend.o *crtend?.o) .ctors)
 *(SORT(.ctors.*))
 *(.ctors)
 *crtbegin.o(.dtors)
 *crtbegin?.o(.dtors)
 *(EXCLUDE_FILE(*crtend.o *crtend?.o) .dtors)
 *(SORT(.dtors.*))
 *(.dtors)
 *(.rodata*)
 .rodata.ptiInit
                0x00025dc8       0x24 ./main.o
 .rodata.config
                0x00025dec       0x38 ./main.o
 .rodata.str1.4
                0x00025e24        0x4 ./main.o
 .rodata.CSWTCH.45
                0x00025e28        0xc ./emlib/em_cmu.o
 .rodata.CSWTCH.46
                0x00025e34       0x10 ./emlib/em_cmu.o
 .rodata.CSWTCH.47
                0x00025e44       0x10 ./emlib/em_cmu.o
 .rodata.CSWTCH.48
                0x00025e54       0x10 ./emlib/em_cmu.o
 .rodata        0x00025e64       0x50 ./src/InitDevice.o
 .rodata        0x00025eb4       0x28 C:/SiliconLabs/SimplicityStudio/v4/developer/sdks/gecko_sdk_suite/v1.1//protocol/bluetooth_2.4/lib/EFR32BG1B/GCC/bgapi.a(gecko_bgapi_hardware.c.obj)
 .rodata        0x00025edc       0x30 C:/SiliconLabs/SimplicityStudio/v4/developer/sdks/gecko_sdk_suite/v1.1//protocol/bluetooth_2.4/lib/EFR32BG1B/GCC/bgapi.a(gecko_bgapi_test.c.obj)
 .rodata        0x00025f0c       0x28 C:/SiliconLabs/SimplicityStudio/v4/developer/sdks/gecko_sdk_suite/v1.1//protocol/bluetooth_2.4/lib/EFR32BG1B/GCC/bgapi.a(gecko_bgapi_dfu.c.obj)
 .rodata        0x00025f34       0x78 C:/SiliconLabs/SimplicityStudio/v4/developer/sdks/gecko_sdk_suite/v1.1//protocol/bluetooth_2.4/lib/EFR32BG1B/GCC/bgapi.a(gecko_bgapi_gap.c.obj)
 .rodata        0x00025fac       0xa8 C:/SiliconLabs/SimplicityStudio/v4/developer/sdks/gecko_sdk_suite/v1.1//protocol/bluetooth_2.4/lib/EFR32BG1B/GCC/bgapi.a(gecko_bgapi_gatt.c.obj)
 .rodata        0x00026054       0x50 C:/SiliconLabs/SimplicityStudio/v4/developer/sdks/gecko_sdk_suite/v1.1//protocol/bluetooth_2.4/lib/EFR32BG1B/GCC/bgapi.a(gecko_bgapi_gatt_server.c.obj)
 .rodata        0x000260a4       0x30 C:/SiliconLabs/SimplicityStudio/v4/developer/sdks/gecko_sdk_suite/v1.1//protocol/bluetooth_2.4/lib/EFR32BG1B/GCC/bgapi.a(gecko_bgapi_flash.c.obj)
 .rodata        0x000260d4       0x80 C:/SiliconLabs/SimplicityStudio/v4/developer/sdks/gecko_sdk_suite/v1.1//protocol/bluetooth_2.4/lib/EFR32BG1B/GCC/bgapi.a(gecko_bgapi_sm.c.obj)
 .rodata        0x00026154       0x48 C:/SiliconLabs/SimplicityStudio/v4/developer/sdks/gecko_sdk_suite/v1.1//protocol/bluetooth_2.4/lib/EFR32BG1B/GCC/bgapi.a(gecko_bgapi_system.c.obj)
 .rodata        0x0002619c       0x38 C:/SiliconLabs/SimplicityStudio/v4/developer/sdks/gecko_sdk_suite/v1.1//protocol/bluetooth_2.4/lib/EFR32BG1B/GCC/bgapi.a(gecko_bgapi_endpoint.c.obj)
 .rodata        0x000261d4       0x28 C:/SiliconLabs/SimplicityStudio/v4/developer/sdks/gecko_sdk_suite/v1.1//protocol/bluetooth_2.4/lib/EFR32BG1B/GCC/bgapi.a(gecko_bgapi_le_connection.c.obj)
 .rodata        0x000261fc       0x18 C:/SiliconLabs/SimplicityStudio/v4/developer/sdks/gecko_sdk_suite/v1.1//protocol/bluetooth_2.4/lib/EFR32BG1B/GCC/bgapi.a(bgapi_sm.c.obj)
 .rodata        0x00026214        0x4 C:/SiliconLabs/SimplicityStudio/v4/developer/sdks/gecko_sdk_suite/v1.1//protocol/bluetooth_2.4/lib/EFR32BG1B/GCC/bgapi.a(gatt_client.c.obj)
 .rodata.str1.4
                0x00026218        0x4 c:/siliconlabs/simplicitystudio/v4/developer/toolchains/gnu_arm/4.9_2015q3/bin/../lib/gcc/arm-none-eabi/4.9.3/../../../../arm-none-eabi/lib/armv7e-m/fpu\libc.a(lib_a-impure.o)
                                  0x2 (size before relaxing)
 .rodata._global_impure_ptr
                0x0002621c        0x4 c:/siliconlabs/simplicitystudio/v4/developer/toolchains/gnu_arm/4.9_2015q3/bin/../lib/gcc/arm-none-eabi/4.9.3/../../../../arm-none-eabi/lib/armv7e-m/fpu\libc.a(lib_a-impure.o)
                0x0002621c                _global_impure_ptr
 *(.eh_frame*)
 .eh_frame      0x00026220        0x0 c:/siliconlabs/simplicitystudio/v4/developer/toolchains/gnu_arm/4.9_2015q3/bin/../lib/gcc/arm-none-eabi/4.9.3/armv7e-m/fpu/crtbegin.o
 .eh_frame      0x00026220        0x4 c:/siliconlabs/simplicitystudio/v4/developer/toolchains/gnu_arm/4.9_2015q3/bin/../lib/gcc/arm-none-eabi/4.9.3/armv7e-m/fpu/crtend.o
                0x00026224                . = ALIGN (0x4)

.glue_7         0x00026224        0x0
 .glue_7        0x00000000        0x0 linker stubs

.glue_7t        0x00026224        0x0
 .glue_7t       0x00000000        0x0 linker stubs

.vfp11_veneer   0x00026224        0x0
 .vfp11_veneer  0x00000000        0x0 linker stubs

.v4_bx          0x00026224        0x0
 .v4_bx         0x00000000        0x0 linker stubs

.iplt           0x00026224        0x0
 .iplt          0x00000000        0x0 c:/siliconlabs/simplicitystudio/v4/developer/toolchains/gnu_arm/4.9_2015q3/bin/../lib/gcc/arm-none-eabi/4.9.3/armv7e-m/fpu/crtbegin.o

.igot.plt       0x00026224        0x0
 .igot.plt      0x00000000        0x0 c:/siliconlabs/simplicitystudio/v4/developer/toolchains/gnu_arm/4.9_2015q3/bin/../lib/gcc/arm-none-eabi/4.9.3/armv7e-m/fpu/crtbegin.o

.text_app_ARM.extab
 *(.ARM.extab* .gnu.linkonce.armextab.*)
                0x00026224                __exidx_start = .

.text_app_ARM.exidx
                0x00026224        0x8
 *(.ARM.exidx* .gnu.linkonce.armexidx.*)
 .ARM.exidx     0x00026224        0x8 c:/siliconlabs/simplicitystudio/v4/developer/toolchains/gnu_arm/4.9_2015q3/bin/../lib/gcc/arm-none-eabi/4.9.3/../../../../arm-none-eabi/lib/armv7e-m/fpu/crt0.o
                0x0002622c                __exidx_end = .
                0x0002622c                __etext = .

.rel.dyn        0x0002622c        0x0
 .rel.iplt      0x00000000        0x0 c:/siliconlabs/simplicitystudio/v4/developer/toolchains/gnu_arm/4.9_2015q3/bin/../lib/gcc/arm-none-eabi/4.9.3/armv7e-m/fpu/crtbegin.o

.text_app_data  0x20003000      0x458 load address 0x0002622c
                0x20003000                __data_start__ = .
 *(vtable)
 *(.data*)
 .data.bg_gattdb_data_attribute_field_21_data
                0x20003000        0x1 ./gatt_db.o
                0x20003000                bg_gattdb_data_attribute_field_21_data
 *fill*         0x20003001        0x3 
 .data.bg_gattdb_data_attribute_field_6_data
                0x20003004        0xd ./gatt_db.o
                0x20003004                bg_gattdb_data_attribute_field_6_data
 *fill*         0x20003011        0x3 
 .data.bg_gattdb_data_attribute_field_24_data
                0x20003014        0x1 ./gatt_db.o
                0x20003014                bg_gattdb_data_attribute_field_24_data
 *fill*         0x20003015        0x3 
 .data.auxHfrcoFreq
                0x20003018        0x4 ./emlib/em_cmu.o
 *fill*         0x2000301c        0x4 
 .data.impure_data
                0x20003020      0x428 c:/siliconlabs/simplicitystudio/v4/developer/toolchains/gnu_arm/4.9_2015q3/bin/../lib/gcc/arm-none-eabi/4.9.3/../../../../arm-none-eabi/lib/armv7e-m/fpu\libc.a(lib_a-impure.o)
                0x20003448                . = ALIGN (0x4)
 *(.ram)
                0x20003448                . = ALIGN (0x4)
                0x20003448                PROVIDE (__preinit_array_start, .)
 *(.preinit_array)
                0x20003448                PROVIDE (__preinit_array_end, .)
                0x20003448                . = ALIGN (0x4)
                0x20003448                PROVIDE (__init_array_start, .)
 *(SORT(.init_array.*))
 .init_array.00000
                0x20003448        0x4 c:/siliconlabs/simplicitystudio/v4/developer/toolchains/gnu_arm/4.9_2015q3/bin/../lib/gcc/arm-none-eabi/4.9.3/../../../../arm-none-eabi/lib/armv7e-m/fpu\libc.a(lib_a-__call_atexit.o)
 *(.init_array)
 .init_array    0x2000344c        0x4 c:/siliconlabs/simplicitystudio/v4/developer/toolchains/gnu_arm/4.9_2015q3/bin/../lib/gcc/arm-none-eabi/4.9.3/armv7e-m/fpu/crtbegin.o
                0x20003450                PROVIDE (__init_array_end, .)
                0x20003450                . = ALIGN (0x4)
                0x20003450                PROVIDE (__fini_array_start, .)
 *(SORT(.fini_array.*))
 *(.fini_array)
 .fini_array    0x20003450        0x4 c:/siliconlabs/simplicitystudio/v4/developer/toolchains/gnu_arm/4.9_2015q3/bin/../lib/gcc/arm-none-eabi/4.9.3/armv7e-m/fpu/crtbegin.o
                0x20003454                PROVIDE (__fini_array_end, .)
 *(.jcr*)
 .jcr           0x20003454        0x0 c:/siliconlabs/simplicitystudio/v4/developer/toolchains/gnu_arm/4.9_2015q3/bin/../lib/gcc/arm-none-eabi/4.9.3/armv7e-m/fpu/crtbegin.o
 .jcr           0x20003454        0x4 c:/siliconlabs/simplicitystudio/v4/developer/toolchains/gnu_arm/4.9_2015q3/bin/../lib/gcc/arm-none-eabi/4.9.3/armv7e-m/fpu/crtend.o
                0x20003458                . = ALIGN (0x4)
                0x20003458                __data_end__ = .

.bss            0x20003458     0x1ab4 load address 0x00026684
                0x20003458                . = ALIGN (0x4)
                0x20003458                __bss_start__ = .
 *(.bss*)
 .bss           0x20003458       0x1c c:/siliconlabs/simplicitystudio/v4/developer/toolchains/gnu_arm/4.9_2015q3/bin/../lib/gcc/arm-none-eabi/4.9.3/armv7e-m/fpu/crtbegin.o
 .bss.bg_gattdb_data_attribute_field_2_data
                0x20003474        0x4 ./gatt_db.o
                0x20003474                bg_gattdb_data_attribute_field_2_data
 .bss.adcValue  0x20003478        0x4 ./main.o
 .bss.boot_to_dfu
                0x2000347c        0x1 ./main.o
                0x2000347c                boot_to_dfu
 *fill*         0x2000347d        0x3 
 .bss.chTable   0x20003480       0xa0 ./bgapi/dmadrv.o
 .bss.dmaXfer   0x20003520      0x100 ./bgapi/dmadrv.o
 .bss           0x20003620        0x4 C:/SiliconLabs/SimplicityStudio/v4/developer/sdks/gecko_sdk_suite/v1.1//protocol/bluetooth_2.4/lib/EFR32BG1B/GCC/bgapi.a(bgapi_hardware.c.obj)
 .bss           0x20003624        0x8 C:/SiliconLabs/SimplicityStudio/v4/developer/sdks/gecko_sdk_suite/v1.1//protocol/bluetooth_2.4/lib/EFR32BG1B/GCC/bgapi.a(bgapi_test_lib.c.obj)
 .bss           0x2000362c        0x2 C:/SiliconLabs/SimplicityStudio/v4/developer/sdks/gecko_sdk_suite/v1.1//protocol/bluetooth_2.4/lib/EFR32BG1B/GCC/bgapi.a(bgapi_gap.c.obj)
                0x2000362c                legacy_maxadv_events
 *fill*         0x2000362e        0x2 
 .bss           0x20003630        0x4 C:/SiliconLabs/SimplicityStudio/v4/developer/sdks/gecko_sdk_suite/v1.1//protocol/bluetooth_2.4/lib/EFR32BG1B/GCC/bgapi.a(bgapi_ps.c.obj)
 .bss           0x20003634        0x4 C:/SiliconLabs/SimplicityStudio/v4/developer/sdks/gecko_sdk_suite/v1.1//protocol/bluetooth_2.4/lib/EFR32BG1B/GCC/bgapi.a(bgapi_sm.c.obj)
 .bss           0x20003638        0x4 C:/SiliconLabs/SimplicityStudio/v4/developer/sdks/gecko_sdk_suite/v1.1//protocol/bluetooth_2.4/lib/EFR32BG1B/GCC/bgapi.a(bgapi_system.c.obj)
 *(COMMON)
 COMMON         0x2000363c     0x18d0 ./main.o
                0x2000363c                bluetooth_stack_heap
                0x20004f0c                . = ALIGN (0x4)
                0x20004f0c                __bss_end__ = .

.heap           0x20004f10      0xc00
                0x20004f10                __HeapBase = .
                0x20004f10                __end__ = .
                0x20004f10                end = __end__
                0x20004f10                _end = __end__
 *(.heap*)
 .heap          0x20004f10      0xc00 ./device/EFR32_B_1_1_B/gcc/startup_efr32bg1b.o
                0x20005b10                __HeapLimit = .

.stack_dummy    0x20005b10      0x400
 *(.stack*)
 .stack         0x20005b10      0x400 ./device/EFR32_B_1_1_B/gcc/startup_efr32bg1b.o
                0x20007bfc                __StackTop = (ORIGIN (RAM) + 0x4bfc)
                0x200077fc                __StackLimit = (__StackTop - SIZEOF (.stack_dummy))
                0x20007bfc                PROVIDE (__stack, __StackTop)
                0x00000001                ASSERT ((__StackLimit >= __HeapLimit), region RAM overflowed with stack)
OUTPUT(soc-pwm4.axf elf32-littlearm)

.ARM.attributes
                0x00000000       0x30
 .ARM.attributes
                0x00000000       0x22 c:/siliconlabs/simplicitystudio/v4/developer/toolchains/gnu_arm/4.9_2015q3/bin/../lib/gcc/arm-none-eabi/4.9.3/armv7e-m/fpu/crti.o
 .ARM.attributes
                0x00000022       0x34 c:/siliconlabs/simplicitystudio/v4/developer/toolchains/gnu_arm/4.9_2015q3/bin/../lib/gcc/arm-none-eabi/4.9.3/armv7e-m/fpu/crtbegin.o
 .ARM.attributes
                0x00000056       0x20 c:/siliconlabs/simplicitystudio/v4/developer/toolchains/gnu_arm/4.9_2015q3/bin/../lib/gcc/arm-none-eabi/4.9.3/../../../../arm-none-eabi/lib/armv7e-m/fpu/crt0.o
 .ARM.attributes
                0x00000076       0x39 ./application_properties.o
 .ARM.attributes
                0x000000af       0x39 ./gatt_db.o
 .ARM.attributes
                0x000000e8       0x39 ./main.o
 .ARM.attributes
                0x00000121       0x39 ./bgapi/dmadrv.o
 .ARM.attributes
                0x0000015a       0x39 ./bgapi/em_adc.o
 .ARM.attributes
                0x00000193       0x39 ./device/EFR32_B_1_1_B/gcc/startup_efr32bg1b.o
 .ARM.attributes
                0x000001cc       0x39 ./emlib/em_cmu.o
 .ARM.attributes
                0x00000205       0x39 ./emlib/em_gpio.o
 .ARM.attributes
                0x0000023e       0x39 ./emlib/em_rtcc.o
 .ARM.attributes
                0x00000277       0x39 ./emlib/em_system.o
 .ARM.attributes
                0x000002b0       0x39 ./emlib/em_timer.o
 .ARM.attributes
                0x000002e9       0x39 ./src/InitDevice.o
 .ARM.attributes
                0x00000322       0x1c C:/SiliconLabs/SimplicityStudio/v4/developer/sdks/gecko_sdk_suite/v1.1//protocol/bluetooth_2.4/lib/EFR32BG1B/EABI/binstack.o
 .ARM.attributes
                0x0000033e       0x39 C:/SiliconLabs/SimplicityStudio/v4/developer/sdks/gecko_sdk_suite/v1.1//protocol/bluetooth_2.4/lib/EFR32BG1B/GCC/bgapi.a(gecko_bgapi_hardware.c.obj)
 .ARM.attributes
                0x00000377       0x39 C:/SiliconLabs/SimplicityStudio/v4/developer/sdks/gecko_sdk_suite/v1.1//protocol/bluetooth_2.4/lib/EFR32BG1B/GCC/bgapi.a(gecko_bgapi_test.c.obj)
 .ARM.attributes
                0x000003b0       0x39 C:/SiliconLabs/SimplicityStudio/v4/developer/sdks/gecko_sdk_suite/v1.1//protocol/bluetooth_2.4/lib/EFR32BG1B/GCC/bgapi.a(gecko_bgapi_dfu.c.obj)
 .ARM.attributes
                0x000003e9       0x39 C:/SiliconLabs/SimplicityStudio/v4/developer/sdks/gecko_sdk_suite/v1.1//protocol/bluetooth_2.4/lib/EFR32BG1B/GCC/bgapi.a(gecko_bgapi_gap.c.obj)
 .ARM.attributes
                0x00000422       0x39 C:/SiliconLabs/SimplicityStudio/v4/developer/sdks/gecko_sdk_suite/v1.1//protocol/bluetooth_2.4/lib/EFR32BG1B/GCC/bgapi.a(gecko_bgapi_gatt.c.obj)
 .ARM.attributes
                0x0000045b       0x39 C:/SiliconLabs/SimplicityStudio/v4/developer/sdks/gecko_sdk_suite/v1.1//protocol/bluetooth_2.4/lib/EFR32BG1B/GCC/bgapi.a(gecko_bgapi_gatt_server.c.obj)
 .ARM.attributes
                0x00000494       0x39 C:/SiliconLabs/SimplicityStudio/v4/developer/sdks/gecko_sdk_suite/v1.1//protocol/bluetooth_2.4/lib/EFR32BG1B/GCC/bgapi.a(gecko_bgapi_flash.c.obj)
 .ARM.attributes
                0x000004cd       0x39 C:/SiliconLabs/SimplicityStudio/v4/developer/sdks/gecko_sdk_suite/v1.1//protocol/bluetooth_2.4/lib/EFR32BG1B/GCC/bgapi.a(gecko_bgapi_sm.c.obj)
 .ARM.attributes
                0x00000506       0x39 C:/SiliconLabs/SimplicityStudio/v4/developer/sdks/gecko_sdk_suite/v1.1//protocol/bluetooth_2.4/lib/EFR32BG1B/GCC/bgapi.a(gecko_bgapi_system.c.obj)
 .ARM.attributes
                0x0000053f       0x39 C:/SiliconLabs/SimplicityStudio/v4/developer/sdks/gecko_sdk_suite/v1.1//protocol/bluetooth_2.4/lib/EFR32BG1B/GCC/bgapi.a(gecko_bgapi_endpoint.c.obj)
 .ARM.attributes
                0x00000578       0x39 C:/SiliconLabs/SimplicityStudio/v4/developer/sdks/gecko_sdk_suite/v1.1//protocol/bluetooth_2.4/lib/EFR32BG1B/GCC/bgapi.a(gecko_bgapi_le_connection.c.obj)
 .ARM.attributes
                0x000005b1       0x39 C:/SiliconLabs/SimplicityStudio/v4/developer/sdks/gecko_sdk_suite/v1.1//protocol/bluetooth_2.4/lib/EFR32BG1B/GCC/bgapi.a(bgapi_hardware.c.obj)
 .ARM.attributes
                0x000005ea       0x39 C:/SiliconLabs/SimplicityStudio/v4/developer/sdks/gecko_sdk_suite/v1.1//protocol/bluetooth_2.4/lib/EFR32BG1B/GCC/bgapi.a(bgapi_test_lib.c.obj)
 .ARM.attributes
                0x00000623       0x39 C:/SiliconLabs/SimplicityStudio/v4/developer/sdks/gecko_sdk_suite/v1.1//protocol/bluetooth_2.4/lib/EFR32BG1B/GCC/bgapi.a(bgapi_dfu.c.obj)
 .ARM.attributes
                0x0000065c       0x39 C:/SiliconLabs/SimplicityStudio/v4/developer/sdks/gecko_sdk_suite/v1.1//protocol/bluetooth_2.4/lib/EFR32BG1B/GCC/bgapi.a(bgapi_gap.c.obj)
 .ARM.attributes
                0x00000695       0x39 C:/SiliconLabs/SimplicityStudio/v4/developer/sdks/gecko_sdk_suite/v1.1//protocol/bluetooth_2.4/lib/EFR32BG1B/GCC/bgapi.a(bgapi_gatt_lib.c.obj)
 .ARM.attributes
                0x000006ce       0x39 C:/SiliconLabs/SimplicityStudio/v4/developer/sdks/gecko_sdk_suite/v1.1//protocol/bluetooth_2.4/lib/EFR32BG1B/GCC/bgapi.a(bgapi_ps.c.obj)
 .ARM.attributes
                0x00000707       0x39 C:/SiliconLabs/SimplicityStudio/v4/developer/sdks/gecko_sdk_suite/v1.1//protocol/bluetooth_2.4/lib/EFR32BG1B/GCC/bgapi.a(bgapi_sm.c.obj)
 .ARM.attributes
                0x00000740       0x39 C:/SiliconLabs/SimplicityStudio/v4/developer/sdks/gecko_sdk_suite/v1.1//protocol/bluetooth_2.4/lib/EFR32BG1B/GCC/bgapi.a(bgapi_system.c.obj)
 .ARM.attributes
                0x00000779       0x39 C:/SiliconLabs/SimplicityStudio/v4/developer/sdks/gecko_sdk_suite/v1.1//protocol/bluetooth_2.4/lib/EFR32BG1B/GCC/bgapi.a(bgapi_endpoint.c.obj)
 .ARM.attributes
                0x000007b2       0x39 C:/SiliconLabs/SimplicityStudio/v4/developer/sdks/gecko_sdk_suite/v1.1//protocol/bluetooth_2.4/lib/EFR32BG1B/GCC/bgapi.a(bgapi_le_connection.c.obj)
 .ARM.attributes
                0x000007eb       0x39 C:/SiliconLabs/SimplicityStudio/v4/developer/sdks/gecko_sdk_suite/v1.1//protocol/bluetooth_2.4/lib/EFR32BG1B/GCC/bgapi.a(gatt_client.c.obj)
 .ARM.attributes
                0x00000824       0x39 C:/SiliconLabs/SimplicityStudio/v4/developer/sdks/gecko_sdk_suite/v1.1//protocol/bluetooth_2.4/lib/EFR32BG1B/GCC/bgapi.a(ubt_gatt_client.c.obj)
 .ARM.attributes
                0x0000085d       0x39 C:/SiliconLabs/SimplicityStudio/v4/developer/sdks/gecko_sdk_suite/v1.1//protocol/bluetooth_2.4/lib/EFR32BG1B/GCC/bgapi.a(att_client.c.obj)
 .ARM.attributes
                0x00000896       0x1c C:/SiliconLabs/SimplicityStudio/v4/developer/sdks/gecko_sdk_suite/v1.1//protocol/bluetooth_2.4/lib/EFR32BG1B/EABI/binbootloader.o
 .ARM.attributes
                0x000008b2       0x34 c:/siliconlabs/simplicitystudio/v4/developer/toolchains/gnu_arm/4.9_2015q3/bin/../lib/gcc/arm-none-eabi/4.9.3/../../../../arm-none-eabi/lib/armv7e-m/fpu\libc.a(lib_a-exit.o)
 .ARM.attributes
                0x000008e6       0x34 c:/siliconlabs/simplicitystudio/v4/developer/toolchains/gnu_arm/4.9_2015q3/bin/../lib/gcc/arm-none-eabi/4.9.3/../../../../arm-none-eabi/lib/armv7e-m/fpu\libc.a(lib_a-impure.o)
 .ARM.attributes
                0x0000091a       0x34 c:/siliconlabs/simplicitystudio/v4/developer/toolchains/gnu_arm/4.9_2015q3/bin/../lib/gcc/arm-none-eabi/4.9.3/../../../../arm-none-eabi/lib/armv7e-m/fpu\libc.a(lib_a-init.o)
 .ARM.attributes
                0x0000094e       0x34 c:/siliconlabs/simplicitystudio/v4/developer/toolchains/gnu_arm/4.9_2015q3/bin/../lib/gcc/arm-none-eabi/4.9.3/../../../../arm-none-eabi/lib/armv7e-m/fpu\libc.a(lib_a-memcmp.o)
 .ARM.attributes
                0x00000982       0x20 c:/siliconlabs/simplicitystudio/v4/developer/toolchains/gnu_arm/4.9_2015q3/bin/../lib/gcc/arm-none-eabi/4.9.3/../../../../arm-none-eabi/lib/armv7e-m/fpu\libc.a(lib_a-memcpy.o)
 .ARM.attributes
                0x000009a2       0x34 c:/siliconlabs/simplicitystudio/v4/developer/toolchains/gnu_arm/4.9_2015q3/bin/../lib/gcc/arm-none-eabi/4.9.3/../../../../arm-none-eabi/lib/armv7e-m/fpu\libc.a(lib_a-memset.o)
 .ARM.attributes
                0x000009d6       0x34 c:/siliconlabs/simplicitystudio/v4/developer/toolchains/gnu_arm/4.9_2015q3/bin/../lib/gcc/arm-none-eabi/4.9.3/../../../../arm-none-eabi/lib/armv7e-m/fpu\libc.a(lib_a-__call_atexit.o)
 .ARM.attributes
                0x00000a0a       0x34 c:/siliconlabs/simplicitystudio/v4/developer/toolchains/gnu_arm/4.9_2015q3/bin/../lib/gcc/arm-none-eabi/4.9.3/../../../../arm-none-eabi/lib/armv7e-m/fpu\libc.a(lib_a-atexit.o)
 .ARM.attributes
                0x00000a3e       0x34 c:/siliconlabs/simplicitystudio/v4/developer/toolchains/gnu_arm/4.9_2015q3/bin/../lib/gcc/arm-none-eabi/4.9.3/../../../../arm-none-eabi/lib/armv7e-m/fpu\libc.a(lib_a-fini.o)
 .ARM.attributes
                0x00000a72       0x34 c:/siliconlabs/simplicitystudio/v4/developer/toolchains/gnu_arm/4.9_2015q3/bin/../lib/gcc/arm-none-eabi/4.9.3/../../../../arm-none-eabi/lib/armv7e-m/fpu\libc.a(lib_a-__atexit.o)
 .ARM.attributes
                0x00000aa6       0x34 c:/siliconlabs/simplicitystudio/v4/developer/toolchains/gnu_arm/4.9_2015q3/bin/../lib/gcc/arm-none-eabi/4.9.3/../../../../arm-none-eabi/lib/armv7e-m/fpu\libnosys.a(_exit.o)
 .ARM.attributes
                0x00000ada       0x34 c:/siliconlabs/simplicitystudio/v4/developer/toolchains/gnu_arm/4.9_2015q3/bin/../lib/gcc/arm-none-eabi/4.9.3/armv7e-m/fpu/crtend.o
 .ARM.attributes
                0x00000b0e       0x22 c:/siliconlabs/simplicitystudio/v4/developer/toolchains/gnu_arm/4.9_2015q3/bin/../lib/gcc/arm-none-eabi/4.9.3/armv7e-m/fpu/crtn.o

.comment        0x00000000       0xde
 .comment       0x00000000       0x70 ./application_properties.o
                                 0x71 (size before relaxing)
 .comment       0x00000000       0x71 ./gatt_db.o
 .comment       0x00000000       0x71 ./main.o
 .comment       0x00000000       0x71 ./bgapi/dmadrv.o
 .comment       0x00000000       0x71 ./bgapi/em_adc.o
 .comment       0x00000000       0x71 ./device/EFR32_B_1_1_B/gcc/startup_efr32bg1b.o
 .comment       0x00000000       0x71 ./emlib/em_cmu.o
 .comment       0x00000000       0x71 ./emlib/em_gpio.o
 .comment       0x00000000       0x71 ./emlib/em_rtcc.o
 .comment       0x00000000       0x71 ./emlib/em_system.o
 .comment       0x00000000       0x71 ./emlib/em_timer.o
 .comment       0x00000000       0x71 ./src/InitDevice.o
 .comment       0x00000070       0x6e C:/SiliconLabs/SimplicityStudio/v4/developer/sdks/gecko_sdk_suite/v1.1//protocol/bluetooth_2.4/lib/EFR32BG1B/GCC/bgapi.a(gecko_bgapi_hardware.c.obj)
                                 0x6f (size before relaxing)
 .comment       0x00000000       0x6f C:/SiliconLabs/SimplicityStudio/v4/developer/sdks/gecko_sdk_suite/v1.1//protocol/bluetooth_2.4/lib/EFR32BG1B/GCC/bgapi.a(gecko_bgapi_test.c.obj)
 .comment       0x00000000       0x6f C:/SiliconLabs/SimplicityStudio/v4/developer/sdks/gecko_sdk_suite/v1.1//protocol/bluetooth_2.4/lib/EFR32BG1B/GCC/bgapi.a(gecko_bgapi_dfu.c.obj)
 .comment       0x00000000       0x6f C:/SiliconLabs/SimplicityStudio/v4/developer/sdks/gecko_sdk_suite/v1.1//protocol/bluetooth_2.4/lib/EFR32BG1B/GCC/bgapi.a(gecko_bgapi_gap.c.obj)
 .comment       0x00000000       0x6f C:/SiliconLabs/SimplicityStudio/v4/developer/sdks/gecko_sdk_suite/v1.1//protocol/bluetooth_2.4/lib/EFR32BG1B/GCC/bgapi.a(gecko_bgapi_gatt.c.obj)
 .comment       0x00000000       0x6f C:/SiliconLabs/SimplicityStudio/v4/developer/sdks/gecko_sdk_suite/v1.1//protocol/bluetooth_2.4/lib/EFR32BG1B/GCC/bgapi.a(gecko_bgapi_gatt_server.c.obj)
 .comment       0x00000000       0x6f C:/SiliconLabs/SimplicityStudio/v4/developer/sdks/gecko_sdk_suite/v1.1//protocol/bluetooth_2.4/lib/EFR32BG1B/GCC/bgapi.a(gecko_bgapi_flash.c.obj)
 .comment       0x00000000       0x6f C:/SiliconLabs/SimplicityStudio/v4/developer/sdks/gecko_sdk_suite/v1.1//protocol/bluetooth_2.4/lib/EFR32BG1B/GCC/bgapi.a(gecko_bgapi_sm.c.obj)
 .comment       0x00000000       0x6f C:/SiliconLabs/SimplicityStudio/v4/developer/sdks/gecko_sdk_suite/v1.1//protocol/bluetooth_2.4/lib/EFR32BG1B/GCC/bgapi.a(gecko_bgapi_system.c.obj)
 .comment       0x00000000       0x6f C:/SiliconLabs/SimplicityStudio/v4/developer/sdks/gecko_sdk_suite/v1.1//protocol/bluetooth_2.4/lib/EFR32BG1B/GCC/bgapi.a(gecko_bgapi_endpoint.c.obj)
 .comment       0x00000000       0x6f C:/SiliconLabs/SimplicityStudio/v4/developer/sdks/gecko_sdk_suite/v1.1//protocol/bluetooth_2.4/lib/EFR32BG1B/GCC/bgapi.a(gecko_bgapi_le_connection.c.obj)
 .comment       0x00000000       0x6f C:/SiliconLabs/SimplicityStudio/v4/developer/sdks/gecko_sdk_suite/v1.1//protocol/bluetooth_2.4/lib/EFR32BG1B/GCC/bgapi.a(bgapi_hardware.c.obj)
 .comment       0x00000000       0x6f C:/SiliconLabs/SimplicityStudio/v4/developer/sdks/gecko_sdk_suite/v1.1//protocol/bluetooth_2.4/lib/EFR32BG1B/GCC/bgapi.a(bgapi_test_lib.c.obj)
 .comment       0x00000000       0x6f C:/SiliconLabs/SimplicityStudio/v4/developer/sdks/gecko_sdk_suite/v1.1//protocol/bluetooth_2.4/lib/EFR32BG1B/GCC/bgapi.a(bgapi_dfu.c.obj)
 .comment       0x00000000       0x6f C:/SiliconLabs/SimplicityStudio/v4/developer/sdks/gecko_sdk_suite/v1.1//protocol/bluetooth_2.4/lib/EFR32BG1B/GCC/bgapi.a(bgapi_gap.c.obj)
 .comment       0x00000000       0x6f C:/SiliconLabs/SimplicityStudio/v4/developer/sdks/gecko_sdk_suite/v1.1//protocol/bluetooth_2.4/lib/EFR32BG1B/GCC/bgapi.a(bgapi_gatt_lib.c.obj)
 .comment       0x00000000       0x6f C:/SiliconLabs/SimplicityStudio/v4/developer/sdks/gecko_sdk_suite/v1.1//protocol/bluetooth_2.4/lib/EFR32BG1B/GCC/bgapi.a(bgapi_ps.c.obj)
 .comment       0x00000000       0x6f C:/SiliconLabs/SimplicityStudio/v4/developer/sdks/gecko_sdk_suite/v1.1//protocol/bluetooth_2.4/lib/EFR32BG1B/GCC/bgapi.a(bgapi_sm.c.obj)
 .comment       0x00000000       0x6f C:/SiliconLabs/SimplicityStudio/v4/developer/sdks/gecko_sdk_suite/v1.1//protocol/bluetooth_2.4/lib/EFR32BG1B/GCC/bgapi.a(bgapi_system.c.obj)
 .comment       0x00000000       0x6f C:/SiliconLabs/SimplicityStudio/v4/developer/sdks/gecko_sdk_suite/v1.1//protocol/bluetooth_2.4/lib/EFR32BG1B/GCC/bgapi.a(bgapi_endpoint.c.obj)
 .comment       0x00000000       0x6f C:/SiliconLabs/SimplicityStudio/v4/developer/sdks/gecko_sdk_suite/v1.1//protocol/bluetooth_2.4/lib/EFR32BG1B/GCC/bgapi.a(bgapi_le_connection.c.obj)
 .comment       0x00000000       0x6f C:/SiliconLabs/SimplicityStudio/v4/developer/sdks/gecko_sdk_suite/v1.1//protocol/bluetooth_2.4/lib/EFR32BG1B/GCC/bgapi.a(gatt_client.c.obj)
 .comment       0x00000000       0x6f C:/SiliconLabs/SimplicityStudio/v4/developer/sdks/gecko_sdk_suite/v1.1//protocol/bluetooth_2.4/lib/EFR32BG1B/GCC/bgapi.a(ubt_gatt_client.c.obj)
 .comment       0x00000000       0x6f C:/SiliconLabs/SimplicityStudio/v4/developer/sdks/gecko_sdk_suite/v1.1//protocol/bluetooth_2.4/lib/EFR32BG1B/GCC/bgapi.a(att_client.c.obj)

.debug_info     0x00000000    0x1174a
 .debug_info    0x00000000      0x168 ./application_properties.o
 .debug_info    0x00000168      0x62e ./gatt_db.o
 .debug_info    0x00000796     0x55a8 ./main.o
 .debug_info    0x00005d3e     0x184d ./bgapi/dmadrv.o
 .debug_info    0x0000758b     0x1cb2 ./bgapi/em_adc.o
 .debug_info    0x0000923d      0x1c0 ./device/EFR32_B_1_1_B/gcc/startup_efr32bg1b.o
 .debug_info    0x000093fd     0x2ddd ./emlib/em_cmu.o
 .debug_info    0x0000c1da      0xe6a ./emlib/em_gpio.o
 .debug_info    0x0000d044      0x6ec ./emlib/em_rtcc.o
 .debug_info    0x0000d730      0x273 ./emlib/em_system.o
 .debug_info    0x0000d9a3      0x988 ./emlib/em_timer.o
 .debug_info    0x0000e32b     0x341f ./src/InitDevice.o

.debug_abbrev   0x00000000     0x1b80
 .debug_abbrev  0x00000000       0x97 ./application_properties.o
 .debug_abbrev  0x00000097       0xbd ./gatt_db.o
 .debug_abbrev  0x00000154      0x3c1 ./main.o
 .debug_abbrev  0x00000515      0x380 ./bgapi/dmadrv.o
 .debug_abbrev  0x00000895      0x306 ./bgapi/em_adc.o
 .debug_abbrev  0x00000b9b      0x104 ./device/EFR32_B_1_1_B/gcc/startup_efr32bg1b.o
 .debug_abbrev  0x00000c9f      0x452 ./emlib/em_cmu.o
 .debug_abbrev  0x000010f1      0x2d6 ./emlib/em_gpio.o
 .debug_abbrev  0x000013c7      0x1e2 ./emlib/em_rtcc.o
 .debug_abbrev  0x000015a9      0x116 ./emlib/em_system.o
 .debug_abbrev  0x000016bf      0x1bb ./emlib/em_timer.o
 .debug_abbrev  0x0000187a      0x306 ./src/InitDevice.o

.debug_aranges  0x00000000      0x468
 .debug_aranges
                0x00000000       0x18 ./application_properties.o
 .debug_aranges
                0x00000018       0x18 ./gatt_db.o
 .debug_aranges
                0x00000030       0x30 ./main.o
 .debug_aranges
                0x00000060       0xa0 ./bgapi/dmadrv.o
 .debug_aranges
                0x00000100       0x70 ./bgapi/em_adc.o
 .debug_aranges
                0x00000170       0x28 ./device/EFR32_B_1_1_B/gcc/startup_efr32bg1b.o
 .debug_aranges
                0x00000198      0x118 ./emlib/em_cmu.o
 .debug_aranges
                0x000002b0       0x48 ./emlib/em_gpio.o
 .debug_aranges
                0x000002f8       0x40 ./emlib/em_rtcc.o
 .debug_aranges
                0x00000338       0x28 ./emlib/em_system.o
 .debug_aranges
                0x00000360       0x38 ./emlib/em_timer.o
 .debug_aranges
                0x00000398       0xd0 ./src/InitDevice.o

.debug_line     0x00000000     0x3b1f
 .debug_line    0x00000000      0x1a6 ./application_properties.o
 .debug_line    0x000001a6      0x1a2 ./gatt_db.o
 .debug_line    0x00000348      0x6e9 ./main.o
 .debug_line    0x00000a31      0x66c ./bgapi/dmadrv.o
 .debug_line    0x0000109d      0x564 ./bgapi/em_adc.o
 .debug_line    0x00001601      0x1c8 ./device/EFR32_B_1_1_B/gcc/startup_efr32bg1b.o
 .debug_line    0x000017c9      0xd2a ./emlib/em_cmu.o
 .debug_line    0x000024f3      0x494 ./emlib/em_gpio.o
 .debug_line    0x00002987      0x3ef ./emlib/em_rtcc.o
 .debug_line    0x00002d76      0x30e ./emlib/em_system.o
 .debug_line    0x00003084      0x43d ./emlib/em_timer.o
 .debug_line    0x000034c1      0x65e ./src/InitDevice.o

.debug_str      0x00000000     0xcbcc
 .debug_str     0x00000000      0x244 ./application_properties.o
                                0x29b (size before relaxing)
 .debug_str     0x00000244      0x67e ./gatt_db.o
                                0x865 (size before relaxing)
 .debug_str     0x000008c2     0x6689 ./main.o
                               0x6ca7 (size before relaxing)
 .debug_str     0x00006f4b      0xf2a ./bgapi/dmadrv.o
                               0x1168 (size before relaxing)
 .debug_str     0x00007e75     0x2512 ./bgapi/em_adc.o
                               0x2a94 (size before relaxing)
 .debug_str     0x0000a387       0xf3 ./device/EFR32_B_1_1_B/gcc/startup_efr32bg1b.o
                                0x2a6 (size before relaxing)
 .debug_str     0x0000a47a      0xd75 ./emlib/em_cmu.o
                               0x1464 (size before relaxing)
 .debug_str     0x0000b1ef      0x4a3 ./emlib/em_gpio.o
                                0x82c (size before relaxing)
 .debug_str     0x0000b692      0x5cd ./emlib/em_rtcc.o
                                0x7f4 (size before relaxing)
 .debug_str     0x0000bc5f      0x127 ./emlib/em_system.o
                                0x2f9 (size before relaxing)
 .debug_str     0x0000bd86      0x73c ./emlib/em_timer.o
                                0x9cf (size before relaxing)
 .debug_str     0x0000c4c2      0x70a ./src/InitDevice.o
                               0x3f3e (size before relaxing)

.debug_loc      0x00000000     0x4f4f
 .debug_loc     0x00000000      0x1ea ./main.o
 .debug_loc     0x000001ea     0x10da ./bgapi/dmadrv.o
 .debug_loc     0x000012c4      0xc10 ./bgapi/em_adc.o
 .debug_loc     0x00001ed4       0x4b ./device/EFR32_B_1_1_B/gcc/startup_efr32bg1b.o
 .debug_loc     0x00001f1f     0x24af ./emlib/em_cmu.o
 .debug_loc     0x000043ce      0x636 ./emlib/em_gpio.o
 .debug_loc     0x00004a04       0xdc ./emlib/em_rtcc.o
 .debug_loc     0x00004ae0       0x91 ./emlib/em_system.o
 .debug_loc     0x00004b71      0x18c ./emlib/em_timer.o
 .debug_loc     0x00004cfd      0x252 ./src/InitDevice.o

.debug_ranges   0x00000000      0xcd0
 .debug_ranges  0x00000000      0x1a0 ./main.o
 .debug_ranges  0x000001a0       0xa8 ./bgapi/dmadrv.o
 .debug_ranges  0x00000248      0x128 ./bgapi/em_adc.o
 .debug_ranges  0x00000370       0x18 ./device/EFR32_B_1_1_B/gcc/startup_efr32bg1b.o
 .debug_ranges  0x00000388      0x5c0 ./emlib/em_cmu.o
 .debug_ranges  0x00000948      0x1a8 ./emlib/em_gpio.o
 .debug_ranges  0x00000af0       0x70 ./emlib/em_rtcc.o
 .debug_ranges  0x00000b60       0x18 ./emlib/em_system.o
 .debug_ranges  0x00000b78       0x60 ./emlib/em_timer.o
 .debug_ranges  0x00000bd8       0xf8 ./src/InitDevice.o

.debug_frame    0x00000000      0xcdc
 .debug_frame   0x00000000       0x58 ./main.o
 .debug_frame   0x00000058      0x22c ./bgapi/dmadrv.o
 .debug_frame   0x00000284      0x148 ./bgapi/em_adc.o
 .debug_frame   0x000003cc       0x38 ./device/EFR32_B_1_1_B/gcc/startup_efr32bg1b.o
 .debug_frame   0x00000404      0x314 ./emlib/em_cmu.o
 .debug_frame   0x00000718       0xa0 ./emlib/em_gpio.o
 .debug_frame   0x000007b8       0x8c ./emlib/em_rtcc.o
 .debug_frame   0x00000844       0x30 ./emlib/em_system.o
 .debug_frame   0x00000874       0xb0 ./emlib/em_timer.o
 .debug_frame   0x00000924      0x200 ./src/InitDevice.o
 .debug_frame   0x00000b24       0x28 c:/siliconlabs/simplicitystudio/v4/developer/toolchains/gnu_arm/4.9_2015q3/bin/../lib/gcc/arm-none-eabi/4.9.3/../../../../arm-none-eabi/lib/armv7e-m/fpu\libc.a(lib_a-exit.o)
 .debug_frame   0x00000b4c       0x2c c:/siliconlabs/simplicitystudio/v4/developer/toolchains/gnu_arm/4.9_2015q3/bin/../lib/gcc/arm-none-eabi/4.9.3/../../../../arm-none-eabi/lib/armv7e-m/fpu\libc.a(lib_a-init.o)
 .debug_frame   0x00000b78       0x38 c:/siliconlabs/simplicitystudio/v4/developer/toolchains/gnu_arm/4.9_2015q3/bin/../lib/gcc/arm-none-eabi/4.9.3/../../../../arm-none-eabi/lib/armv7e-m/fpu\libc.a(lib_a-memcmp.o)
 .debug_frame   0x00000bb0       0x34 c:/siliconlabs/simplicitystudio/v4/developer/toolchains/gnu_arm/4.9_2015q3/bin/../lib/gcc/arm-none-eabi/4.9.3/../../../../arm-none-eabi/lib/armv7e-m/fpu\libc.a(lib_a-memset.o)
 .debug_frame   0x00000be4       0x50 c:/siliconlabs/simplicitystudio/v4/developer/toolchains/gnu_arm/4.9_2015q3/bin/../lib/gcc/arm-none-eabi/4.9.3/../../../../arm-none-eabi/lib/armv7e-m/fpu\libc.a(lib_a-__call_atexit.o)
 .debug_frame   0x00000c34       0x20 c:/siliconlabs/simplicitystudio/v4/developer/toolchains/gnu_arm/4.9_2015q3/bin/../lib/gcc/arm-none-eabi/4.9.3/../../../../arm-none-eabi/lib/armv7e-m/fpu\libc.a(lib_a-atexit.o)
 .debug_frame   0x00000c54       0x34 c:/siliconlabs/simplicitystudio/v4/developer/toolchains/gnu_arm/4.9_2015q3/bin/../lib/gcc/arm-none-eabi/4.9.3/../../../../arm-none-eabi/lib/armv7e-m/fpu\libc.a(lib_a-fini.o)
 .debug_frame   0x00000c88       0x34 c:/siliconlabs/simplicitystudio/v4/developer/toolchains/gnu_arm/4.9_2015q3/bin/../lib/gcc/arm-none-eabi/4.9.3/../../../../arm-none-eabi/lib/armv7e-m/fpu\libc.a(lib_a-__atexit.o)
 .debug_frame   0x00000cbc       0x20 c:/siliconlabs/simplicitystudio/v4/developer/toolchains/gnu_arm/4.9_2015q3/bin/../lib/gcc/arm-none-eabi/4.9.3/../../../../arm-none-eabi/lib/armv7e-m/fpu\libnosys.a(_exit.o)
