Archive member included because of file (symbol)

C:/SiliconLabs/SimplicityStudio/v4/developer/sdks/gecko_sdk_suite/v1.1//protocol/bluetooth_2.4/lib/EFR32BG1B/GCC/bgapi.a(gecko_bgapi_hardware.c.obj)
                              ./main.o (gecko_bgapi_class_hardware_init)
C:/SiliconLabs/SimplicityStudio/v4/developer/sdks/gecko_sdk_suite/v1.1//protocol/bluetooth_2.4/lib/EFR32BG1B/GCC/bgapi.a(gecko_bgapi_test.c.obj)
                              ./main.o (gecko_bgapi_class_test_init)
C:/SiliconLabs/SimplicityStudio/v4/developer/sdks/gecko_sdk_suite/v1.1//protocol/bluetooth_2.4/lib/EFR32BG1B/GCC/bgapi.a(gecko_bgapi_dfu.c.obj)
                              ./main.o (gecko_bgapi_class_dfu_init)
C:/SiliconLabs/SimplicityStudio/v4/developer/sdks/gecko_sdk_suite/v1.1//protocol/bluetooth_2.4/lib/EFR32BG1B/GCC/bgapi.a(gecko_bgapi_gap.c.obj)
                              ./main.o (gecko_bgapi_class_le_gap_init)
C:/SiliconLabs/SimplicityStudio/v4/developer/sdks/gecko_sdk_suite/v1.1//protocol/bluetooth_2.4/lib/EFR32BG1B/GCC/bgapi.a(gecko_bgapi_gatt.c.obj)
                              ./main.o (gecko_bgapi_class_gatt_init)
C:/SiliconLabs/SimplicityStudio/v4/developer/sdks/gecko_sdk_suite/v1.1//protocol/bluetooth_2.4/lib/EFR32BG1B/GCC/bgapi.a(gecko_bgapi_gatt_server.c.obj)
                              ./main.o (gecko_bgapi_class_gatt_server_init)
C:/SiliconLabs/SimplicityStudio/v4/developer/sdks/gecko_sdk_suite/v1.1//protocol/bluetooth_2.4/lib/EFR32BG1B/GCC/bgapi.a(gecko_bgapi_flash.c.obj)
                              ./main.o (gecko_bgapi_class_flash_init)
C:/SiliconLabs/SimplicityStudio/v4/developer/sdks/gecko_sdk_suite/v1.1//protocol/bluetooth_2.4/lib/EFR32BG1B/GCC/bgapi.a(gecko_bgapi_sm.c.obj)
                              ./main.o (gecko_bgapi_class_sm_init)
C:/SiliconLabs/SimplicityStudio/v4/developer/sdks/gecko_sdk_suite/v1.1//protocol/bluetooth_2.4/lib/EFR32BG1B/GCC/bgapi.a(gecko_bgapi_system.c.obj)
                              ./main.o (gecko_bgapi_class_system_init)
C:/SiliconLabs/SimplicityStudio/v4/developer/sdks/gecko_sdk_suite/v1.1//protocol/bluetooth_2.4/lib/EFR32BG1B/GCC/bgapi.a(gecko_bgapi_endpoint.c.obj)
                              ./main.o (gecko_bgapi_class_endpoint_init)
C:/SiliconLabs/SimplicityStudio/v4/developer/sdks/gecko_sdk_suite/v1.1//protocol/bluetooth_2.4/lib/EFR32BG1B/GCC/bgapi.a(gecko_bgapi_le_connection.c.obj)
                              ./main.o (gecko_bgapi_class_le_connection_init)
C:/SiliconLabs/SimplicityStudio/v4/developer/sdks/gecko_sdk_suite/v1.1//protocol/bluetooth_2.4/lib/EFR32BG1B/GCC/bgapi.a(bgapi_hardware.c.obj)
                              C:/SiliconLabs/SimplicityStudio/v4/developer/sdks/gecko_sdk_suite/v1.1//protocol/bluetooth_2.4/lib/EFR32BG1B/GCC/bgapi.a(gecko_bgapi_hardware.c.obj) (lib_hardware_handler_init)
C:/SiliconLabs/SimplicityStudio/v4/developer/sdks/gecko_sdk_suite/v1.1//protocol/bluetooth_2.4/lib/EFR32BG1B/GCC/bgapi.a(bgapi_test_lib.c.obj)
                              C:/SiliconLabs/SimplicityStudio/v4/developer/sdks/gecko_sdk_suite/v1.1//protocol/bluetooth_2.4/lib/EFR32BG1B/GCC/bgapi.a(gecko_bgapi_test.c.obj) (lib_test_handler_init)
C:/SiliconLabs/SimplicityStudio/v4/developer/sdks/gecko_sdk_suite/v1.1//protocol/bluetooth_2.4/lib/EFR32BG1B/GCC/bgapi.a(bgapi_dfu.c.obj)
                              C:/SiliconLabs/SimplicityStudio/v4/developer/sdks/gecko_sdk_suite/v1.1//protocol/bluetooth_2.4/lib/EFR32BG1B/GCC/bgapi.a(gecko_bgapi_dfu.c.obj) (lib_dfu_handler_init)
C:/SiliconLabs/SimplicityStudio/v4/developer/sdks/gecko_sdk_suite/v1.1//protocol/bluetooth_2.4/lib/EFR32BG1B/GCC/bgapi.a(bgapi_gap.c.obj)
                              C:/SiliconLabs/SimplicityStudio/v4/developer/sdks/gecko_sdk_suite/v1.1//protocol/bluetooth_2.4/lib/EFR32BG1B/GCC/bgapi.a(gecko_bgapi_gap.c.obj) (lib_le_gap_handler_init)
C:/SiliconLabs/SimplicityStudio/v4/developer/sdks/gecko_sdk_suite/v1.1//protocol/bluetooth_2.4/lib/EFR32BG1B/GCC/bgapi.a(bgapi_gatt_lib.c.obj)
                              C:/SiliconLabs/SimplicityStudio/v4/developer/sdks/gecko_sdk_suite/v1.1//protocol/bluetooth_2.4/lib/EFR32BG1B/GCC/bgapi.a(gecko_bgapi_gatt.c.obj) (lib_gatt_handler_init)
C:/SiliconLabs/SimplicityStudio/v4/developer/sdks/gecko_sdk_suite/v1.1//protocol/bluetooth_2.4/lib/EFR32BG1B/GCC/bgapi.a(bgapi_ps.c.obj)
                              C:/SiliconLabs/SimplicityStudio/v4/developer/sdks/gecko_sdk_suite/v1.1//protocol/bluetooth_2.4/lib/EFR32BG1B/GCC/bgapi.a(gecko_bgapi_flash.c.obj) (lib_flash_handler_init)
C:/SiliconLabs/SimplicityStudio/v4/developer/sdks/gecko_sdk_suite/v1.1//protocol/bluetooth_2.4/lib/EFR32BG1B/GCC/bgapi.a(bgapi_sm.c.obj)
                              C:/SiliconLabs/SimplicityStudio/v4/developer/sdks/gecko_sdk_suite/v1.1//protocol/bluetooth_2.4/lib/EFR32BG1B/GCC/bgapi.a(gecko_bgapi_sm.c.obj) (lib_sm_handler_init)
C:/SiliconLabs/SimplicityStudio/v4/developer/sdks/gecko_sdk_suite/v1.1//protocol/bluetooth_2.4/lib/EFR32BG1B/GCC/bgapi.a(bgapi_system.c.obj)
[...]
Memory Configuration

Name             Origin             Length             Attributes
FLASH_BOOTLOADER 0x00000000         0x00004000         xr
FLASH            0x00004000         0x0003b000         xr
RAM              0x20003000         0x00004bfc         xrw
*default*        0x00000000         0xffffffff

Linker script and memory map

LOAD c:/siliconlabs/simplicitystudio/v4/developer/toolchains/gnu_arm/4.9_2015q3/bin/../lib/gcc/arm-none-eabi/4.9.3/armv7e-m/fpu/crti.o
LOAD c:/siliconlabs/simplicitystudio/v4/developer/toolchains/gnu_arm/4.9_2015q3/bin/../lib/gcc/arm-none-eabi/4.9.3/armv7e-m/fpu/crtbegin.o
LOAD c:/siliconlabs/simplicitystudio/v4/developer/toolchains/gnu_arm/4.9_2015q3/bin/../lib/gcc/arm-none-eabi/4.9.3/../../../../arm-none-eabi/lib/armv7e-m/fpu/crt0.o
LOAD ./application_properties.o
LOAD ./gatt_db.o
LOAD ./main.o
LOAD ./bgapi/dmadrv.o
LOAD ./bgapi/em_adc.o
LOAD ./bgapi/em_ldma.o
LOAD ./bgapi/em_leuart.o
LOAD ./device/EFR32_B_1_1_B/gcc/startup_efr32bg1b.o
LOAD ./emlib/em_cmu.o
LOAD ./emlib/em_cryotimer.o
LOAD ./emlib/em_gpio.o
LOAD ./emlib/em_i2c.o
LOAD ./emlib/em_msc.o
LOAD ./emlib/em_rtcc.o
LOAD ./emlib/em_system.o
LOAD ./emlib/em_timer.o
LOAD ./emlib/em_usart.o
LOAD ./src/InitDevice.o
LOAD C:/SiliconLabs/SimplicityStudio/v4/developer/sdks/gecko_sdk_suite/v1.1//protocol/bluetooth_2.4/lib/EFR32BG1B/GCC/bgapi.a
LOAD C:/SiliconLabs/SimplicityStudio/v4/developer/sdks/gecko_sdk_suite/v1.1//protocol/bluetooth_2.4/lib/EFR32BG1B/EABI/stack.a
LOAD C:/SiliconLabs/SimplicityStudio/v4/developer/sdks/gecko_sdk_suite/v1.1//protocol/bluetooth_2.4/lib/EFR32BG1B/EABI/binstack.o
LOAD C:/SiliconLabs/SimplicityStudio/v4/developer/sdks/gecko_sdk_suite/v1.1//protocol/bluetooth_2.4/lib/EFR32BG1B/EABI/binbootloader.o
LOAD c:/siliconlabs/simplicitystudio/v4/developer/toolchains/gnu_arm/4.9_2015q3/bin/../lib/gcc/arm-none-eabi/4.9.3/../../../../arm-none-eabi/lib/armv7e-m/fpu\libm.a
START GROUP
LOAD c:/siliconlabs/simplicitystudio/v4/developer/toolchains/gnu_arm/4.9_2015q3/bin/../lib/gcc/arm-none-eabi/4.9.3/armv7e-m/fpu\libgcc.a
LOAD c:/siliconlabs/simplicitystudio/v4/developer/toolchains/gnu_arm/4.9_2015q3/bin/../lib/gcc/arm-none-eabi/4.9.3/../../../../arm-none-eabi/lib/armv7e-m/fpu\libc.a
LOAD c:/siliconlabs/simplicitystudio/v4/developer/toolchains/gnu_arm/4.9_2015q3/bin/../lib/gcc/arm-none-eabi/4.9.3/../../../../arm-none-eabi/lib/armv7e-m/fpu\libnosys.a
END GROUP
START GROUP
LOAD c:/siliconlabs/simplicitystudio/v4/developer/toolchains/gnu_arm/4.9_2015q3/bin/../lib/gcc/arm-none-eabi/4.9.3/armv7e-m/fpu\libgcc.a
LOAD c:/siliconlabs/simplicitystudio/v4/developer/toolchains/gnu_arm/4.9_2015q3/bin/../lib/gcc/arm-none-eabi/4.9.3/../../../../arm-none-eabi/lib/armv7e-m/fpu\libg.a
LOAD c:/siliconlabs/simplicitystudio/v4/developer/toolchains/gnu_arm/4.9_2015q3/bin/../lib/gcc/arm-none-eabi/4.9.3/../../../../arm-none-eabi/lib/armv7e-m/fpu\libc.a
END GROUP
LOAD c:/siliconlabs/simplicitystudio/v4/developer/toolchains/gnu_arm/4.9_2015q3/bin/../lib/gcc/arm-none-eabi/4.9.3/armv7e-m/fpu/crtend.o
LOAD c:/siliconlabs/simplicitystudio/v4/developer/toolchains/gnu_arm/4.9_2015q3/bin/../lib/gcc/arm-none-eabi/4.9.3/armv7e-m/fpu/crtn.o

.text_bootloader
                0x00000000     0x4000
 *(.binbootloader*)
 .binbootloader
                0x00000000      0x31c C:/SiliconLabs/SimplicityStudio/v4/developer/sdks/gecko_sdk_suite/v1.1//protocol/bluetooth_2.4/lib/EFR32BG1B/EABI/binbootloader.o
                0x00004000                . = ALIGN (0x4000)
 *fill*         0x0000031c     0x3ce4 

.text_stack_bin
                0x00004000    0x1ce2f
 *(.binstack*)
 .binstack      0x00004000    0x1ce2f C:/SiliconLabs/SimplicityStudio/v4/developer/sdks/gecko_sdk_suite/v1.1//protocol/bluetooth_2.4/lib/EFR32BG1B/EABI/binstack.o

.text_signature
                0x00020e2f      0x1d1
                0x00020e6f                . = (. + 0x40)
 *fill*         0x00020e2f       0x40 
                0x00021000                . = ALIGN (0x800)
 *fill*         0x00020e6f      0x191 
                0x00021000                __text_start__ = .

.text_app       0x00021000     0x511c
 *(.AAT)
 .AAT           0x00021000       0x80 ./main.o
                0x00021000                AppAddressTable
 *(.vectors)
 .vectors       0x00021080       0xc8 ./device/EFR32_B_1_1_B/gcc/startup_efr32bg1b.o
                0x00021080                __Vectors
                0x00021148                __Vectors_End = .
                0x000000c8                __Vectors_Size = (__Vectors_End - __Vectors)
                0x00021148                __end__ = .
 *(.gecko_configuration)
 *(.xo_configuration)
 *(.gatt_header)
 .gatt_header   0x00021148       0x34 ./gatt_db.o
                0x00021148                bg_gattdb_data
 *(.gatt_data)
 .gatt_data     0x0002117c      0x1d6 ./gatt_db.o
                0x0002117c                bg_gattdb_data_adv_uuid128_map
                0x00021180                bg_gattdb_data_adv_uuid16_map
                0x00021184                bg_gattdb_data_attributes_dynamic_mapping_map
                0x0002118c                bg_gattdb_data_attributes_map
                0x00021270                bg_gattdb_data_attribute_field_0
                0x00021274                bg_gattdb_data_attribute_field_1
                0x0002127c                bg_gattdb_data_attribute_field_2
                0x00021284                bg_gattdb_data_attribute_field_4
                0x00021288                bg_gattdb_data_attribute_field_5
                0x00021290                bg_gattdb_data_attribute_field_6
                0x00021298                bg_gattdb_data_attribute_field_7
                0x000212a0                bg_gattdb_data_attribute_field_8
                0x000212a4                bg_gattdb_data_attribute_field_9
                0x000212a8                bg_gattdb_data_attribute_field_10
                0x000212b0                bg_gattdb_data_attribute_field_11
                0x000212c0                bg_gattdb_data_attribute_field_12
                0x000212c8                bg_gattdb_data_attribute_field_13
                0x000212d4                bg_gattdb_data_attribute_field_14
                0x000212dc                bg_gattdb_data_attribute_field_15
                0x000212e4                bg_gattdb_data_attribute_field_16
                0x000212f8                bg_gattdb_data_attribute_field_17
                0x00021310                bg_gattdb_data_attribute_field_18
                0x00021318                bg_gattdb_data_uuidtable_128_map
                0x00021338                bg_gattdb_data_uuidtable_16_map
 *(.application_properties)
 *fill*         0x00021352        0x2 
 .application_properties
                0x00021354       0x38 ./application_properties.o
                0x00021354                applicationProperties
 *(.text*)
 .text          0x0002138c       0x5c c:/siliconlabs/simplicitystudio/v4/developer/toolchains/gnu_arm/4.9_2015q3/bin/../lib/gcc/arm-none-eabi/4.9.3/armv7e-m/fpu/crtbegin.o
 .text          0x000213e8       0x74 c:/siliconlabs/simplicitystudio/v4/developer/toolchains/gnu_arm/4.9_2015q3/bin/../lib/gcc/arm-none-eabi/4.9.3/../../../../arm-none-eabi/lib/armv7e-m/fpu/crt0.o
                0x000213e8                _start
                0x000213e8                _mainCRTStartup
 .text.TIMER1_IRQHandler
                0x0002145c        0xc ./main.o
                0x0002145c                TIMER1_IRQHandler
 .text.ADC0_IRQHandler
                0x00021468       0x24 ./main.o
                0x00021468                ADC0_IRQHandler
 .text.startup.main
                0x0002148c      0x1d0 ./main.o
                0x0002148c                main
 .text.LDMA_IRQHandler
                0x0002165c       0x7c ./bgapi/dmadrv.o
                0x0002165c                LDMA_IRQHandler
 .text.ADC_LoadDevinfoCal
                0x000216d8       0xb8 ./bgapi/em_adc.o
 .text.ADC_InitSingle
                0x00021790       0xb8 ./bgapi/em_adc.o
                0x00021790                ADC_InitSingle
 .text.ADC_PrescaleCalc
                0x00021848       0x4c ./bgapi/em_adc.o
                0x00021848                ADC_PrescaleCalc
 .text.ADC_Init
                0x00021894       0x68 ./bgapi/em_adc.o
                0x00021894                ADC_Init
 .text.ADC_TimebaseCalc
                0x000218fc       0x30 ./bgapi/em_adc.o
                0x000218fc                ADC_TimebaseCalc
 .text.Default_Handler
                0x0002192c        0x4 ./device/EFR32_B_1_1_B/gcc/startup_efr32bg1b.o
                0x0002192c                DebugMon_Handler
                0x0002192c                USART0_TX_IRQHandler
                0x0002192c                I2C0_IRQHandler
                0x0002192c                HardFault_Handler
                0x0002192c                SysTick_Handler
                0x0002192c                USART1_RX_IRQHandler
                0x0002192c                PendSV_Handler
                0x0002192c                NMI_Handler
                0x0002192c                SYNTH_IRQHandler
                0x0002192c                WDOG0_IRQHandler
                0x0002192c                USART1_TX_IRQHandler
                0x0002192c                MSC_IRQHandler
                0x0002192c                UsageFault_Handler
                0x0002192c                LEUART0_IRQHandler
                0x0002192c                FPUEH_IRQHandler
                0x0002192c                GPIO_EVEN_IRQHandler
                0x0002192c                TIMER0_IRQHandler
                0x0002192c                LETIMER0_IRQHandler
                0x0002192c                RFSENSE_IRQHandler
                0x0002192c                BUFC_IRQHandler
                0x0002192c                MODEM_IRQHandler
                0x0002192c                Default_Handler
                0x0002192c                RAC_SEQ_IRQHandler
                0x0002192c                FRC_PRI_IRQHandler
                0x0002192c                FRC_IRQHandler
                0x0002192c                CRYOTIMER_IRQHandler
                0x0002192c                PCNT0_IRQHandler
                0x0002192c                AGC_IRQHandler
                0x0002192c                ACMP0_IRQHandler
                0x0002192c                USART0_RX_IRQHandler
                0x0002192c                MemManage_Handler
                0x0002192c                SVC_Handler
                0x0002192c                RTCC_IRQHandler
                0x0002192c                CRYPTO_IRQHandler
                0x0002192c                CMU_IRQHandler
                0x0002192c                RAC_RSM_IRQHandler
                0x0002192c                GPIO_ODD_IRQHandler
                0x0002192c                PROTIMER_IRQHandler
                0x0002192c                BusFault_Handler
                0x0002192c                IDAC0_IRQHandler
 .text.Reset_Handler
                0x00021930       0x34 ./device/EFR32_B_1_1_B/gcc/startup_efr32bg1b.o
                0x00021930                Reset_Handler
 .text.flashWaitStateControl.isra.0
                0x00021964       0x48 ./emlib/em_cmu.o
 .text.CMU_OscillatorTuningSet.part.3
                0x000219ac       0x3c ./emlib/em_cmu.o
 .text.CMU_ClockEnable
                0x000219e8       0x8c ./emlib/em_cmu.o
                0x000219e8                CMU_ClockEnable
 .text.CMU_ClockSelectGet
                0x00021a74       0xcc ./emlib/em_cmu.o
                0x00021a74                CMU_ClockSelectGet
 .text.lfClkGet
                0x00021b40       0x94 ./emlib/em_cmu.o
 .text.CMU_ClockFreqGet
                0x00021bd4      0x160 ./emlib/em_cmu.o
                0x00021bd4                CMU_ClockFreqGet
 .text.CMU_HFXOAutostartEnable
                0x00021d34       0x74 ./emlib/em_cmu.o
                0x00021d34                CMU_HFXOAutostartEnable
 .text.CMU_OscillatorTuningWait
                0x00021da8       0x5c ./emlib/em_cmu.o
                0x00021da8                CMU_OscillatorTuningWait
 .text.CMU_OscillatorEnable
                0x00021e04      0x110 ./emlib/em_cmu.o
                0x00021e04                CMU_OscillatorEnable
 .text.CMU_ClockSelectSet
                0x00021f14      0x200 ./emlib/em_cmu.o
                0x00021f14                CMU_ClockSelectSet
 .text.CMU_HFXOInit
                0x00022114       0x88 ./emlib/em_cmu.o
                0x00022114                CMU_HFXOInit
 .text.CMU_LFXOInit
                0x0002219c       0x40 ./emlib/em_cmu.o
                0x0002219c                CMU_LFXOInit
 .text.GPIO_PinModeSet
                0x000221dc       0x84 ./emlib/em_gpio.o
                0x000221dc                GPIO_PinModeSet
 .text.RTCC_Init
                0x00022260       0x48 ./emlib/em_rtcc.o
                0x00022260                RTCC_Init
 .text.SYSTEM_ChipRevisionGet
                0x000222a8       0x34 ./emlib/em_system.o
                0x000222a8                SYSTEM_ChipRevisionGet
 .text.TIMER_Init
                0x000222dc       0xb0 ./emlib/em_timer.o
                0x000222dc                TIMER_Init
 .text.TIMER_InitCC
                0x0002238c       0x84 ./emlib/em_timer.o
                0x0002238c                TIMER_InitCC
 .text.EMU_enter_DefaultMode_from_RESET
                0x00022410       0x74 ./src/InitDevice.o
                0x00022410                EMU_enter_DefaultMode_from_RESET
 .text.CMU_enter_DefaultMode_from_RESET
                0x00022484      0x134 ./src/InitDevice.o
                0x00022484                CMU_enter_DefaultMode_from_RESET
 .text.ADC0_enter_DefaultMode_from_RESET
                0x000225b8       0x80 ./src/InitDevice.o
                0x000225b8                ADC0_enter_DefaultMode_from_RESET
 .text.RTCC_enter_DefaultMode_from_RESET
                0x00022638       0x44 ./src/InitDevice.o
                0x00022638                RTCC_enter_DefaultMode_from_RESET
 .text.TIMER1_enter_DefaultMode_from_RESET
                0x0002267c      0x130 ./src/InitDevice.o
                0x0002267c                TIMER1_enter_DefaultMode_from_RESET
 .text.PORTIO_enter_DefaultMode_from_RESET
                0x000227ac       0x44 ./src/InitDevice.o
                0x000227ac                PORTIO_enter_DefaultMode_from_RESET
 .text.enter_DefaultMode_from_RESET
                0x000227f0       0xac ./src/InitDevice.o
                0x000227f0                enter_DefaultMode_from_RESET
 .text          0x0002289c       0x18 C:/SiliconLabs/SimplicityStudio/v4/developer/sdks/gecko_sdk_suite/v1.1//protocol/bluetooth_2.4/lib/EFR32BG1B/GCC/bgapi.a(gecko_bgapi_hardware.c.obj)
                0x0002289c                gecko_bgapi_class_hardware_init
 .text          0x000228b4       0x18 C:/SiliconLabs/SimplicityStudio/v4/developer/sdks/gecko_sdk_suite/v1.1//protocol/bluetooth_2.4/lib/EFR32BG1B/GCC/bgapi.a(gecko_bgapi_test.c.obj)
                0x000228b4                gecko_bgapi_class_test_init
 .text          0x000228cc       0x18 C:/SiliconLabs/SimplicityStudio/v4/developer/sdks/gecko_sdk_suite/v1.1//protocol/bluetooth_2.4/lib/EFR32BG1B/GCC/bgapi.a(gecko_bgapi_dfu.c.obj)
                0x000228cc                gecko_bgapi_class_dfu_init
 .text          0x000228e4       0x18 C:/SiliconLabs/SimplicityStudio/v4/developer/sdks/gecko_sdk_suite/v1.1//protocol/bluetooth_2.4/lib/EFR32BG1B/GCC/bgapi.a(gecko_bgapi_gap.c.obj)
                0x000228e4                gecko_bgapi_class_le_gap_init
 .text          0x000228fc       0x18 C:/SiliconLabs/SimplicityStudio/v4/developer/sdks/gecko_sdk_suite/v1.1//protocol/bluetooth_2.4/lib/EFR32BG1B/GCC/bgapi.a(gecko_bgapi_gatt.c.obj)
                0x000228fc                gecko_bgapi_class_gatt_init
 .text          0x00022914       0x18 C:/SiliconLabs/SimplicityStudio/v4/developer/sdks/gecko_sdk_suite/v1.1//protocol/bluetooth_2.4/lib/EFR32BG1B/GCC/bgapi.a(gecko_bgapi_gatt_server.c.obj)
                0x00022914                gecko_bgapi_class_gatt_server_init
 .text          0x0002292c       0x18 C:/SiliconLabs/SimplicityStudio/v4/developer/sdks/gecko_sdk_suite/v1.1//protocol/bluetooth_2.4/lib/EFR32BG1B/GCC/bgapi.a(gecko_bgapi_flash.c.obj)
                0x0002292c                gecko_bgapi_class_flash_init
 .text          0x00022944       0x18 C:/SiliconLabs/SimplicityStudio/v4/developer/sdks/gecko_sdk_suite/v1.1//protocol/bluetooth_2.4/lib/EFR32BG1B/GCC/bgapi.a(gecko_bgapi_sm.c.obj)
                0x00022944                gecko_bgapi_class_sm_init
 .text          0x0002295c       0x18 C:/SiliconLabs/SimplicityStudio/v4/developer/sdks/gecko_sdk_suite/v1.1//protocol/bluetooth_2.4/lib/EFR32BG1B/GCC/bgapi.a(gecko_bgapi_system.c.obj)
                0x0002295c                gecko_bgapi_class_system_init
 .text          0x00022974       0x18 C:/SiliconLabs/SimplicityStudio/v4/developer/sdks/gecko_sdk_suite/v1.1//protocol/bluetooth_2.4/lib/EFR32BG1B/GCC/bgapi.a(gecko_bgapi_endpoint.c.obj)
                0x00022974                gecko_bgapi_class_endpoint_init
 .text          0x0002298c       0x18 C:/SiliconLabs/SimplicityStudio/v4/developer/sdks/gecko_sdk_suite/v1.1//protocol/bluetooth_2.4/lib/EFR32BG1B/GCC/bgapi.a(gecko_bgapi_le_connection.c.obj)
                0x0002298c                gecko_bgapi_class_le_connection_init
 .text          0x000229a4      0x1d0 C:/SiliconLabs/SimplicityStudio/v4/developer/sdks/gecko_sdk_suite/v1.1//protocol/bluetooth_2.4/lib/EFR32BG1B/GCC/bgapi.a(bgapi_hardware.c.obj)
                0x000229a4                soft_timer_comparison
                0x00022a38                bgapi_hardware_soft_timer_listener
                0x00022a78                lib_hardware_handler_init
                0x00022a8c                gecko_cmd_hardware_set_soft_timer
                0x00022acc                gecko_cmd_hardware_set_lazy_soft_timer
                0x00022b0c                gecko_cmd_hardware_get_time
                0x00022b40                gecko_cmd_hardware_enable_dcdc
 .text          0x00022b74      0x2f0 C:/SiliconLabs/SimplicityStudio/v4/developer/sdks/gecko_sdk_suite/v1.1//protocol/bluetooth_2.4/lib/EFR32BG1B/GCC/bgapi.a(bgapi_test_lib.c.obj)
                0x00022ba0                lib_test_handler_init
                0x00022bb4                disable_interrupts
                0x00022bd8                gecko_cmd_test_dtm_tx
                0x00022c68                gecko_cmd_test_dtm_rx
                0x00022cb4                gecko_cmd_test_dtm_end
                0x00022d18                gecko_cmd_test_debug_command
                0x00022de8                gecko_cmd_test_debug_counter
 .text          0x00022e64       0x8c C:/SiliconLabs/SimplicityStudio/v4/developer/sdks/gecko_sdk_suite/v1.1//protocol/bluetooth_2.4/lib/EFR32BG1B/GCC/bgapi.a(bgapi_dfu.c.obj)
                0x00022e64                lib_dfu_handler_init
                0x00022e66                gecko_cmd_dfu_reset
                0x00022e6c                gecko_cmd_dfu_flash_set_address
                0x00022e98                gecko_cmd_dfu_flash_upload
                0x00022ec4                gecko_cmd_dfu_flash_upload_finish
 .text          0x00022ef0      0x338 C:/SiliconLabs/SimplicityStudio/v4/developer/sdks/gecko_sdk_suite/v1.1//protocol/bluetooth_2.4/lib/EFR32BG1B/GCC/bgapi.a(bgapi_gap.c.obj)
                0x00022ef0                lib_le_gap_handler_init
                0x00022ef2                gecko_cmd_le_gap_set_mode
                0x00022f38                gecko_cmd_le_gap_bt5_set_mode
                0x00022f7c                gecko_cmd_le_gap_set_adv_data
                0x00022fb0                gecko_cmd_le_gap_bt5_set_adv_data
                0x00022fe4                gecko_cmd_le_gap_set_adv_timeout
                0x00023038                gecko_cmd_le_gap_open
                0x0002309c                gecko_cmd_le_gap_discover
                0x000230c8                gecko_cmd_le_gap_end_procedure
                0x000230f4                gecko_cmd_le_gap_set_adv_parameters
                0x00023128                gecko_cmd_le_gap_bt5_set_adv_parameters
                0x00023164                gecko_cmd_le_gap_set_scan_parameters
                0x00023194                gecko_cmd_le_gap_set_conn_parameters
                0x000231cc                gecko_cmd_le_gap_set_phy
                0x000231f8                gecko_cmd_le_gap_set_privacy_mode
 .text          0x00023228      0x6c4 C:/SiliconLabs/SimplicityStudio/v4/developer/sdks/gecko_sdk_suite/v1.1//protocol/bluetooth_2.4/lib/EFR32BG1B/GCC/bgapi.a(bgapi_gatt_lib.c.obj)
                0x00023228                lib_gatt_handler_init
                0x0002322c                lib_gatt_server_handler_init
                0x0002322e                gecko_cmd_gatt_set_max_mtu
                0x00023268                gecko_cmd_gatt_discover_primary_services
                0x00023298                gecko_cmd_gatt_discover_primary_services_by_uuid
                0x000232d4                gecko_cmd_gatt_find_included_services
                0x00023308                gecko_cmd_gatt_discover_characteristics
                0x0002333c                gecko_cmd_gatt_discover_characteristics_by_uuid
                0x0002337c                gecko_cmd_gatt_read_characteristic_value
                0x000233b4                gecko_cmd_gatt_read_characteristic_value_from_offset
                0x000233f0                gecko_cmd_gatt_read_characteristic_value_by_uuid
                0x00023430                gecko_cmd_gatt_read_multiple_characteristic_values
                0x00023464                gecko_cmd_gatt_write_characteristic_value
                0x0002349c                gecko_cmd_gatt_write_characteristic_value_without_response
                0x000234e0                gecko_cmd_gatt_prepare_characteristic_value_write
                0x00023530                gecko_cmd_gatt_execute_characteristic_value_write
                0x00023564                gecko_cmd_gatt_set_characteristic_notification
                0x0002359c                gecko_cmd_gatt_discover_descriptors
                0x000235d0                gecko_cmd_gatt_read_descriptor_value
                0x00023604                gecko_cmd_gatt_write_descriptor_value
                0x0002363c                gecko_cmd_gatt_server_read_attribute_value
                0x00023684                gecko_cmd_gatt_server_read_attribute_type
                0x000236c8                gecko_cmd_gatt_server_find_attribute
                0x00023704                gecko_cmd_gatt_server_write_attribute_value
                0x00023738                gecko_cmd_gatt_server_send_user_read_response
                0x00023788                gecko_cmd_gatt_server_send_user_write_response
                0x000237c0                gecko_cmd_gatt_server_send_characteristic_notification
                0x0002380c                gecko_cmd_gatt_send_characteristic_confirmation
                0x0002383c                gecko_cmd_gatt_server_set_database
                0x0002386c                gecko_cmd_gatt_server_set_capabilities
                0x0002389c                gecko_cmd_gatt_prepare_characteristic_value_reliable_write
 .text          0x000238ec      0x1d0 C:/SiliconLabs/SimplicityStudio/v4/developer/sdks/gecko_sdk_suite/v1.1//protocol/bluetooth_2.4/lib/EFR32BG1B/GCC/bgapi.a(bgapi_ps.c.obj)
                0x000238ec                bgapi_ps_dump_listener
                0x0002392c                lib_flash_handler_init
                0x00023940                gecko_cmd_flash_ps_dump
                0x000239d8                gecko_cmd_flash_ps_erase_all
                0x00023a08                gecko_cmd_flash_ps_save
                0x00023a44                gecko_cmd_flash_ps_load
                0x00023a88                gecko_cmd_flash_ps_erase
 .text          0x00023abc      0x3cc C:/SiliconLabs/SimplicityStudio/v4/developer/sdks/gecko_sdk_suite/v1.1//protocol/bluetooth_2.4/lib/EFR32BG1B/GCC/bgapi.a(bgapi_sm.c.obj)
                0x00023b84                lib_sm_handler_init
                0x00023b98                gecko_cmd_sm_list_all_bondings
                0x00023bd0                gecko_cmd_sm_increase_security
                0x00023c00                gecko_cmd_sm_set_bondable_mode
                0x00023c2c                gecko_cmd_sm_delete_bonding
                0x00023c5c                gecko_cmd_sm_delete_bondings
                0x00023c8c                gecko_cmd_sm_configure
                0x00023cbc                gecko_cmd_sm_enter_passkey
                0x00023cf0                gecko_cmd_sm_set_passkey
                0x00023d1c                gecko_cmd_sm_passkey_confirm
                0x00023d50                gecko_cmd_sm_set_oob_data
                0x00023d80                gecko_cmd_sm_set_sc_remote_oob_data
                0x00023db0                gecko_cmd_sm_use_sc_oob
                0x00023df0                gecko_cmd_sm_store_bonding_configuration
                0x00023e24                gecko_cmd_sm_bonding_confirm
                0x00023e58                gecko_cmd_sm_set_debug_mode
 .text          0x00023e88      0x1d8 C:/SiliconLabs/SimplicityStudio/v4/developer/sdks/gecko_sdk_suite/v1.1//protocol/bluetooth_2.4/lib/EFR32BG1B/GCC/bgapi.a(bgapi_system.c.obj)
                0x00023e88                bgapi_system_listener
                0x00023eb8                lib_system_handler_init
                0x00023ecc                gecko_cmd_system_get_bt_address
                0x00023f04                gecko_cmd_system_set_bt_address
                0x00023f38                gecko_cmd_system_set_device_name
                0x00023f74                gecko_cmd_system_get_random_data
                0x00023fbc                gecko_cmd_system_halt
                0x00023ff0                gecko_cmd_system_set_tx_power
                0x00024020                gecko_cmd_system_hello
                0x00024048                gecko_cmd_system_reset
                0x0002404e                gecko_send_system_awake
 .text          0x00024060      0x1ac C:/SiliconLabs/SimplicityStudio/v4/developer/sdks/gecko_sdk_suite/v1.1//protocol/bluetooth_2.4/lib/EFR32BG1B/GCC/bgapi.a(bgapi_endpoint.c.obj)
                0x00024060                lib_endpoint_handler_init
                0x00024062                gecko_cmd_endpoint_send
                0x0002410c                gecko_cmd_endpoint_set_streaming_destination
                0x00024164                gecko_cmd_endpoint_close
                0x000241c0                gecko_cmd_endpoint_set_flags
                0x000241c2                gecko_cmd_endpoint_clr_flags
                0x000241c4                gecko_cmd_endpoint_read_counters
 .text          0x0002420c      0x104 C:/SiliconLabs/SimplicityStudio/v4/developer/sdks/gecko_sdk_suite/v1.1//protocol/bluetooth_2.4/lib/EFR32BG1B/GCC/bgapi.a(bgapi_le_connection.c.obj)
                0x0002420c                lib_le_connection_handler_init
                0x0002420e                gecko_cmd_le_connection_set_parameters
                0x0002425c                gecko_cmd_le_connection_get_rssi
                0x0002428c                gecko_cmd_le_connection_disable_slave_latency
                0x000242d4                gecko_cmd_le_connection_set_phy
 .text          0x00024310      0xdf0 C:/SiliconLabs/SimplicityStudio/v4/developer/sdks/gecko_sdk_suite/v1.1//protocol/bluetooth_2.4/lib/EFR32BG1B/GCC/bgapi.a(gatt_client.c.obj)
                0x00024578                gatt_discover_primary_services
                0x000245b6                gatt_discover_primary_services_by_uuid
                0x0002460c                gatt_find_included_services
                0x0002465c                gatt_find_included_services_handler
                0x0002470c                gatt_discover_characteristics
                0x0002472e                gatt_discover_characteristics_by_uuid
                0x00024770                gatt_discover_descriptors
                0x000247ac                gatt_read_characteristic_value
                0x000247e4                gatt_read_characteristic_value_by_uuid
                0x0002481e                gatt_read_multiple_characteristic_values
                0x00024842                gatt_write_characteristic_value
                0x00024868                gatt_write_characteristic_value_without_response
                0x00024882                gatt_prepare_characteristic_value_write
                0x000248f8                gatt_execute_characteristic_value_write
                0x0002491a                gatt_set_characteristic_notification
                0x0002495a                gatt_read_descriptor_value
                0x00024982                gatt_write_descriptor_value
                0x000249a8                gatt_handle_exchange_mtu_rsp
                0x000249c4                gatt_handle_find_information_response
                0x00024b16                gatt_handle_find_by_type_value_response
                0x00024bb2                gatt_handle_read_response
                0x00024d10                gatt_handle_read_blob_response
                0x00024d46                gatt_handle_read_multiple_response
                0x00024d82                gatt_handle_read_by_type_response
                0x00024ecc                gatt_handle_read_by_group_type_response
                0x00024f74                gatt_handle_write_response
                0x00024f88                gatt_handle_prepare_write_response
                0x0002507a                gatt_handle_execute_write_response
                0x000250b2                gatt_client_handle_value_notification
                0x000250c4                gatt_client_handle_value_indication
                0x000250d8                gatt_send_characteristic_confirmation
                0x000250f6                gatt_client_init
 .text          0x00025100      0x250 C:/SiliconLabs/SimplicityStudio/v4/developer/sdks/gecko_sdk_suite/v1.1//protocol/bluetooth_2.4/lib/EFR32BG1B/GCC/bgapi.a(ubt_gatt_client.c.obj)
                0x00025100                ubt_gatt_discover_primary_services
                0x00025116                ubt_gatt_discover_primary_services_by_uuid
                0x00025142                ubt_gatt_find_included_services
                0x0002515c                ubt_gatt_discover_characteristics
                0x00025176                ubt_gatt_discover_characteristics_by_uuid
                0x000251a6                ubt_gatt_discover_descriptors
                0x000251c0                ubt_gatt_read_characteristic_value
                0x000251e2                ubt_gatt_read_characteristic_value_by_uuid
                0x00025212                ubt_gatt_read_multiple_characteristic_values
                0x00025230                ubt_gatt_write_characteristic_value
                0x00025252                ubt_gatt_write_characteristic_value_without_response
                0x0002528c                ubt_gatt_prepare_characteristic_value_write
                0x000252c6                ubt_gatt_execute_characteristic_value_write
                0x000252e0                ubt_gatt_send_characteristic_confirmation
                0x000252f6                ubt_gatt_read_descriptor_value
                0x00025310                ubt_gatt_write_descriptor_value
                0x00025332                ubt_gatt_set_characteristic_notification
 .text          0x00025350      0x4ec C:/SiliconLabs/SimplicityStudio/v4/developer/sdks/gecko_sdk_suite/v1.1//protocol/bluetooth_2.4/lib/EFR32BG1B/GCC/bgapi.a(att_client.c.obj)
                0x00025350                att_send_find_information_request
                0x00025376                att_send_find_by_type_value_request
                0x000253a8                att_send_read_by_type_request
                0x000253d4                att_send_read_request
                0x000253f4                att_send_read_blob_request
                0x0002541a                att_send_read_multiple_request
                0x00025446                att_send_read_by_group_type_request
                0x00025472                att_send_write_request
                0x0002549e                att_send_write_command
                0x000254ca                att_send_signed_write_command
                0x00025504                att_send_prepare_write_request
                0x00025540                att_send_execute_write_request
                0x0002555e                att_send_handle_value_confirmation
                0x00025576                validate_gatt_client_pdu_len
                0x00025630                att_gatt_client_handler
 .text.exit     0x0002583c       0x20 c:/siliconlabs/simplicitystudio/v4/developer/toolchains/gnu_arm/4.9_2015q3/bin/../lib/gcc/arm-none-eabi/4.9.3/../../../../arm-none-eabi/lib/armv7e-m/fpu\libc.a(lib_a-exit.o)
                0x0002583c                exit
 .text.__libc_init_array
                0x0002585c       0x50 c:/siliconlabs/simplicitystudio/v4/developer/toolchains/gnu_arm/4.9_2015q3/bin/../lib/gcc/arm-none-eabi/4.9.3/../../../../arm-none-eabi/lib/armv7e-m/fpu\libc.a(lib_a-init.o)
                0x0002585c                __libc_init_array
 .text.memcmp   0x000258ac       0x64 c:/siliconlabs/simplicitystudio/v4/developer/toolchains/gnu_arm/4.9_2015q3/bin/../lib/gcc/arm-none-eabi/4.9.3/../../../../arm-none-eabi/lib/armv7e-m/fpu\libc.a(lib_a-memcmp.o)
                0x000258ac                memcmp
 .text          0x00025910      0x134 c:/siliconlabs/simplicitystudio/v4/developer/toolchains/gnu_arm/4.9_2015q3/bin/../lib/gcc/arm-none-eabi/4.9.3/../../../../arm-none-eabi/lib/armv7e-m/fpu\libc.a(lib_a-memcpy.o)
                0x00025910                memcpy
 .text.memset   0x00025a44       0x9c c:/siliconlabs/simplicitystudio/v4/developer/toolchains/gnu_arm/4.9_2015q3/bin/../lib/gcc/arm-none-eabi/4.9.3/../../../../arm-none-eabi/lib/armv7e-m/fpu\libc.a(lib_a-memset.o)
                0x00025a44                memset
 .text.startup.register_fini
                0x00025ae0       0x14 c:/siliconlabs/simplicitystudio/v4/developer/toolchains/gnu_arm/4.9_2015q3/bin/../lib/gcc/arm-none-eabi/4.9.3/../../../../arm-none-eabi/lib/armv7e-m/fpu\libc.a(lib_a-__call_atexit.o)
 .text.__call_exitprocs
                0x00025af4       0xd4 c:/siliconlabs/simplicitystudio/v4/developer/toolchains/gnu_arm/4.9_2015q3/bin/../lib/gcc/arm-none-eabi/4.9.3/../../../../arm-none-eabi/lib/armv7e-m/fpu\libc.a(lib_a-__call_atexit.o)
                0x00025af4                __call_exitprocs
 .text.atexit   0x00025bc8        0xc c:/siliconlabs/simplicitystudio/v4/developer/toolchains/gnu_arm/4.9_2015q3/bin/../lib/gcc/arm-none-eabi/4.9.3/../../../../arm-none-eabi/lib/armv7e-m/fpu\libc.a(lib_a-atexit.o)
                0x00025bc8                atexit
 .text.__libc_fini_array
                0x00025bd4       0x2c c:/siliconlabs/simplicitystudio/v4/developer/toolchains/gnu_arm/4.9_2015q3/bin/../lib/gcc/arm-none-eabi/4.9.3/../../../../arm-none-eabi/lib/armv7e-m/fpu\libc.a(lib_a-fini.o)
                0x00025bd4                __libc_fini_array
 .text.__register_exitproc
                0x00025c00       0xa4 c:/siliconlabs/simplicitystudio/v4/developer/toolchains/gnu_arm/4.9_2015q3/bin/../lib/gcc/arm-none-eabi/4.9.3/../../../../arm-none-eabi/lib/armv7e-m/fpu\libc.a(lib_a-__atexit.o)
                0x00025c00                __register_exitproc
 .text._exit    0x00025ca4        0x4 c:/siliconlabs/simplicitystudio/v4/developer/toolchains/gnu_arm/4.9_2015q3/bin/../lib/gcc/arm-none-eabi/4.9.3/../../../../arm-none-eabi/lib/armv7e-m/fpu\libnosys.a(_exit.o)
                0x00025ca4                _exit
 *(.init)
 .init          0x00025ca8        0x4 c:/siliconlabs/simplicitystudio/v4/developer/toolchains/gnu_arm/4.9_2015q3/bin/../lib/gcc/arm-none-eabi/4.9.3/armv7e-m/fpu/crti.o
                0x00025ca8                _init
 .init          0x00025cac        0x8 c:/siliconlabs/simplicitystudio/v4/developer/toolchains/gnu_arm/4.9_2015q3/bin/../lib/gcc/arm-none-eabi/4.9.3/armv7e-m/fpu/crtn.o
 *(.fini)
 .fini          0x00025cb4        0x4 c:/siliconlabs/simplicitystudio/v4/developer/toolchains/gnu_arm/4.9_2015q3/bin/../lib/gcc/arm-none-eabi/4.9.3/armv7e-m/fpu/crti.o
                0x00025cb4                _fini
 .fini          0x00025cb8        0x8 c:/siliconlabs/simplicitystudio/v4/developer/toolchains/gnu_arm/4.9_2015q3/bin/../lib/gcc/arm-none-eabi/4.9.3/armv7e-m/fpu/crtn.o
 *crtbegin.o(.ctors)
 *crtbegin?.o(.ctors)
 *(EXCLUDE_FILE(*crtend.o *crtend?.o) .ctors)
 *(SORT(.ctors.*))
 *(.ctors)
 *crtbegin.o(.dtors)
 *crtbegin?.o(.dtors)
 *(EXCLUDE_FILE(*crtend.o *crtend?.o) .dtors)
 *(SORT(.dtors.*))
 *(.dtors)
 *(.rodata*)
 .rodata.ptiInit
                0x00025cc0       0x24 ./main.o
 .rodata.config
                0x00025ce4       0x38 ./main.o
 .rodata.str1.4
                0x00025d1c        0x4 ./main.o
 .rodata.CSWTCH.45
                0x00025d20        0xc ./emlib/em_cmu.o
 .rodata.CSWTCH.46
                0x00025d2c       0x10 ./emlib/em_cmu.o
 .rodata.CSWTCH.47
                0x00025d3c       0x10 ./emlib/em_cmu.o
 .rodata.CSWTCH.48
                0x00025d4c       0x10 ./emlib/em_cmu.o
 .rodata        0x00025d5c       0x50 ./src/InitDevice.o
 .rodata        0x00025dac       0x28 C:/SiliconLabs/SimplicityStudio/v4/developer/sdks/gecko_sdk_suite/v1.1//protocol/bluetooth_2.4/lib/EFR32BG1B/GCC/bgapi.a(gecko_bgapi_hardware.c.obj)
 .rodata        0x00025dd4       0x30 C:/SiliconLabs/SimplicityStudio/v4/developer/sdks/gecko_sdk_suite/v1.1//protocol/bluetooth_2.4/lib/EFR32BG1B/GCC/bgapi.a(gecko_bgapi_test.c.obj)
 .rodata        0x00025e04       0x28 C:/SiliconLabs/SimplicityStudio/v4/developer/sdks/gecko_sdk_suite/v1.1//protocol/bluetooth_2.4/lib/EFR32BG1B/GCC/bgapi.a(gecko_bgapi_dfu.c.obj)
 .rodata        0x00025e2c       0x78 C:/SiliconLabs/SimplicityStudio/v4/developer/sdks/gecko_sdk_suite/v1.1//protocol/bluetooth_2.4/lib/EFR32BG1B/GCC/bgapi.a(gecko_bgapi_gap.c.obj)
 .rodata        0x00025ea4       0xa8 C:/SiliconLabs/SimplicityStudio/v4/developer/sdks/gecko_sdk_suite/v1.1//protocol/bluetooth_2.4/lib/EFR32BG1B/GCC/bgapi.a(gecko_bgapi_gatt.c.obj)
 .rodata        0x00025f4c       0x50 C:/SiliconLabs/SimplicityStudio/v4/developer/sdks/gecko_sdk_suite/v1.1//protocol/bluetooth_2.4/lib/EFR32BG1B/GCC/bgapi.a(gecko_bgapi_gatt_server.c.obj)
 .rodata        0x00025f9c       0x30 C:/SiliconLabs/SimplicityStudio/v4/developer/sdks/gecko_sdk_suite/v1.1//protocol/bluetooth_2.4/lib/EFR32BG1B/GCC/bgapi.a(gecko_bgapi_flash.c.obj)
 .rodata        0x00025fcc       0x80 C:/SiliconLabs/SimplicityStudio/v4/developer/sdks/gecko_sdk_suite/v1.1//protocol/bluetooth_2.4/lib/EFR32BG1B/GCC/bgapi.a(gecko_bgapi_sm.c.obj)
 .rodata        0x0002604c       0x48 C:/SiliconLabs/SimplicityStudio/v4/developer/sdks/gecko_sdk_suite/v1.1//protocol/bluetooth_2.4/lib/EFR32BG1B/GCC/bgapi.a(gecko_bgapi_system.c.obj)
 .rodata        0x00026094       0x38 C:/SiliconLabs/SimplicityStudio/v4/developer/sdks/gecko_sdk_suite/v1.1//protocol/bluetooth_2.4/lib/EFR32BG1B/GCC/bgapi.a(gecko_bgapi_endpoint.c.obj)
 .rodata        0x000260cc       0x28 C:/SiliconLabs/SimplicityStudio/v4/developer/sdks/gecko_sdk_suite/v1.1//protocol/bluetooth_2.4/lib/EFR32BG1B/GCC/bgapi.a(gecko_bgapi_le_connection.c.obj)
 .rodata        0x000260f4       0x18 C:/SiliconLabs/SimplicityStudio/v4/developer/sdks/gecko_sdk_suite/v1.1//protocol/bluetooth_2.4/lib/EFR32BG1B/GCC/bgapi.a(bgapi_sm.c.obj)
 .rodata        0x0002610c        0x4 C:/SiliconLabs/SimplicityStudio/v4/developer/sdks/gecko_sdk_suite/v1.1//protocol/bluetooth_2.4/lib/EFR32BG1B/GCC/bgapi.a(gatt_client.c.obj)
 .rodata.str1.4
                0x00026110        0x4 c:/siliconlabs/simplicitystudio/v4/developer/toolchains/gnu_arm/4.9_2015q3/bin/../lib/gcc/arm-none-eabi/4.9.3/../../../../arm-none-eabi/lib/armv7e-m/fpu\libc.a(lib_a-impure.o)
                                  0x2 (size before relaxing)
 .rodata._global_impure_ptr
                0x00026114        0x4 c:/siliconlabs/simplicitystudio/v4/developer/toolchains/gnu_arm/4.9_2015q3/bin/../lib/gcc/arm-none-eabi/4.9.3/../../../../arm-none-eabi/lib/armv7e-m/fpu\libc.a(lib_a-impure.o)
                0x00026114                _global_impure_ptr
 *(.eh_frame*)
 .eh_frame      0x00026118        0x0 c:/siliconlabs/simplicitystudio/v4/developer/toolchains/gnu_arm/4.9_2015q3/bin/../lib/gcc/arm-none-eabi/4.9.3/armv7e-m/fpu/crtbegin.o
 .eh_frame      0x00026118        0x4 c:/siliconlabs/simplicitystudio/v4/developer/toolchains/gnu_arm/4.9_2015q3/bin/../lib/gcc/arm-none-eabi/4.9.3/armv7e-m/fpu/crtend.o
                0x0002611c                . = ALIGN (0x4)

.glue_7         0x0002611c        0x0
 .glue_7        0x00000000        0x0 linker stubs

.glue_7t        0x0002611c        0x0
 .glue_7t       0x00000000        0x0 linker stubs

.vfp11_veneer   0x0002611c        0x0
 .vfp11_veneer  0x00000000        0x0 linker stubs

.v4_bx          0x0002611c        0x0
 .v4_bx         0x00000000        0x0 linker stubs

.iplt           0x0002611c        0x0
 .iplt          0x00000000        0x0 c:/siliconlabs/simplicitystudio/v4/developer/toolchains/gnu_arm/4.9_2015q3/bin/../lib/gcc/arm-none-eabi/4.9.3/armv7e-m/fpu/crtbegin.o

.igot.plt       0x0002611c        0x0
 .igot.plt      0x00000000        0x0 c:/siliconlabs/simplicitystudio/v4/developer/toolchains/gnu_arm/4.9_2015q3/bin/../lib/gcc/arm-none-eabi/4.9.3/armv7e-m/fpu/crtbegin.o

.text_app_ARM.extab
 *(.ARM.extab* .gnu.linkonce.armextab.*)
                0x0002611c                __exidx_start = .

.text_app_ARM.exidx
                0x0002611c        0x8
 *(.ARM.exidx* .gnu.linkonce.armexidx.*)
 .ARM.exidx     0x0002611c        0x8 c:/siliconlabs/simplicitystudio/v4/developer/toolchains/gnu_arm/4.9_2015q3/bin/../lib/gcc/arm-none-eabi/4.9.3/../../../../arm-none-eabi/lib/armv7e-m/fpu/crt0.o
                0x00026124                __exidx_end = .
                0x00026124                __etext = .

.rel.dyn        0x00026124        0x0
 .rel.iplt      0x00000000        0x0 c:/siliconlabs/simplicitystudio/v4/developer/toolchains/gnu_arm/4.9_2015q3/bin/../lib/gcc/arm-none-eabi/4.9.3/armv7e-m/fpu/crtbegin.o

.text_app_data  0x20003000      0x450 load address 0x00026124
                0x20003000                __data_start__ = .
 *(vtable)
 *(.data*)
 .data.bg_gattdb_data_attribute_field_6_data
                0x20003000        0xd ./gatt_db.o
                0x20003000                bg_gattdb_data_attribute_field_6_data
 *fill*         0x2000300d        0x3 
 .data.auxHfrcoFreq
                0x20003010        0x4 ./emlib/em_cmu.o
 *fill*         0x20003014        0x4 
 .data.impure_data
                0x20003018      0x428 c:/siliconlabs/simplicitystudio/v4/developer/toolchains/gnu_arm/4.9_2015q3/bin/../lib/gcc/arm-none-eabi/4.9.3/../../../../arm-none-eabi/lib/armv7e-m/fpu\libc.a(lib_a-impure.o)
                0x20003440                . = ALIGN (0x4)
 *(.ram)
                0x20003440                . = ALIGN (0x4)
                0x20003440                PROVIDE (__preinit_array_start, .)
 *(.preinit_array)
                0x20003440                PROVIDE (__preinit_array_end, .)
                0x20003440                . = ALIGN (0x4)
                0x20003440                PROVIDE (__init_array_start, .)
 *(SORT(.init_array.*))
 .init_array.00000
                0x20003440        0x4 c:/siliconlabs/simplicitystudio/v4/developer/toolchains/gnu_arm/4.9_2015q3/bin/../lib/gcc/arm-none-eabi/4.9.3/../../../../arm-none-eabi/lib/armv7e-m/fpu\libc.a(lib_a-__call_atexit.o)
 *(.init_array)
 .init_array    0x20003444        0x4 c:/siliconlabs/simplicitystudio/v4/developer/toolchains/gnu_arm/4.9_2015q3/bin/../lib/gcc/arm-none-eabi/4.9.3/armv7e-m/fpu/crtbegin.o
                0x20003448                PROVIDE (__init_array_end, .)
                0x20003448                . = ALIGN (0x4)
                0x20003448                PROVIDE (__fini_array_start, .)
 *(SORT(.fini_array.*))
 *(.fini_array)
 .fini_array    0x20003448        0x4 c:/siliconlabs/simplicitystudio/v4/developer/toolchains/gnu_arm/4.9_2015q3/bin/../lib/gcc/arm-none-eabi/4.9.3/armv7e-m/fpu/crtbegin.o
                0x2000344c                PROVIDE (__fini_array_end, .)
 *(.jcr*)
 .jcr           0x2000344c        0x0 c:/siliconlabs/simplicitystudio/v4/developer/toolchains/gnu_arm/4.9_2015q3/bin/../lib/gcc/arm-none-eabi/4.9.3/armv7e-m/fpu/crtbegin.o
 .jcr           0x2000344c        0x4 c:/siliconlabs/simplicitystudio/v4/developer/toolchains/gnu_arm/4.9_2015q3/bin/../lib/gcc/arm-none-eabi/4.9.3/armv7e-m/fpu/crtend.o
                0x20003450                . = ALIGN (0x4)
                0x20003450                __data_end__ = .

.bss            0x20003450     0x1ab4 load address 0x00026574
                0x20003450                . = ALIGN (0x4)
                0x20003450                __bss_start__ = .
 *(.bss*)
 .bss           0x20003450       0x1c c:/siliconlabs/simplicitystudio/v4/developer/toolchains/gnu_arm/4.9_2015q3/bin/../lib/gcc/arm-none-eabi/4.9.3/armv7e-m/fpu/crtbegin.o
 .bss.bg_gattdb_data_attribute_field_2_data
                0x2000346c        0x4 ./gatt_db.o
                0x2000346c                bg_gattdb_data_attribute_field_2_data
 .bss.adcValue  0x20003470        0x4 ./main.o
 .bss.boot_to_dfu
                0x20003474        0x1 ./main.o
                0x20003474                boot_to_dfu
 *fill*         0x20003475        0x3 
 .bss.chTable   0x20003478       0xa0 ./bgapi/dmadrv.o
 .bss.dmaXfer   0x20003518      0x100 ./bgapi/dmadrv.o
 .bss           0x20003618        0x4 C:/SiliconLabs/SimplicityStudio/v4/developer/sdks/gecko_sdk_suite/v1.1//protocol/bluetooth_2.4/lib/EFR32BG1B/GCC/bgapi.a(bgapi_hardware.c.obj)
 .bss           0x2000361c        0x8 C:/SiliconLabs/SimplicityStudio/v4/developer/sdks/gecko_sdk_suite/v1.1//protocol/bluetooth_2.4/lib/EFR32BG1B/GCC/bgapi.a(bgapi_test_lib.c.obj)
 .bss           0x20003624        0x2 C:/SiliconLabs/SimplicityStudio/v4/developer/sdks/gecko_sdk_suite/v1.1//protocol/bluetooth_2.4/lib/EFR32BG1B/GCC/bgapi.a(bgapi_gap.c.obj)
                0x20003624                legacy_maxadv_events
 *fill*         0x20003626        0x2 
 .bss           0x20003628        0x4 C:/SiliconLabs/SimplicityStudio/v4/developer/sdks/gecko_sdk_suite/v1.1//protocol/bluetooth_2.4/lib/EFR32BG1B/GCC/bgapi.a(bgapi_ps.c.obj)
 .bss           0x2000362c        0x4 C:/SiliconLabs/SimplicityStudio/v4/developer/sdks/gecko_sdk_suite/v1.1//protocol/bluetooth_2.4/lib/EFR32BG1B/GCC/bgapi.a(bgapi_sm.c.obj)
 .bss           0x20003630        0x4 C:/SiliconLabs/SimplicityStudio/v4/developer/sdks/gecko_sdk_suite/v1.1//protocol/bluetooth_2.4/lib/EFR32BG1B/GCC/bgapi.a(bgapi_system.c.obj)
 *(COMMON)
 COMMON         0x20003634     0x18d0 ./main.o
                0x20003634                bluetooth_stack_heap
                0x20004f04                . = ALIGN (0x4)
                0x20004f04                __bss_end__ = .

.heap           0x20004f08      0xc00
                0x20004f08                __HeapBase = .
                0x20004f08                __end__ = .
                0x20004f08                end = __end__
                0x20004f08                _end = __end__
 *(.heap*)
 .heap          0x20004f08      0xc00 ./device/EFR32_B_1_1_B/gcc/startup_efr32bg1b.o
                0x20005b08                __HeapLimit = .

.stack_dummy    0x20005b08      0x400
 *(.stack*)
 .stack         0x20005b08      0x400 ./device/EFR32_B_1_1_B/gcc/startup_efr32bg1b.o
                0x20007bfc                __StackTop = (ORIGIN (RAM) + 0x4bfc)
                0x200077fc                __StackLimit = (__StackTop - SIZEOF (.stack_dummy))
                0x20007bfc                PROVIDE (__stack, __StackTop)
                0x00000001                ASSERT ((__StackLimit >= __HeapLimit), region RAM overflowed with stack)
OUTPUT(soc-pwm4.axf elf32-littlearm)

.ARM.attributes
                0x00000000       0x30
 .ARM.attributes
                0x00000000       0x22 c:/siliconlabs/simplicitystudio/v4/developer/toolchains/gnu_arm/4.9_2015q3/bin/../lib/gcc/arm-none-eabi/4.9.3/armv7e-m/fpu/crti.o
 .ARM.attributes
                0x00000022       0x34 c:/siliconlabs/simplicitystudio/v4/developer/toolchains/gnu_arm/4.9_2015q3/bin/../lib/gcc/arm-none-eabi/4.9.3/armv7e-m/fpu/crtbegin.o
 .ARM.attributes
                0x00000056       0x20 c:/siliconlabs/simplicitystudio/v4/developer/toolchains/gnu_arm/4.9_2015q3/bin/../lib/gcc/arm-none-eabi/4.9.3/../../../../arm-none-eabi/lib/armv7e-m/fpu/crt0.o
 .ARM.attributes
                0x00000076       0x39 ./application_properties.o
 .ARM.attributes
                0x000000af       0x39 ./gatt_db.o
 .ARM.attributes
                0x000000e8       0x39 ./main.o
 .ARM.attributes
                0x00000121       0x39 ./bgapi/dmadrv.o
 .ARM.attributes
                0x0000015a       0x39 ./bgapi/em_adc.o
 .ARM.attributes
                0x00000193       0x39 ./device/EFR32_B_1_1_B/gcc/startup_efr32bg1b.o
 .ARM.attributes
                0x000001cc       0x39 ./emlib/em_cmu.o
 .ARM.attributes
                0x00000205       0x39 ./emlib/em_gpio.o
 .ARM.attributes
                0x0000023e       0x39 ./emlib/em_rtcc.o
 .ARM.attributes
                0x00000277       0x39 ./emlib/em_system.o
 .ARM.attributes
                0x000002b0       0x39 ./emlib/em_timer.o
 .ARM.attributes
                0x000002e9       0x39 ./src/InitDevice.o
 .ARM.attributes
                0x00000322       0x39 C:/SiliconLabs/SimplicityStudio/v4/developer/sdks/gecko_sdk_suite/v1.1//protocol/bluetooth_2.4/lib/EFR32BG1B/GCC/bgapi.a(gecko_bgapi_hardware.c.obj)
 .ARM.attributes
                0x0000035b       0x39 C:/SiliconLabs/SimplicityStudio/v4/developer/sdks/gecko_sdk_suite/v1.1//protocol/bluetooth_2.4/lib/EFR32BG1B/GCC/bgapi.a(gecko_bgapi_test.c.obj)
 .ARM.attributes
                0x00000394       0x39 C:/SiliconLabs/SimplicityStudio/v4/developer/sdks/gecko_sdk_suite/v1.1//protocol/bluetooth_2.4/lib/EFR32BG1B/GCC/bgapi.a(gecko_bgapi_dfu.c.obj)
 .ARM.attributes
                0x000003cd       0x39 C:/SiliconLabs/SimplicityStudio/v4/developer/sdks/gecko_sdk_suite/v1.1//protocol/bluetooth_2.4/lib/EFR32BG1B/GCC/bgapi.a(gecko_bgapi_gap.c.obj)
 .ARM.attributes
                0x00000406       0x39 C:/SiliconLabs/SimplicityStudio/v4/developer/sdks/gecko_sdk_suite/v1.1//protocol/bluetooth_2.4/lib/EFR32BG1B/GCC/bgapi.a(gecko_bgapi_gatt.c.obj)
 .ARM.attributes
                0x0000043f       0x39 C:/SiliconLabs/SimplicityStudio/v4/developer/sdks/gecko_sdk_suite/v1.1//protocol/bluetooth_2.4/lib/EFR32BG1B/GCC/bgapi.a(gecko_bgapi_gatt_server.c.obj)
 .ARM.attributes
                0x00000478       0x39 C:/SiliconLabs/SimplicityStudio/v4/developer/sdks/gecko_sdk_suite/v1.1//protocol/bluetooth_2.4/lib/EFR32BG1B/GCC/bgapi.a(gecko_bgapi_flash.c.obj)
 .ARM.attributes
                0x000004b1       0x39 C:/SiliconLabs/SimplicityStudio/v4/developer/sdks/gecko_sdk_suite/v1.1//protocol/bluetooth_2.4/lib/EFR32BG1B/GCC/bgapi.a(gecko_bgapi_sm.c.obj)
 .ARM.attributes
                0x000004ea       0x39 C:/SiliconLabs/SimplicityStudio/v4/developer/sdks/gecko_sdk_suite/v1.1//protocol/bluetooth_2.4/lib/EFR32BG1B/GCC/bgapi.a(gecko_bgapi_system.c.obj)
 .ARM.attributes
                0x00000523       0x39 C:/SiliconLabs/SimplicityStudio/v4/developer/sdks/gecko_sdk_suite/v1.1//protocol/bluetooth_2.4/lib/EFR32BG1B/GCC/bgapi.a(gecko_bgapi_endpoint.c.obj)
 .ARM.attributes
                0x0000055c       0x39 C:/SiliconLabs/SimplicityStudio/v4/developer/sdks/gecko_sdk_suite/v1.1//protocol/bluetooth_2.4/lib/EFR32BG1B/GCC/bgapi.a(gecko_bgapi_le_connection.c.obj)
 .ARM.attributes
                0x00000595       0x39 C:/SiliconLabs/SimplicityStudio/v4/developer/sdks/gecko_sdk_suite/v1.1//protocol/bluetooth_2.4/lib/EFR32BG1B/GCC/bgapi.a(bgapi_hardware.c.obj)
 .ARM.attributes
                0x000005ce       0x39 C:/SiliconLabs/SimplicityStudio/v4/developer/sdks/gecko_sdk_suite/v1.1//protocol/bluetooth_2.4/lib/EFR32BG1B/GCC/bgapi.a(bgapi_test_lib.c.obj)
 .ARM.attributes
                0x00000607       0x39 C:/SiliconLabs/SimplicityStudio/v4/developer/sdks/gecko_sdk_suite/v1.1//protocol/bluetooth_2.4/lib/EFR32BG1B/GCC/bgapi.a(bgapi_dfu.c.obj)
 .ARM.attributes
                0x00000640       0x39 C:/SiliconLabs/SimplicityStudio/v4/developer/sdks/gecko_sdk_suite/v1.1//protocol/bluetooth_2.4/lib/EFR32BG1B/GCC/bgapi.a(bgapi_gap.c.obj)
 .ARM.attributes
                0x00000679       0x39 C:/SiliconLabs/SimplicityStudio/v4/developer/sdks/gecko_sdk_suite/v1.1//protocol/bluetooth_2.4/lib/EFR32BG1B/GCC/bgapi.a(bgapi_gatt_lib.c.obj)
 .ARM.attributes
                0x000006b2       0x39 C:/SiliconLabs/SimplicityStudio/v4/developer/sdks/gecko_sdk_suite/v1.1//protocol/bluetooth_2.4/lib/EFR32BG1B/GCC/bgapi.a(bgapi_ps.c.obj)
 .ARM.attributes
                0x000006eb       0x39 C:/SiliconLabs/SimplicityStudio/v4/developer/sdks/gecko_sdk_suite/v1.1//protocol/bluetooth_2.4/lib/EFR32BG1B/GCC/bgapi.a(bgapi_sm.c.obj)
 .ARM.attributes
                0x00000724       0x39 C:/SiliconLabs/SimplicityStudio/v4/developer/sdks/gecko_sdk_suite/v1.1//protocol/bluetooth_2.4/lib/EFR32BG1B/GCC/bgapi.a(bgapi_system.c.obj)
 .ARM.attributes
                0x0000075d       0x39 C:/SiliconLabs/SimplicityStudio/v4/developer/sdks/gecko_sdk_suite/v1.1//protocol/bluetooth_2.4/lib/EFR32BG1B/GCC/bgapi.a(bgapi_endpoint.c.obj)
 .ARM.attributes
                0x00000796       0x39 C:/SiliconLabs/SimplicityStudio/v4/developer/sdks/gecko_sdk_suite/v1.1//protocol/bluetooth_2.4/lib/EFR32BG1B/GCC/bgapi.a(bgapi_le_connection.c.obj)
 .ARM.attributes
                0x000007cf       0x39 C:/SiliconLabs/SimplicityStudio/v4/developer/sdks/gecko_sdk_suite/v1.1//protocol/bluetooth_2.4/lib/EFR32BG1B/GCC/bgapi.a(gatt_client.c.obj)
 .ARM.attributes
                0x00000808       0x39 C:/SiliconLabs/SimplicityStudio/v4/developer/sdks/gecko_sdk_suite/v1.1//protocol/bluetooth_2.4/lib/EFR32BG1B/GCC/bgapi.a(ubt_gatt_client.c.obj)
 .ARM.attributes
                0x00000841       0x39 C:/SiliconLabs/SimplicityStudio/v4/developer/sdks/gecko_sdk_suite/v1.1//protocol/bluetooth_2.4/lib/EFR32BG1B/GCC/bgapi.a(att_client.c.obj)
 .ARM.attributes
                0x0000087a       0x1c C:/SiliconLabs/SimplicityStudio/v4/developer/sdks/gecko_sdk_suite/v1.1//protocol/bluetooth_2.4/lib/EFR32BG1B/EABI/binstack.o
 .ARM.attributes
                0x00000896       0x1c C:/SiliconLabs/SimplicityStudio/v4/developer/sdks/gecko_sdk_suite/v1.1//protocol/bluetooth_2.4/lib/EFR32BG1B/EABI/binbootloader.o
 .ARM.attributes
                0x000008b2       0x34 c:/siliconlabs/simplicitystudio/v4/developer/toolchains/gnu_arm/4.9_2015q3/bin/../lib/gcc/arm-none-eabi/4.9.3/../../../../arm-none-eabi/lib/armv7e-m/fpu\libc.a(lib_a-exit.o)
 .ARM.attributes
                0x000008e6       0x34 c:/siliconlabs/simplicitystudio/v4/developer/toolchains/gnu_arm/4.9_2015q3/bin/../lib/gcc/arm-none-eabi/4.9.3/../../../../arm-none-eabi/lib/armv7e-m/fpu\libc.a(lib_a-impure.o)
 .ARM.attributes
                0x0000091a       0x34 c:/siliconlabs/simplicitystudio/v4/developer/toolchains/gnu_arm/4.9_2015q3/bin/../lib/gcc/arm-none-eabi/4.9.3/../../../../arm-none-eabi/lib/armv7e-m/fpu\libc.a(lib_a-init.o)
 .ARM.attributes
                0x0000094e       0x34 c:/siliconlabs/simplicitystudio/v4/developer/toolchains/gnu_arm/4.9_2015q3/bin/../lib/gcc/arm-none-eabi/4.9.3/../../../../arm-none-eabi/lib/armv7e-m/fpu\libc.a(lib_a-memcmp.o)
 .ARM.attributes
                0x00000982       0x20 c:/siliconlabs/simplicitystudio/v4/developer/toolchains/gnu_arm/4.9_2015q3/bin/../lib/gcc/arm-none-eabi/4.9.3/../../../../arm-none-eabi/lib/armv7e-m/fpu\libc.a(lib_a-memcpy.o)
 .ARM.attributes
                0x000009a2       0x34 c:/siliconlabs/simplicitystudio/v4/developer/toolchains/gnu_arm/4.9_2015q3/bin/../lib/gcc/arm-none-eabi/4.9.3/../../../../arm-none-eabi/lib/armv7e-m/fpu\libc.a(lib_a-memset.o)
 .ARM.attributes
                0x000009d6       0x34 c:/siliconlabs/simplicitystudio/v4/developer/toolchains/gnu_arm/4.9_2015q3/bin/../lib/gcc/arm-none-eabi/4.9.3/../../../../arm-none-eabi/lib/armv7e-m/fpu\libc.a(lib_a-__call_atexit.o)
 .ARM.attributes
                0x00000a0a       0x34 c:/siliconlabs/simplicitystudio/v4/developer/toolchains/gnu_arm/4.9_2015q3/bin/../lib/gcc/arm-none-eabi/4.9.3/../../../../arm-none-eabi/lib/armv7e-m/fpu\libc.a(lib_a-atexit.o)
 .ARM.attributes
                0x00000a3e       0x34 c:/siliconlabs/simplicitystudio/v4/developer/toolchains/gnu_arm/4.9_2015q3/bin/../lib/gcc/arm-none-eabi/4.9.3/../../../../arm-none-eabi/lib/armv7e-m/fpu\libc.a(lib_a-fini.o)
 .ARM.attributes
                0x00000a72       0x34 c:/siliconlabs/simplicitystudio/v4/developer/toolchains/gnu_arm/4.9_2015q3/bin/../lib/gcc/arm-none-eabi/4.9.3/../../../../arm-none-eabi/lib/armv7e-m/fpu\libc.a(lib_a-__atexit.o)
 .ARM.attributes
                0x00000aa6       0x34 c:/siliconlabs/simplicitystudio/v4/developer/toolchains/gnu_arm/4.9_2015q3/bin/../lib/gcc/arm-none-eabi/4.9.3/../../../../arm-none-eabi/lib/armv7e-m/fpu\libnosys.a(_exit.o)
 .ARM.attributes
                0x00000ada       0x34 c:/siliconlabs/simplicitystudio/v4/developer/toolchains/gnu_arm/4.9_2015q3/bin/../lib/gcc/arm-none-eabi/4.9.3/armv7e-m/fpu/crtend.o
 .ARM.attributes
                0x00000b0e       0x22 c:/siliconlabs/simplicitystudio/v4/developer/toolchains/gnu_arm/4.9_2015q3/bin/../lib/gcc/arm-none-eabi/4.9.3/armv7e-m/fpu/crtn.o

.comment        0x00000000       0xde
 .comment       0x00000000       0x70 ./application_properties.o
                                 0x71 (size before relaxing)
 .comment       0x00000000       0x71 ./gatt_db.o
 .comment       0x00000000       0x71 ./main.o
 .comment       0x00000000       0x71 ./bgapi/dmadrv.o
 .comment       0x00000000       0x71 ./bgapi/em_adc.o
 .comment       0x00000000       0x71 ./device/EFR32_B_1_1_B/gcc/startup_efr32bg1b.o
 .comment       0x00000000       0x71 ./emlib/em_cmu.o
 .comment       0x00000000       0x71 ./emlib/em_gpio.o
 .comment       0x00000000       0x71 ./emlib/em_rtcc.o
 .comment       0x00000000       0x71 ./emlib/em_system.o
 .comment       0x00000000       0x71 ./emlib/em_timer.o
 .comment       0x00000000       0x71 ./src/InitDevice.o
 .comment       0x00000070       0x6e C:/SiliconLabs/SimplicityStudio/v4/developer/sdks/gecko_sdk_suite/v1.1//protocol/bluetooth_2.4/lib/EFR32BG1B/GCC/bgapi.a(gecko_bgapi_hardware.c.obj)
                                 0x6f (size before relaxing)
 .comment       0x00000000       0x6f C:/SiliconLabs/SimplicityStudio/v4/developer/sdks/gecko_sdk_suite/v1.1//protocol/bluetooth_2.4/lib/EFR32BG1B/GCC/bgapi.a(gecko_bgapi_test.c.obj)
 .comment       0x00000000       0x6f C:/SiliconLabs/SimplicityStudio/v4/developer/sdks/gecko_sdk_suite/v1.1//protocol/bluetooth_2.4/lib/EFR32BG1B/GCC/bgapi.a(gecko_bgapi_dfu.c.obj)
 .comment       0x00000000       0x6f C:/SiliconLabs/SimplicityStudio/v4/developer/sdks/gecko_sdk_suite/v1.1//protocol/bluetooth_2.4/lib/EFR32BG1B/GCC/bgapi.a(gecko_bgapi_gap.c.obj)
 .comment       0x00000000       0x6f C:/SiliconLabs/SimplicityStudio/v4/developer/sdks/gecko_sdk_suite/v1.1//protocol/bluetooth_2.4/lib/EFR32BG1B/GCC/bgapi.a(gecko_bgapi_gatt.c.obj)
 .comment       0x00000000       0x6f C:/SiliconLabs/SimplicityStudio/v4/developer/sdks/gecko_sdk_suite/v1.1//protocol/bluetooth_2.4/lib/EFR32BG1B/GCC/bgapi.a(gecko_bgapi_gatt_server.c.obj)
 .comment       0x00000000       0x6f C:/SiliconLabs/SimplicityStudio/v4/developer/sdks/gecko_sdk_suite/v1.1//protocol/bluetooth_2.4/lib/EFR32BG1B/GCC/bgapi.a(gecko_bgapi_flash.c.obj)
 .comment       0x00000000       0x6f C:/SiliconLabs/SimplicityStudio/v4/developer/sdks/gecko_sdk_suite/v1.1//protocol/bluetooth_2.4/lib/EFR32BG1B/GCC/bgapi.a(gecko_bgapi_sm.c.obj)
 .comment       0x00000000       0x6f C:/SiliconLabs/SimplicityStudio/v4/developer/sdks/gecko_sdk_suite/v1.1//protocol/bluetooth_2.4/lib/EFR32BG1B/GCC/bgapi.a(gecko_bgapi_system.c.obj)
 .comment       0x00000000       0x6f C:/SiliconLabs/SimplicityStudio/v4/developer/sdks/gecko_sdk_suite/v1.1//protocol/bluetooth_2.4/lib/EFR32BG1B/GCC/bgapi.a(gecko_bgapi_endpoint.c.obj)
 .comment       0x00000000       0x6f C:/SiliconLabs/SimplicityStudio/v4/developer/sdks/gecko_sdk_suite/v1.1//protocol/bluetooth_2.4/lib/EFR32BG1B/GCC/bgapi.a(gecko_bgapi_le_connection.c.obj)
 .comment       0x00000000       0x6f C:/SiliconLabs/SimplicityStudio/v4/developer/sdks/gecko_sdk_suite/v1.1//protocol/bluetooth_2.4/lib/EFR32BG1B/GCC/bgapi.a(bgapi_hardware.c.obj)
 .comment       0x00000000       0x6f C:/SiliconLabs/SimplicityStudio/v4/developer/sdks/gecko_sdk_suite/v1.1//protocol/bluetooth_2.4/lib/EFR32BG1B/GCC/bgapi.a(bgapi_test_lib.c.obj)
 .comment       0x00000000       0x6f C:/SiliconLabs/SimplicityStudio/v4/developer/sdks/gecko_sdk_suite/v1.1//protocol/bluetooth_2.4/lib/EFR32BG1B/GCC/bgapi.a(bgapi_dfu.c.obj)
 .comment       0x00000000       0x6f C:/SiliconLabs/SimplicityStudio/v4/developer/sdks/gecko_sdk_suite/v1.1//protocol/bluetooth_2.4/lib/EFR32BG1B/GCC/bgapi.a(bgapi_gap.c.obj)
 .comment       0x00000000       0x6f C:/SiliconLabs/SimplicityStudio/v4/developer/sdks/gecko_sdk_suite/v1.1//protocol/bluetooth_2.4/lib/EFR32BG1B/GCC/bgapi.a(bgapi_gatt_lib.c.obj)
 .comment       0x00000000       0x6f C:/SiliconLabs/SimplicityStudio/v4/developer/sdks/gecko_sdk_suite/v1.1//protocol/bluetooth_2.4/lib/EFR32BG1B/GCC/bgapi.a(bgapi_ps.c.obj)
 .comment       0x00000000       0x6f C:/SiliconLabs/SimplicityStudio/v4/developer/sdks/gecko_sdk_suite/v1.1//protocol/bluetooth_2.4/lib/EFR32BG1B/GCC/bgapi.a(bgapi_sm.c.obj)
 .comment       0x00000000       0x6f C:/SiliconLabs/SimplicityStudio/v4/developer/sdks/gecko_sdk_suite/v1.1//protocol/bluetooth_2.4/lib/EFR32BG1B/GCC/bgapi.a(bgapi_system.c.obj)
 .comment       0x00000000       0x6f C:/SiliconLabs/SimplicityStudio/v4/developer/sdks/gecko_sdk_suite/v1.1//protocol/bluetooth_2.4/lib/EFR32BG1B/GCC/bgapi.a(bgapi_endpoint.c.obj)
 .comment       0x00000000       0x6f C:/SiliconLabs/SimplicityStudio/v4/developer/sdks/gecko_sdk_suite/v1.1//protocol/bluetooth_2.4/lib/EFR32BG1B/GCC/bgapi.a(bgapi_le_connection.c.obj)
 .comment       0x00000000       0x6f C:/SiliconLabs/SimplicityStudio/v4/developer/sdks/gecko_sdk_suite/v1.1//protocol/bluetooth_2.4/lib/EFR32BG1B/GCC/bgapi.a(gatt_client.c.obj)
 .comment       0x00000000       0x6f C:/SiliconLabs/SimplicityStudio/v4/developer/sdks/gecko_sdk_suite/v1.1//protocol/bluetooth_2.4/lib/EFR32BG1B/GCC/bgapi.a(ubt_gatt_client.c.obj)
 .comment       0x00000000       0x6f C:/SiliconLabs/SimplicityStudio/v4/developer/sdks/gecko_sdk_suite/v1.1//protocol/bluetooth_2.4/lib/EFR32BG1B/GCC/bgapi.a(att_client.c.obj)

.debug_info     0x00000000    0x116aa
 .debug_info    0x00000000      0x168 ./application_properties.o
 .debug_info    0x00000168      0x58e ./gatt_db.o
 .debug_info    0x000006f6     0x55a8 ./main.o
 .debug_info    0x00005c9e     0x184d ./bgapi/dmadrv.o
 .debug_info    0x000074eb     0x1cb2 ./bgapi/em_adc.o
 .debug_info    0x0000919d      0x1c0 ./device/EFR32_B_1_1_B/gcc/startup_efr32bg1b.o
 .debug_info    0x0000935d     0x2ddd ./emlib/em_cmu.o
 .debug_info    0x0000c13a      0xe6a ./emlib/em_gpio.o
 .debug_info    0x0000cfa4      0x6ec ./emlib/em_rtcc.o
 .debug_info    0x0000d690      0x273 ./emlib/em_system.o
 .debug_info    0x0000d903      0x988 ./emlib/em_timer.o
 .debug_info    0x0000e28b     0x341f ./src/InitDevice.o

.debug_abbrev   0x00000000     0x1b80
 .debug_abbrev  0x00000000       0x97 ./application_properties.o
 .debug_abbrev  0x00000097       0xbd ./gatt_db.o
 .debug_abbrev  0x00000154      0x3c1 ./main.o
 .debug_abbrev  0x00000515      0x380 ./bgapi/dmadrv.o
 .debug_abbrev  0x00000895      0x306 ./bgapi/em_adc.o
 .debug_abbrev  0x00000b9b      0x104 ./device/EFR32_B_1_1_B/gcc/startup_efr32bg1b.o
 .debug_abbrev  0x00000c9f      0x452 ./emlib/em_cmu.o
 .debug_abbrev  0x000010f1      0x2d6 ./emlib/em_gpio.o
 .debug_abbrev  0x000013c7      0x1e2 ./emlib/em_rtcc.o
 .debug_abbrev  0x000015a9      0x116 ./emlib/em_system.o
 .debug_abbrev  0x000016bf      0x1bb ./emlib/em_timer.o
 .debug_abbrev  0x0000187a      0x306 ./src/InitDevice.o

.debug_aranges  0x00000000      0x468
 .debug_aranges
                0x00000000       0x18 ./application_properties.o
 .debug_aranges
                0x00000018       0x18 ./gatt_db.o
 .debug_aranges
                0x00000030       0x30 ./main.o
 .debug_aranges
                0x00000060       0xa0 ./bgapi/dmadrv.o
 .debug_aranges
                0x00000100       0x70 ./bgapi/em_adc.o
 .debug_aranges
                0x00000170       0x28 ./device/EFR32_B_1_1_B/gcc/startup_efr32bg1b.o
 .debug_aranges
                0x00000198      0x118 ./emlib/em_cmu.o
 .debug_aranges
                0x000002b0       0x48 ./emlib/em_gpio.o
 .debug_aranges
                0x000002f8       0x40 ./emlib/em_rtcc.o
 .debug_aranges
                0x00000338       0x28 ./emlib/em_system.o
 .debug_aranges
                0x00000360       0x38 ./emlib/em_timer.o
 .debug_aranges
                0x00000398       0xd0 ./src/InitDevice.o

.debug_line     0x00000000     0x3b1f
 .debug_line    0x00000000      0x1a6 ./application_properties.o
 .debug_line    0x000001a6      0x1a2 ./gatt_db.o
 .debug_line    0x00000348      0x6e9 ./main.o
 .debug_line    0x00000a31      0x66c ./bgapi/dmadrv.o
 .debug_line    0x0000109d      0x564 ./bgapi/em_adc.o
 .debug_line    0x00001601      0x1c8 ./device/EFR32_B_1_1_B/gcc/startup_efr32bg1b.o
 .debug_line    0x000017c9      0xd2a ./emlib/em_cmu.o
 .debug_line    0x000024f3      0x494 ./emlib/em_gpio.o
 .debug_line    0x00002987      0x3ef ./emlib/em_rtcc.o
 .debug_line    0x00002d76      0x30e ./emlib/em_system.o
 .debug_line    0x00003084      0x43d ./emlib/em_timer.o
 .debug_line    0x000034c1      0x65e ./src/InitDevice.o

.debug_str      0x00000000     0xcab2
 .debug_str     0x00000000      0x244 ./application_properties.o
                                0x29b (size before relaxing)
 .debug_str     0x00000244      0x564 ./gatt_db.o
                                0x74b (size before relaxing)
 .debug_str     0x000007a8     0x6689 ./main.o
                               0x6ca7 (size before relaxing)
 .debug_str     0x00006e31      0xf2a ./bgapi/dmadrv.o
                               0x1168 (size before relaxing)
 .debug_str     0x00007d5b     0x2512 ./bgapi/em_adc.o
                               0x2a94 (size before relaxing)
 .debug_str     0x0000a26d       0xf3 ./device/EFR32_B_1_1_B/gcc/startup_efr32bg1b.o
                                0x2a6 (size before relaxing)
 .debug_str     0x0000a360      0xd75 ./emlib/em_cmu.o
                               0x1464 (size before relaxing)
 .debug_str     0x0000b0d5      0x4a3 ./emlib/em_gpio.o
                                0x82c (size before relaxing)
 .debug_str     0x0000b578      0x5cd ./emlib/em_rtcc.o
                                0x7f4 (size before relaxing)
 .debug_str     0x0000bb45      0x127 ./emlib/em_system.o
                                0x2f9 (size before relaxing)
 .debug_str     0x0000bc6c      0x73c ./emlib/em_timer.o
                                0x9cf (size before relaxing)
 .debug_str     0x0000c3a8      0x70a ./src/InitDevice.o
                               0x3f3e (size before relaxing)

.debug_loc      0x00000000     0x4f4f
 .debug_loc     0x00000000      0x1ea ./main.o
 .debug_loc     0x000001ea     0x10da ./bgapi/dmadrv.o
 .debug_loc     0x000012c4      0xc10 ./bgapi/em_adc.o
 .debug_loc     0x00001ed4       0x4b ./device/EFR32_B_1_1_B/gcc/startup_efr32bg1b.o
 .debug_loc     0x00001f1f     0x24af ./emlib/em_cmu.o
 .debug_loc     0x000043ce      0x636 ./emlib/em_gpio.o
 .debug_loc     0x00004a04       0xdc ./emlib/em_rtcc.o
 .debug_loc     0x00004ae0       0x91 ./emlib/em_system.o
 .debug_loc     0x00004b71      0x18c ./emlib/em_timer.o
 .debug_loc     0x00004cfd      0x252 ./src/InitDevice.o

.debug_ranges   0x00000000      0xcd0
 .debug_ranges  0x00000000      0x1a0 ./main.o
 .debug_ranges  0x000001a0       0xa8 ./bgapi/dmadrv.o
 .debug_ranges  0x00000248      0x128 ./bgapi/em_adc.o
 .debug_ranges  0x00000370       0x18 ./device/EFR32_B_1_1_B/gcc/startup_efr32bg1b.o
 .debug_ranges  0x00000388      0x5c0 ./emlib/em_cmu.o
 .debug_ranges  0x00000948      0x1a8 ./emlib/em_gpio.o
 .debug_ranges  0x00000af0       0x70 ./emlib/em_rtcc.o
 .debug_ranges  0x00000b60       0x18 ./emlib/em_system.o
 .debug_ranges  0x00000b78       0x60 ./emlib/em_timer.o
 .debug_ranges  0x00000bd8       0xf8 ./src/InitDevice.o

.debug_frame    0x00000000      0xcdc
 .debug_frame   0x00000000       0x58 ./main.o
 .debug_frame   0x00000058      0x22c ./bgapi/dmadrv.o
 .debug_frame   0x00000284      0x148 ./bgapi/em_adc.o
 .debug_frame   0x000003cc       0x38 ./device/EFR32_B_1_1_B/gcc/startup_efr32bg1b.o
 .debug_frame   0x00000404      0x314 ./emlib/em_cmu.o
 .debug_frame   0x00000718       0xa0 ./emlib/em_gpio.o
 .debug_frame   0x000007b8       0x8c ./emlib/em_rtcc.o
 .debug_frame   0x00000844       0x30 ./emlib/em_system.o
 .debug_frame   0x00000874       0xb0 ./emlib/em_timer.o
 .debug_frame   0x00000924      0x200 ./src/InitDevice.o
 .debug_frame   0x00000b24       0x28 c:/siliconlabs/simplicitystudio/v4/developer/toolchains/gnu_arm/4.9_2015q3/bin/../lib/gcc/arm-none-eabi/4.9.3/../../../../arm-none-eabi/lib/armv7e-m/fpu\libc.a(lib_a-exit.o)
 .debug_frame   0x00000b4c       0x2c c:/siliconlabs/simplicitystudio/v4/developer/toolchains/gnu_arm/4.9_2015q3/bin/../lib/gcc/arm-none-eabi/4.9.3/../../../../arm-none-eabi/lib/armv7e-m/fpu\libc.a(lib_a-init.o)
 .debug_frame   0x00000b78       0x38 c:/siliconlabs/simplicitystudio/v4/developer/toolchains/gnu_arm/4.9_2015q3/bin/../lib/gcc/arm-none-eabi/4.9.3/../../../../arm-none-eabi/lib/armv7e-m/fpu\libc.a(lib_a-memcmp.o)
 .debug_frame   0x00000bb0       0x34 c:/siliconlabs/simplicitystudio/v4/developer/toolchains/gnu_arm/4.9_2015q3/bin/../lib/gcc/arm-none-eabi/4.9.3/../../../../arm-none-eabi/lib/armv7e-m/fpu\libc.a(lib_a-memset.o)
 .debug_frame   0x00000be4       0x50 c:/siliconlabs/simplicitystudio/v4/developer/toolchains/gnu_arm/4.9_2015q3/bin/../lib/gcc/arm-none-eabi/4.9.3/../../../../arm-none-eabi/lib/armv7e-m/fpu\libc.a(lib_a-__call_atexit.o)
 .debug_frame   0x00000c34       0x20 c:/siliconlabs/simplicitystudio/v4/developer/toolchains/gnu_arm/4.9_2015q3/bin/../lib/gcc/arm-none-eabi/4.9.3/../../../../arm-none-eabi/lib/armv7e-m/fpu\libc.a(lib_a-atexit.o)
 .debug_frame   0x00000c54       0x34 c:/siliconlabs/simplicitystudio/v4/developer/toolchains/gnu_arm/4.9_2015q3/bin/../lib/gcc/arm-none-eabi/4.9.3/../../../../arm-none-eabi/lib/armv7e-m/fpu\libc.a(lib_a-fini.o)
 .debug_frame   0x00000c88       0x34 c:/siliconlabs/simplicitystudio/v4/developer/toolchains/gnu_arm/4.9_2015q3/bin/../lib/gcc/arm-none-eabi/4.9.3/../../../../arm-none-eabi/lib/armv7e-m/fpu\libc.a(lib_a-__atexit.o)
 .debug_frame   0x00000cbc       0x20 c:/siliconlabs/simplicitystudio/v4/developer/toolchains/gnu_arm/4.9_2015q3/bin/../lib/gcc/arm-none-eabi/4.9.3/../../../../arm-none-eabi/lib/armv7e-m/fpu\libnosys.a(_exit.o)
